{
	"start":	{
		"connected":	[{
				"socket":	5,
				"local_host":	"10.8.8.1",
				"local_port":	46036,
				"remote_host":	"10.8.8.2",
				"remote_port":	5201
			}],
		"version":	"iperf 3.19.1",
		"system_info":	"Linux caladan 6.12.40 #1-NixOS SMP PREEMPT_DYNAMIC Thu Jul 24 06:56:38 UTC 2025 x86_64",
		"timestamp":	{
			"time":	"Fri, 15 Aug 2025 09:52:03 GMT",
			"timesecs":	1755251523
		},
		"connecting_to":	{
			"host":	"10.8.8.2",
			"port":	5201
		},
		"cookie":	"g6qubhik7l76vjzscqpq2khi54dh4wnf5x75",
		"tcp_mss_default":	1448,
		"target_bitrate":	0,
		"fq_rate":	0,
		"sock_bufsize":	0,
		"sndbuf_actual":	16384,
		"rcvbuf_actual":	131072,
		"test_start":	{
			"protocol":	"TCP",
			"num_streams":	1,
			"blksize":	131072,
			"omit":	0,
			"duration":	10,
			"bytes":	0,
			"blocks":	0,
			"reverse":	0,
			"tos":	0,
			"target_bitrate":	0,
			"bidir":	0,
			"fqrate":	0,
			"interval":	0.1
		}
	},
	"intervals":	[{
			"streams":	[{
					"socket":	5,
					"start":	0,
					"end":	0.10015,
					"seconds":	0.10014999657869339,
					"bytes":	12976128,
					"bits_per_second":	1036535472.2546747,
					"retransmits":	0,
					"snd_cwnd":	305528,
					"snd_wnd":	697600,
					"rtt":	2212,
					"rttvar":	66,
					"pmtu":	1500,
					"omitted":	false,
					"sender":	true
				}],
			"sum":	{
				"start":	0,
				"end":	0.10015,
				"seconds":	0.10014999657869339,
				"bytes":	12976128,
				"bits_per_second":	1036535472.2546747,
				"retransmits":	0,
				"omitted":	false,
				"sender":	true
			}
		}, {
			"streams":	[{
					"socket":	5,
					"start":	0.10015,
					"end":	0.200147,
					"seconds":	0.099996998906135559,
					"bytes":	11534336,
					"bits_per_second":	922774573.331103,
					"retransmits":	0,
					"snd_cwnd":	305528,
					"snd_wnd":	697600,
					"rtt":	2210,
					"rttvar":	60,
					"pmtu":	1500,
					"omitted":	false,
					"sender":	true
				}],
			"sum":	{
				"start":	0.10015,
				"end":	0.200147,
				"seconds":	0.099996998906135559,
				"bytes":	11534336,
				"bits_per_second":	922774573.331103,
				"retransmits":	0,
				"omitted":	false,
				"sender":	true
			}
		}, {
			"streams":	[{
					"socket":	5,
					"start":	0.200147,
					"end":	0.300121,
					"seconds":	0.099973998963832855,
					"bytes":	12058624,
					"bits_per_second":	964940814.61019838,
					"retransmits":	0,
					"snd_cwnd":	305528,
					"snd_wnd":	697600,
					"rtt":	2198,
					"rttvar":	51,
					"pmtu":	1500,
					"omitted":	false,
					"sender":	true
				}],
			"sum":	{
				"start":	0.200147,
				"end":	0.300121,
				"seconds":	0.099973998963832855,
				"bytes":	12058624,
				"bits_per_second":	964940814.61019838,
				"retransmits":	0,
				"omitted":	false,
				"sender":	true
			}
		}, {
			"streams":	[{
					"socket":	5,
					"start":	0.300121,
					"end":	0.400135,
					"seconds":	0.10001400113105774,
					"bytes":	11927552,
					"bits_per_second":	954070579.327805,
					"retransmits":	0,
					"snd_cwnd":	305528,
					"snd_wnd":	697600,
					"rtt":	2235,
					"rttvar":	67,
					"pmtu":	1500,
					"omitted":	false,
					"sender":	true
				}],
			"sum":	{
				"start":	0.300121,
				"end":	0.400135,
				"seconds":	0.10001400113105774,
				"bytes":	11927552,
				"bits_per_second":	954070579.327805,
				"retransmits":	0,
				"omitted":	false,
				"sender":	true
			}
		}, {
			"streams":	[{
					"socket":	5,
					"start":	0.400135,
					"end":	0.500158,
					"seconds":	0.10002300143241882,
					"bytes":	11272192,
					"bits_per_second":	901567986.44888723,
					"retransmits":	0,
					"snd_cwnd":	305528,
					"snd_wnd":	697600,
					"rtt":	2212,
					"rttvar":	68,
					"pmtu":	1500,
					"omitted":	false,
					"sender":	true
				}],
			"sum":	{
				"start":	0.400135,
				"end":	0.500158,
				"seconds":	0.10002300143241882,
				"bytes":	11272192,
				"bits_per_second":	901567986.44888723,
				"retransmits":	0,
				"omitted":	false,
				"sender":	true
			}
		}, {
			"streams":	[{
					"socket":	5,
					"start":	0.500158,
					"end":	0.600116,
					"seconds":	0.09995800256729126,
					"bytes":	11796480,
					"bits_per_second":	944114904.02150965,
					"retransmits":	0,
					"snd_cwnd":	305528,
					"snd_wnd":	697600,
					"rtt":	2214,
					"rttvar":	89,
					"pmtu":	1500,
					"omitted":	false,
					"sender":	true
				}],
			"sum":	{
				"start":	0.500158,
				"end":	0.600116,
				"seconds":	0.09995800256729126,
				"bytes":	11796480,
				"bits_per_second":	944114904.02150965,
				"retransmits":	0,
				"omitted":	false,
				"sender":	true
			}
		}, {
			"streams":	[{
					"socket":	5,
					"start":	0.600116,
					"end":	0.700156,
					"seconds":	0.100040003657341,
					"bytes":	11927552,
					"bits_per_second":	953822596.07702434,
					"retransmits":	0,
					"snd_cwnd":	305528,
					"snd_wnd":	681856,
					"rtt":	2225,
					"rttvar":	55,
					"pmtu":	1500,
					"omitted":	false,
					"sender":	true
				}],
			"sum":	{
				"start":	0.600116,
				"end":	0.700156,
				"seconds":	0.100040003657341,
				"bytes":	11927552,
				"bits_per_second":	953822596.07702434,
				"retransmits":	0,
				"omitted":	false,
				"sender":	true
			}
		}, {
			"streams":	[{
					"socket":	5,
					"start":	0.700156,
					"end":	0.800162,
					"seconds":	0.10000599920749664,
					"bytes":	11927552,
					"bits_per_second":	954146918.74652159,
					"retransmits":	0,
					"snd_cwnd":	305528,
					"snd_wnd":	696192,
					"rtt":	2215,
					"rttvar":	53,
					"pmtu":	1500,
					"omitted":	false,
					"sender":	true
				}],
			"sum":	{
				"start":	0.700156,
				"end":	0.800162,
				"seconds":	0.10000599920749664,
				"bytes":	11927552,
				"bits_per_second":	954146918.74652159,
				"retransmits":	0,
				"omitted":	false,
				"sender":	true
			}
		}, {
			"streams":	[{
					"socket":	5,
					"start":	0.800162,
					"end":	0.900059,
					"seconds":	0.099896997213363647,
					"bytes":	11272192,
					"bits_per_second":	902705171.48173666,
					"retransmits":	0,
					"snd_cwnd":	305528,
					"snd_wnd":	697600,
					"rtt":	2214,
					"rttvar":	68,
					"pmtu":	1500,
					"omitted":	false,
					"sender":	true
				}],
			"sum":	{
				"start":	0.800162,
				"end":	0.900059,
				"seconds":	0.099896997213363647,
				"bytes":	11272192,
				"bits_per_second":	902705171.48173666,
				"retransmits":	0,
				"omitted":	false,
				"sender":	true
			}
		}, {
			"streams":	[{
					"socket":	5,
					"start":	0.900059,
					"end":	1.000162,
					"seconds":	0.100102998316288,
					"bytes":	12189696,
					"bits_per_second":	974172298.93435359,
					"retransmits":	0,
					"snd_cwnd":	305528,
					"snd_wnd":	697600,
					"rtt":	2213,
					"rttvar":	63,
					"pmtu":	1500,
					"omitted":	false,
					"sender":	true
				}],
			"sum":	{
				"start":	0.900059,
				"end":	1.000162,
				"seconds":	0.100102998316288,
				"bytes":	12189696,
				"bits_per_second":	974172298.93435359,
				"retransmits":	0,
				"omitted":	false,
				"sender":	true
			}
		}, {
			"streams":	[{
					"socket":	5,
					"start":	1.000162,
					"end":	1.100048,
					"seconds":	0.0998860001564026,
					"bytes":	11534336,
					"bits_per_second":	923800010.56719947,
					"retransmits":	0,
					"snd_cwnd":	305528,
					"snd_wnd":	697600,
					"rtt":	2238,
					"rttvar":	53,
					"pmtu":	1500,
					"omitted":	false,
					"sender":	true
				}],
			"sum":	{
				"start":	1.000162,
				"end":	1.100048,
				"seconds":	0.0998860001564026,
				"bytes":	11534336,
				"bits_per_second":	923800010.56719947,
				"retransmits":	0,
				"omitted":	false,
				"sender":	true
			}
		}, {
			"streams":	[{
					"socket":	5,
					"start":	1.100048,
					"end":	1.200167,
					"seconds":	0.10011900216341019,
					"bytes":	11796480,
					"bits_per_second":	942596689.547206,
					"retransmits":	0,
					"snd_cwnd":	305528,
					"snd_wnd":	697600,
					"rtt":	2216,
					"rttvar":	61,
					"pmtu":	1500,
					"omitted":	false,
					"sender":	true
				}],
			"sum":	{
				"start":	1.100048,
				"end":	1.200167,
				"seconds":	0.10011900216341019,
				"bytes":	11796480,
				"bits_per_second":	942596689.547206,
				"retransmits":	0,
				"omitted":	false,
				"sender":	true
			}
		}, {
			"streams":	[{
					"socket":	5,
					"start":	1.200167,
					"end":	1.300165,
					"seconds":	0.099997997283935547,
					"bytes":	11403264,
					"bits_per_second":	912279390.3659035,
					"retransmits":	0,
					"snd_cwnd":	305528,
					"snd_wnd":	697600,
					"rtt":	2240,
					"rttvar":	59,
					"pmtu":	1500,
					"omitted":	false,
					"sender":	true
				}],
			"sum":	{
				"start":	1.200167,
				"end":	1.300165,
				"seconds":	0.099997997283935547,
				"bytes":	11403264,
				"bits_per_second":	912279390.3659035,
				"retransmits":	0,
				"omitted":	false,
				"sender":	true
			}
		}, {
			"streams":	[{
					"socket":	5,
					"start":	1.300165,
					"end":	1.400162,
					"seconds":	0.099996998906135559,
					"bytes":	11927552,
					"bits_per_second":	954232797.421936,
					"retransmits":	0,
					"snd_cwnd":	305528,
					"snd_wnd":	697600,
					"rtt":	2208,
					"rttvar":	69,
					"pmtu":	1500,
					"omitted":	false,
					"sender":	true
				}],
			"sum":	{
				"start":	1.300165,
				"end":	1.400162,
				"seconds":	0.099996998906135559,
				"bytes":	11927552,
				"bits_per_second":	954232797.421936,
				"retransmits":	0,
				"omitted":	false,
				"sender":	true
			}
		}, {
			"streams":	[{
					"socket":	5,
					"start":	1.400162,
					"end":	1.500057,
					"seconds":	0.099895000457763672,
					"bytes":	11927552,
					"bits_per_second":	955207123.106671,
					"retransmits":	0,
					"snd_cwnd":	305528,
					"snd_wnd":	683264,
					"rtt":	2219,
					"rttvar":	90,
					"pmtu":	1500,
					"omitted":	false,
					"sender":	true
				}],
			"sum":	{
				"start":	1.400162,
				"end":	1.500057,
				"seconds":	0.099895000457763672,
				"bytes":	11927552,
				"bits_per_second":	955207123.106671,
				"retransmits":	0,
				"omitted":	false,
				"sender":	true
			}
		}, {
			"streams":	[{
					"socket":	5,
					"start":	1.500057,
					"end":	1.600142,
					"seconds":	0.10008499771356583,
					"bytes":	11796480,
					"bits_per_second":	942916942.15834057,
					"retransmits":	0,
					"snd_cwnd":	305528,
					"snd_wnd":	697600,
					"rtt":	2229,
					"rttvar":	49,
					"pmtu":	1500,
					"omitted":	false,
					"sender":	true
				}],
			"sum":	{
				"start":	1.500057,
				"end":	1.600142,
				"seconds":	0.10008499771356583,
				"bytes":	11796480,
				"bits_per_second":	942916942.15834057,
				"retransmits":	0,
				"omitted":	false,
				"sender":	true
			}
		}, {
			"streams":	[{
					"socket":	5,
					"start":	1.600142,
					"end":	1.700162,
					"seconds":	0.10001999884843826,
					"bytes":	11272192,
					"bits_per_second":	901595051.37214923,
					"retransmits":	0,
					"snd_cwnd":	305528,
					"snd_wnd":	697600,
					"rtt":	2215,
					"rttvar":	48,
					"pmtu":	1500,
					"omitted":	false,
					"sender":	true
				}],
			"sum":	{
				"start":	1.600142,
				"end":	1.700162,
				"seconds":	0.10001999884843826,
				"bytes":	11272192,
				"bits_per_second":	901595051.37214923,
				"retransmits":	0,
				"omitted":	false,
				"sender":	true
			}
		}, {
			"streams":	[{
					"socket":	5,
					"start":	1.700162,
					"end":	1.800137,
					"seconds":	0.099974997341632843,
					"bytes":	11927552,
					"bits_per_second":	954442796.07161176,
					"retransmits":	0,
					"snd_cwnd":	305528,
					"snd_wnd":	697600,
					"rtt":	2235,
					"rttvar":	78,
					"pmtu":	1500,
					"omitted":	false,
					"sender":	true
				}],
			"sum":	{
				"start":	1.700162,
				"end":	1.800137,
				"seconds":	0.099974997341632843,
				"bytes":	11927552,
				"bits_per_second":	954442796.07161176,
				"retransmits":	0,
				"omitted":	false,
				"sender":	true
			}
		}, {
			"streams":	[{
					"socket":	5,
					"start":	1.800137,
					"end":	1.900075,
					"seconds":	0.0999379977583885,
					"bytes":	11927552,
					"bits_per_second":	954796155.018932,
					"retransmits":	0,
					"snd_cwnd":	305528,
					"snd_wnd":	697600,
					"rtt":	2203,
					"rttvar":	70,
					"pmtu":	1500,
					"omitted":	false,
					"sender":	true
				}],
			"sum":	{
				"start":	1.800137,
				"end":	1.900075,
				"seconds":	0.0999379977583885,
				"bytes":	11927552,
				"bits_per_second":	954796155.018932,
				"retransmits":	0,
				"omitted":	false,
				"sender":	true
			}
		}, {
			"streams":	[{
					"socket":	5,
					"start":	1.900075,
					"end":	2.000142,
					"seconds":	0.10006699711084366,
					"bytes":	11927552,
					"bits_per_second":	953565298.79979646,
					"retransmits":	0,
					"snd_cwnd":	305528,
					"snd_wnd":	697600,
					"rtt":	2204,
					"rttvar":	90,
					"pmtu":	1500,
					"omitted":	false,
					"sender":	true
				}],
			"sum":	{
				"start":	1.900075,
				"end":	2.000142,
				"seconds":	0.10006699711084366,
				"bytes":	11927552,
				"bits_per_second":	953565298.79979646,
				"retransmits":	0,
				"omitted":	false,
				"sender":	true
			}
		}, {
			"streams":	[{
					"socket":	5,
					"start":	2.000142,
					"end":	2.100149,
					"seconds":	0.10000699758529663,
					"bytes":	11272192,
					"bits_per_second":	901712261.91534233,
					"retransmits":	0,
					"snd_cwnd":	305528,
					"snd_wnd":	697600,
					"rtt":	2220,
					"rttvar":	54,
					"pmtu":	1500,
					"omitted":	false,
					"sender":	true
				}],
			"sum":	{
				"start":	2.000142,
				"end":	2.100149,
				"seconds":	0.10000699758529663,
				"bytes":	11272192,
				"bits_per_second":	901712261.91534233,
				"retransmits":	0,
				"omitted":	false,
				"sender":	true
			}
		}, {
			"streams":	[{
					"socket":	5,
					"start":	2.100149,
					"end":	2.200176,
					"seconds":	0.10002700239419937,
					"bytes":	12320768,
					"bits_per_second":	985395359.660562,
					"retransmits":	0,
					"snd_cwnd":	305528,
					"snd_wnd":	681728,
					"rtt":	2215,
					"rttvar":	55,
					"pmtu":	1500,
					"omitted":	false,
					"sender":	true
				}],
			"sum":	{
				"start":	2.100149,
				"end":	2.200176,
				"seconds":	0.10002700239419937,
				"bytes":	12320768,
				"bits_per_second":	985395359.660562,
				"retransmits":	0,
				"omitted":	false,
				"sender":	true
			}
		}, {
			"streams":	[{
					"socket":	5,
					"start":	2.200176,
					"end":	2.30017,
					"seconds":	0.099993996322155,
					"bytes":	11534336,
					"bits_per_second":	922802282.07616222,
					"retransmits":	0,
					"snd_cwnd":	328696,
					"snd_wnd":	697600,
					"rtt":	2225,
					"rttvar":	64,
					"pmtu":	1500,
					"omitted":	false,
					"sender":	true
				}],
			"sum":	{
				"start":	2.200176,
				"end":	2.30017,
				"seconds":	0.099993996322155,
				"bytes":	11534336,
				"bits_per_second":	922802282.07616222,
				"retransmits":	0,
				"omitted":	false,
				"sender":	true
			}
		}, {
			"streams":	[{
					"socket":	5,
					"start":	2.30017,
					"end":	2.400165,
					"seconds":	0.0999950021505356,
					"bytes":	11927552,
					"bits_per_second":	954251852.071078,
					"retransmits":	0,
					"snd_cwnd":	328696,
					"snd_wnd":	697600,
					"rtt":	2316,
					"rttvar":	67,
					"pmtu":	1500,
					"omitted":	false,
					"sender":	true
				}],
			"sum":	{
				"start":	2.30017,
				"end":	2.400165,
				"seconds":	0.0999950021505356,
				"bytes":	11927552,
				"bits_per_second":	954251852.071078,
				"retransmits":	0,
				"omitted":	false,
				"sender":	true
			}
		}, {
			"streams":	[{
					"socket":	5,
					"start":	2.400165,
					"end":	2.500165,
					"seconds":	0.10000000149011612,
					"bytes":	11927552,
					"bits_per_second":	954204145.78125024,
					"retransmits":	0,
					"snd_cwnd":	328696,
					"snd_wnd":	697600,
					"rtt":	2328,
					"rttvar":	87,
					"pmtu":	1500,
					"omitted":	false,
					"sender":	true
				}],
			"sum":	{
				"start":	2.400165,
				"end":	2.500165,
				"seconds":	0.10000000149011612,
				"bytes":	11927552,
				"bits_per_second":	954204145.78125024,
				"retransmits":	0,
				"omitted":	false,
				"sender":	true
			}
		}, {
			"streams":	[{
					"socket":	5,
					"start":	2.500165,
					"end":	2.600131,
					"seconds":	0.099965997040271759,
					"bytes":	11796480,
					"bits_per_second":	944039401.33745551,
					"retransmits":	0,
					"snd_cwnd":	328696,
					"snd_wnd":	693376,
					"rtt":	2231,
					"rttvar":	58,
					"pmtu":	1500,
					"omitted":	false,
					"sender":	true
				}],
			"sum":	{
				"start":	2.500165,
				"end":	2.600131,
				"seconds":	0.099965997040271759,
				"bytes":	11796480,
				"bits_per_second":	944039401.33745551,
				"retransmits":	0,
				"omitted":	false,
				"sender":	true
			}
		}, {
			"streams":	[{
					"socket":	5,
					"start":	2.600131,
					"end":	2.700059,
					"seconds":	0.099927999079227448,
					"bytes":	11141120,
					"bits_per_second":	891931799.108021,
					"retransmits":	0,
					"snd_cwnd":	328696,
					"snd_wnd":	697600,
					"rtt":	2304,
					"rttvar":	112,
					"pmtu":	1500,
					"omitted":	false,
					"sender":	true
				}],
			"sum":	{
				"start":	2.600131,
				"end":	2.700059,
				"seconds":	0.099927999079227448,
				"bytes":	11141120,
				"bits_per_second":	891931799.108021,
				"retransmits":	0,
				"omitted":	false,
				"sender":	true
			}
		}, {
			"streams":	[{
					"socket":	5,
					"start":	2.700059,
					"end":	2.800046,
					"seconds":	0.0999870002269745,
					"bytes":	11796480,
					"bits_per_second":	943841097.20035756,
					"retransmits":	0,
					"snd_cwnd":	328696,
					"snd_wnd":	697600,
					"rtt":	2321,
					"rttvar":	92,
					"pmtu":	1500,
					"omitted":	false,
					"sender":	true
				}],
			"sum":	{
				"start":	2.700059,
				"end":	2.800046,
				"seconds":	0.0999870002269745,
				"bytes":	11796480,
				"bits_per_second":	943841097.20035756,
				"retransmits":	0,
				"omitted":	false,
				"sender":	true
			}
		}, {
			"streams":	[{
					"socket":	5,
					"start":	2.800046,
					"end":	2.900163,
					"seconds":	0.10011699795722961,
					"bytes":	11796480,
					"bits_per_second":	942615559.05138135,
					"retransmits":	0,
					"snd_cwnd":	328696,
					"snd_wnd":	697600,
					"rtt":	2207,
					"rttvar":	72,
					"pmtu":	1500,
					"omitted":	false,
					"sender":	true
				}],
			"sum":	{
				"start":	2.800046,
				"end":	2.900163,
				"seconds":	0.10011699795722961,
				"bytes":	11796480,
				"bits_per_second":	942615559.05138135,
				"retransmits":	0,
				"omitted":	false,
				"sender":	true
			}
		}, {
			"streams":	[{
					"socket":	5,
					"start":	2.900163,
					"end":	3.000161,
					"seconds":	0.099997997283935547,
					"bytes":	11927552,
					"bits_per_second":	954223270.38272667,
					"retransmits":	0,
					"snd_cwnd":	328696,
					"snd_wnd":	697600,
					"rtt":	2273,
					"rttvar":	54,
					"pmtu":	1500,
					"omitted":	false,
					"sender":	true
				}],
			"sum":	{
				"start":	2.900163,
				"end":	3.000161,
				"seconds":	0.099997997283935547,
				"bytes":	11927552,
				"bits_per_second":	954223270.38272667,
				"retransmits":	0,
				"omitted":	false,
				"sender":	true
			}
		}, {
			"streams":	[{
					"socket":	5,
					"start":	3.000161,
					"end":	3.100164,
					"seconds":	0.10000299662351608,
					"bytes":	11665408,
					"bits_per_second":	933204675.36924469,
					"retransmits":	0,
					"snd_cwnd":	328696,
					"snd_wnd":	694784,
					"rtt":	2245,
					"rttvar":	59,
					"pmtu":	1500,
					"omitted":	false,
					"sender":	true
				}],
			"sum":	{
				"start":	3.000161,
				"end":	3.100164,
				"seconds":	0.10000299662351608,
				"bytes":	11665408,
				"bits_per_second":	933204675.36924469,
				"retransmits":	0,
				"omitted":	false,
				"sender":	true
			}
		}, {
			"streams":	[{
					"socket":	5,
					"start":	3.100164,
					"end":	3.200157,
					"seconds":	0.099992997944355,
					"bytes":	11796480,
					"bits_per_second":	943784484.31476045,
					"retransmits":	0,
					"snd_cwnd":	328696,
					"snd_wnd":	697600,
					"rtt":	2354,
					"rttvar":	78,
					"pmtu":	1500,
					"omitted":	false,
					"sender":	true
				}],
			"sum":	{
				"start":	3.100164,
				"end":	3.200157,
				"seconds":	0.099992997944355,
				"bytes":	11796480,
				"bits_per_second":	943784484.31476045,
				"retransmits":	0,
				"omitted":	false,
				"sender":	true
			}
		}, {
			"streams":	[{
					"socket":	5,
					"start":	3.200157,
					"end":	3.300128,
					"seconds":	0.0999709963798523,
					"bytes":	11796480,
					"bits_per_second":	943992191.90956545,
					"retransmits":	0,
					"snd_cwnd":	328696,
					"snd_wnd":	697600,
					"rtt":	2298,
					"rttvar":	70,
					"pmtu":	1500,
					"omitted":	false,
					"sender":	true
				}],
			"sum":	{
				"start":	3.200157,
				"end":	3.300128,
				"seconds":	0.0999709963798523,
				"bytes":	11796480,
				"bits_per_second":	943992191.90956545,
				"retransmits":	0,
				"omitted":	false,
				"sender":	true
			}
		}, {
			"streams":	[{
					"socket":	5,
					"start":	3.300128,
					"end":	3.400123,
					"seconds":	0.0999950021505356,
					"bytes":	11796480,
					"bits_per_second":	943765567.9823848,
					"retransmits":	0,
					"snd_cwnd":	328696,
					"snd_wnd":	697600,
					"rtt":	2235,
					"rttvar":	75,
					"pmtu":	1500,
					"omitted":	false,
					"sender":	true
				}],
			"sum":	{
				"start":	3.300128,
				"end":	3.400123,
				"seconds":	0.0999950021505356,
				"bytes":	11796480,
				"bits_per_second":	943765567.9823848,
				"retransmits":	0,
				"omitted":	false,
				"sender":	true
			}
		}, {
			"streams":	[{
					"socket":	5,
					"start":	3.400123,
					"end":	3.500125,
					"seconds":	0.10000199824571609,
					"bytes":	11796480,
					"bits_per_second":	943699542.564318,
					"retransmits":	0,
					"snd_cwnd":	328696,
					"snd_wnd":	697600,
					"rtt":	2227,
					"rttvar":	52,
					"pmtu":	1500,
					"omitted":	false,
					"sender":	true
				}],
			"sum":	{
				"start":	3.400123,
				"end":	3.500125,
				"seconds":	0.10000199824571609,
				"bytes":	11796480,
				"bits_per_second":	943699542.564318,
				"retransmits":	0,
				"omitted":	false,
				"sender":	true
			}
		}, {
			"streams":	[{
					"socket":	5,
					"start":	3.500125,
					"end":	3.600134,
					"seconds":	0.1000090017914772,
					"bytes":	11796480,
					"bits_per_second":	943633456.08397424,
					"retransmits":	0,
					"snd_cwnd":	328696,
					"snd_wnd":	681728,
					"rtt":	2336,
					"rttvar":	87,
					"pmtu":	1500,
					"omitted":	false,
					"sender":	true
				}],
			"sum":	{
				"start":	3.500125,
				"end":	3.600134,
				"seconds":	0.1000090017914772,
				"bytes":	11796480,
				"bits_per_second":	943633456.08397424,
				"retransmits":	0,
				"omitted":	false,
				"sender":	true
			}
		}, {
			"streams":	[{
					"socket":	5,
					"start":	3.600134,
					"end":	3.700149,
					"seconds":	0.10001499950885773,
					"bytes":	11927552,
					"bits_per_second":	954061055.527468,
					"retransmits":	0,
					"snd_cwnd":	360552,
					"snd_wnd":	993152,
					"rtt":	2370,
					"rttvar":	71,
					"pmtu":	1500,
					"omitted":	false,
					"sender":	true
				}],
			"sum":	{
				"start":	3.600134,
				"end":	3.700149,
				"seconds":	0.10001499950885773,
				"bytes":	11927552,
				"bits_per_second":	954061055.527468,
				"retransmits":	0,
				"omitted":	false,
				"sender":	true
			}
		}, {
			"streams":	[{
					"socket":	5,
					"start":	3.700149,
					"end":	3.800149,
					"seconds":	0.10000000149011612,
					"bytes":	11927552,
					"bits_per_second":	954204145.78125024,
					"retransmits":	0,
					"snd_cwnd":	360552,
					"snd_wnd":	993152,
					"rtt":	2353,
					"rttvar":	72,
					"pmtu":	1500,
					"omitted":	false,
					"sender":	true
				}],
			"sum":	{
				"start":	3.700149,
				"end":	3.800149,
				"seconds":	0.10000000149011612,
				"bytes":	11927552,
				"bits_per_second":	954204145.78125024,
				"retransmits":	0,
				"omitted":	false,
				"sender":	true
			}
		}, {
			"streams":	[{
					"socket":	5,
					"start":	3.800149,
					"end":	3.900125,
					"seconds":	0.099976003170013428,
					"bytes":	11272192,
					"bits_per_second":	901991809.4410044,
					"retransmits":	0,
					"snd_cwnd":	360552,
					"snd_wnd":	993152,
					"rtt":	2344,
					"rttvar":	73,
					"pmtu":	1500,
					"omitted":	false,
					"sender":	true
				}],
			"sum":	{
				"start":	3.800149,
				"end":	3.900125,
				"seconds":	0.099976003170013428,
				"bytes":	11272192,
				"bits_per_second":	901991809.4410044,
				"retransmits":	0,
				"omitted":	false,
				"sender":	true
			}
		}, {
			"streams":	[{
					"socket":	5,
					"start":	3.900125,
					"end":	4.000087,
					"seconds":	0.0999620035290718,
					"bytes":	11927552,
					"bits_per_second":	954566861.72010362,
					"retransmits":	0,
					"snd_cwnd":	360552,
					"snd_wnd":	988928,
					"rtt":	2340,
					"rttvar":	59,
					"pmtu":	1500,
					"omitted":	false,
					"sender":	true
				}],
			"sum":	{
				"start":	3.900125,
				"end":	4.000087,
				"seconds":	0.0999620035290718,
				"bytes":	11927552,
				"bits_per_second":	954566861.72010362,
				"retransmits":	0,
				"omitted":	false,
				"sender":	true
			}
		}, {
			"streams":	[{
					"socket":	5,
					"start":	4.000087,
					"end":	4.100174,
					"seconds":	0.1000870019197464,
					"bytes":	11927552,
					"bits_per_second":	953374705.7036612,
					"retransmits":	0,
					"snd_cwnd":	360552,
					"snd_wnd":	977280,
					"rtt":	2350,
					"rttvar":	90,
					"pmtu":	1500,
					"omitted":	false,
					"sender":	true
				}],
			"sum":	{
				"start":	4.000087,
				"end":	4.100174,
				"seconds":	0.1000870019197464,
				"bytes":	11927552,
				"bits_per_second":	953374705.7036612,
				"retransmits":	0,
				"omitted":	false,
				"sender":	true
			}
		}, {
			"streams":	[{
					"socket":	5,
					"start":	4.100174,
					"end":	4.200163,
					"seconds":	0.099988996982574463,
					"bytes":	11534336,
					"bits_per_second":	922848421.172593,
					"retransmits":	0,
					"snd_cwnd":	360552,
					"snd_wnd":	993152,
					"rtt":	2349,
					"rttvar":	62,
					"pmtu":	1500,
					"omitted":	false,
					"sender":	true
				}],
			"sum":	{
				"start":	4.100174,
				"end":	4.200163,
				"seconds":	0.099988996982574463,
				"bytes":	11534336,
				"bits_per_second":	922848421.172593,
				"retransmits":	0,
				"omitted":	false,
				"sender":	true
			}
		}, {
			"streams":	[{
					"socket":	5,
					"start":	4.200163,
					"end":	4.300155,
					"seconds":	0.099991999566555023,
					"bytes":	12189696,
					"bits_per_second":	975253704.52355,
					"retransmits":	0,
					"snd_cwnd":	360552,
					"snd_wnd":	993152,
					"rtt":	2354,
					"rttvar":	53,
					"pmtu":	1500,
					"omitted":	false,
					"sender":	true
				}],
			"sum":	{
				"start":	4.200163,
				"end":	4.300155,
				"seconds":	0.099991999566555023,
				"bytes":	12189696,
				"bits_per_second":	975253704.52355,
				"retransmits":	0,
				"omitted":	false,
				"sender":	true
			}
		}, {
			"streams":	[{
					"socket":	5,
					"start":	4.300155,
					"end":	4.400147,
					"seconds":	0.099991999566555023,
					"bytes":	11272192,
					"bits_per_second":	901847511.70994949,
					"retransmits":	0,
					"snd_cwnd":	360552,
					"snd_wnd":	993152,
					"rtt":	2344,
					"rttvar":	69,
					"pmtu":	1500,
					"omitted":	false,
					"sender":	true
				}],
			"sum":	{
				"start":	4.300155,
				"end":	4.400147,
				"seconds":	0.099991999566555023,
				"bytes":	11272192,
				"bits_per_second":	901847511.70994949,
				"retransmits":	0,
				"omitted":	false,
				"sender":	true
			}
		}, {
			"streams":	[{
					"socket":	5,
					"start":	4.400147,
					"end":	4.500057,
					"seconds":	0.0999099984765053,
					"bytes":	12058624,
					"bits_per_second":	965558937.75421822,
					"retransmits":	0,
					"snd_cwnd":	360552,
					"snd_wnd":	977408,
					"rtt":	2345,
					"rttvar":	76,
					"pmtu":	1500,
					"omitted":	false,
					"sender":	true
				}],
			"sum":	{
				"start":	4.400147,
				"end":	4.500057,
				"seconds":	0.0999099984765053,
				"bytes":	12058624,
				"bits_per_second":	965558937.75421822,
				"retransmits":	0,
				"omitted":	false,
				"sender":	true
			}
		}, {
			"streams":	[{
					"socket":	5,
					"start":	4.500057,
					"end":	4.60012,
					"seconds":	0.10006300359964371,
					"bytes":	11534336,
					"bits_per_second":	922165882.29946518,
					"retransmits":	0,
					"snd_cwnd":	360552,
					"snd_wnd":	993152,
					"rtt":	2361,
					"rttvar":	68,
					"pmtu":	1500,
					"omitted":	false,
					"sender":	true
				}],
			"sum":	{
				"start":	4.500057,
				"end":	4.60012,
				"seconds":	0.10006300359964371,
				"bytes":	11534336,
				"bits_per_second":	922165882.29946518,
				"retransmits":	0,
				"omitted":	false,
				"sender":	true
			}
		}, {
			"streams":	[{
					"socket":	5,
					"start":	4.60012,
					"end":	4.70017,
					"seconds":	0.10005000233650208,
					"bytes":	11927552,
					"bits_per_second":	953727274.079103,
					"retransmits":	0,
					"snd_cwnd":	360552,
					"snd_wnd":	993152,
					"rtt":	2326,
					"rttvar":	69,
					"pmtu":	1500,
					"omitted":	false,
					"sender":	true
				}],
			"sum":	{
				"start":	4.60012,
				"end":	4.70017,
				"seconds":	0.10005000233650208,
				"bytes":	11927552,
				"bits_per_second":	953727274.079103,
				"retransmits":	0,
				"omitted":	false,
				"sender":	true
			}
		}, {
			"streams":	[{
					"socket":	5,
					"start":	4.70017,
					"end":	4.800145,
					"seconds":	0.099974997341632843,
					"bytes":	11665408,
					"bits_per_second":	933466031.322785,
					"retransmits":	0,
					"snd_cwnd":	360552,
					"snd_wnd":	993152,
					"rtt":	2357,
					"rttvar":	74,
					"pmtu":	1500,
					"omitted":	false,
					"sender":	true
				}],
			"sum":	{
				"start":	4.70017,
				"end":	4.800145,
				"seconds":	0.099974997341632843,
				"bytes":	11665408,
				"bits_per_second":	933466031.322785,
				"retransmits":	0,
				"omitted":	false,
				"sender":	true
			}
		}, {
			"streams":	[{
					"socket":	5,
					"start":	4.800145,
					"end":	4.900146,
					"seconds":	0.10000099986791611,
					"bytes":	12058624,
					"bits_per_second":	964680274.47144258,
					"retransmits":	0,
					"snd_cwnd":	360552,
					"snd_wnd":	993152,
					"rtt":	2359,
					"rttvar":	73,
					"pmtu":	1500,
					"omitted":	false,
					"sender":	true
				}],
			"sum":	{
				"start":	4.800145,
				"end":	4.900146,
				"seconds":	0.10000099986791611,
				"bytes":	12058624,
				"bits_per_second":	964680274.47144258,
				"retransmits":	0,
				"omitted":	false,
				"sender":	true
			}
		}, {
			"streams":	[{
					"socket":	5,
					"start":	4.900146,
					"end":	5.000156,
					"seconds":	0.10001000016927719,
					"bytes":	11272192,
					"bits_per_second":	901685189.9546572,
					"retransmits":	0,
					"snd_cwnd":	360552,
					"snd_wnd":	993152,
					"rtt":	2346,
					"rttvar":	66,
					"pmtu":	1500,
					"omitted":	false,
					"sender":	true
				}],
			"sum":	{
				"start":	4.900146,
				"end":	5.000156,
				"seconds":	0.10001000016927719,
				"bytes":	11272192,
				"bits_per_second":	901685189.9546572,
				"retransmits":	0,
				"omitted":	false,
				"sender":	true
			}
		}, {
			"streams":	[{
					"socket":	5,
					"start":	5.000156,
					"end":	5.100062,
					"seconds":	0.099905997514724731,
					"bytes":	12058624,
					"bits_per_second":	965597605.74716079,
					"retransmits":	0,
					"snd_cwnd":	360552,
					"snd_wnd":	993152,
					"rtt":	2370,
					"rttvar":	64,
					"pmtu":	1500,
					"omitted":	false,
					"sender":	true
				}],
			"sum":	{
				"start":	5.000156,
				"end":	5.100062,
				"seconds":	0.099905997514724731,
				"bytes":	12058624,
				"bits_per_second":	965597605.74716079,
				"retransmits":	0,
				"omitted":	false,
				"sender":	true
			}
		}, {
			"streams":	[{
					"socket":	5,
					"start":	5.100062,
					"end":	5.200154,
					"seconds":	0.10009200125932693,
					"bytes":	11927552,
					"bits_per_second":	953327087.074387,
					"retransmits":	0,
					"snd_cwnd":	360552,
					"snd_wnd":	993152,
					"rtt":	2345,
					"rttvar":	61,
					"pmtu":	1500,
					"omitted":	false,
					"sender":	true
				}],
			"sum":	{
				"start":	5.100062,
				"end":	5.200154,
				"seconds":	0.10009200125932693,
				"bytes":	11927552,
				"bits_per_second":	953327087.074387,
				"retransmits":	0,
				"omitted":	false,
				"sender":	true
			}
		}, {
			"streams":	[{
					"socket":	5,
					"start":	5.200154,
					"end":	5.300157,
					"seconds":	0.10000299662351608,
					"bytes":	11927552,
					"bits_per_second":	954175566.950576,
					"retransmits":	0,
					"snd_cwnd":	360552,
					"snd_wnd":	993152,
					"rtt":	2370,
					"rttvar":	65,
					"pmtu":	1500,
					"omitted":	false,
					"sender":	true
				}],
			"sum":	{
				"start":	5.200154,
				"end":	5.300157,
				"seconds":	0.10000299662351608,
				"bytes":	11927552,
				"bits_per_second":	954175566.950576,
				"retransmits":	0,
				"omitted":	false,
				"sender":	true
			}
		}, {
			"streams":	[{
					"socket":	5,
					"start":	5.300157,
					"end":	5.400161,
					"seconds":	0.10000400245189667,
					"bytes":	11272192,
					"bits_per_second":	901739268.31955218,
					"retransmits":	0,
					"snd_cwnd":	360552,
					"snd_wnd":	993152,
					"rtt":	2322,
					"rttvar":	71,
					"pmtu":	1500,
					"omitted":	false,
					"sender":	true
				}],
			"sum":	{
				"start":	5.300157,
				"end":	5.400161,
				"seconds":	0.10000400245189667,
				"bytes":	11272192,
				"bits_per_second":	901739268.31955218,
				"retransmits":	0,
				"omitted":	false,
				"sender":	true
			}
		}, {
			"streams":	[{
					"socket":	5,
					"start":	5.400161,
					"end":	5.500158,
					"seconds":	0.099996998906135559,
					"bytes":	11927552,
					"bits_per_second":	954232797.421936,
					"retransmits":	0,
					"snd_cwnd":	360552,
					"snd_wnd":	993152,
					"rtt":	2380,
					"rttvar":	70,
					"pmtu":	1500,
					"omitted":	false,
					"sender":	true
				}],
			"sum":	{
				"start":	5.400161,
				"end":	5.500158,
				"seconds":	0.099996998906135559,
				"bytes":	11927552,
				"bits_per_second":	954232797.421936,
				"retransmits":	0,
				"omitted":	false,
				"sender":	true
			}
		}, {
			"streams":	[{
					"socket":	5,
					"start":	5.500158,
					"end":	5.600159,
					"seconds":	0.10000099986791611,
					"bytes":	11796480,
					"bits_per_second":	943708964.156846,
					"retransmits":	0,
					"snd_cwnd":	360552,
					"snd_wnd":	993152,
					"rtt":	2345,
					"rttvar":	71,
					"pmtu":	1500,
					"omitted":	false,
					"sender":	true
				}],
			"sum":	{
				"start":	5.500158,
				"end":	5.600159,
				"seconds":	0.10000099986791611,
				"bytes":	11796480,
				"bits_per_second":	943708964.156846,
				"retransmits":	0,
				"omitted":	false,
				"sender":	true
			}
		}, {
			"streams":	[{
					"socket":	5,
					"start":	5.600159,
					"end":	5.700129,
					"seconds":	0.0999699980020523,
					"bytes":	12058624,
					"bits_per_second":	964979433.10971725,
					"retransmits":	0,
					"snd_cwnd":	360552,
					"snd_wnd":	993152,
					"rtt":	2345,
					"rttvar":	80,
					"pmtu":	1500,
					"omitted":	false,
					"sender":	true
				}],
			"sum":	{
				"start":	5.600159,
				"end":	5.700129,
				"seconds":	0.0999699980020523,
				"bytes":	12058624,
				"bits_per_second":	964979433.10971725,
				"retransmits":	0,
				"omitted":	false,
				"sender":	true
			}
		}, {
			"streams":	[{
					"socket":	5,
					"start":	5.700129,
					"end":	5.80015,
					"seconds":	0.10002099722623825,
					"bytes":	11272192,
					"bits_per_second":	901586051.93694234,
					"retransmits":	0,
					"snd_cwnd":	360552,
					"snd_wnd":	993152,
					"rtt":	2345,
					"rttvar":	58,
					"pmtu":	1500,
					"omitted":	false,
					"sender":	true
				}],
			"sum":	{
				"start":	5.700129,
				"end":	5.80015,
				"seconds":	0.10002099722623825,
				"bytes":	11272192,
				"bits_per_second":	901586051.93694234,
				"retransmits":	0,
				"omitted":	false,
				"sender":	true
			}
		}, {
			"streams":	[{
					"socket":	5,
					"start":	5.80015,
					"end":	5.900175,
					"seconds":	0.1000249981880188,
					"bytes":	11927552,
					"bits_per_second":	953965685.864213,
					"retransmits":	0,
					"snd_cwnd":	360552,
					"snd_wnd":	993152,
					"rtt":	2341,
					"rttvar":	51,
					"pmtu":	1500,
					"omitted":	false,
					"sender":	true
				}],
			"sum":	{
				"start":	5.80015,
				"end":	5.900175,
				"seconds":	0.1000249981880188,
				"bytes":	11927552,
				"bits_per_second":	953965685.864213,
				"retransmits":	0,
				"omitted":	false,
				"sender":	true
			}
		}, {
			"streams":	[{
					"socket":	5,
					"start":	5.900175,
					"end":	6.000168,
					"seconds":	0.099992997944355,
					"bytes":	12058624,
					"bits_per_second":	964757472.85508847,
					"retransmits":	0,
					"snd_cwnd":	360552,
					"snd_wnd":	980224,
					"rtt":	2369,
					"rttvar":	70,
					"pmtu":	1500,
					"omitted":	false,
					"sender":	true
				}],
			"sum":	{
				"start":	5.900175,
				"end":	6.000168,
				"seconds":	0.099992997944355,
				"bytes":	12058624,
				"bits_per_second":	964757472.85508847,
				"retransmits":	0,
				"omitted":	false,
				"sender":	true
			}
		}, {
			"streams":	[{
					"socket":	5,
					"start":	6.000168,
					"end":	6.100128,
					"seconds":	0.099959999322891235,
					"bytes":	11534336,
					"bits_per_second":	923116132.70358169,
					"retransmits":	0,
					"snd_cwnd":	360552,
					"snd_wnd":	993152,
					"rtt":	2350,
					"rttvar":	67,
					"pmtu":	1500,
					"omitted":	false,
					"sender":	true
				}],
			"sum":	{
				"start":	6.000168,
				"end":	6.100128,
				"seconds":	0.099959999322891235,
				"bytes":	11534336,
				"bits_per_second":	923116132.70358169,
				"retransmits":	0,
				"omitted":	false,
				"sender":	true
			}
		}, {
			"streams":	[{
					"socket":	5,
					"start":	6.100128,
					"end":	6.200145,
					"seconds":	0.1000170037150383,
					"bytes":	11927552,
					"bits_per_second":	954041937.427614,
					"retransmits":	0,
					"snd_cwnd":	360552,
					"snd_wnd":	993152,
					"rtt":	2353,
					"rttvar":	83,
					"pmtu":	1500,
					"omitted":	false,
					"sender":	true
				}],
			"sum":	{
				"start":	6.100128,
				"end":	6.200145,
				"seconds":	0.1000170037150383,
				"bytes":	11927552,
				"bits_per_second":	954041937.427614,
				"retransmits":	0,
				"omitted":	false,
				"sender":	true
			}
		}, {
			"streams":	[{
					"socket":	5,
					"start":	6.200145,
					"end":	6.30014,
					"seconds":	0.0999950021505356,
					"bytes":	11927552,
					"bits_per_second":	954251852.071078,
					"retransmits":	0,
					"snd_cwnd":	360552,
					"snd_wnd":	993152,
					"rtt":	2340,
					"rttvar":	60,
					"pmtu":	1500,
					"omitted":	false,
					"sender":	true
				}],
			"sum":	{
				"start":	6.200145,
				"end":	6.30014,
				"seconds":	0.0999950021505356,
				"bytes":	11927552,
				"bits_per_second":	954251852.071078,
				"retransmits":	0,
				"omitted":	false,
				"sender":	true
			}
		}, {
			"streams":	[{
					"socket":	5,
					"start":	6.30014,
					"end":	6.400117,
					"seconds":	0.0999770015478134,
					"bytes":	11403264,
					"bits_per_second":	912470974.200718,
					"retransmits":	0,
					"snd_cwnd":	360552,
					"snd_wnd":	977280,
					"rtt":	2352,
					"rttvar":	58,
					"pmtu":	1500,
					"omitted":	false,
					"sender":	true
				}],
			"sum":	{
				"start":	6.30014,
				"end":	6.400117,
				"seconds":	0.0999770015478134,
				"bytes":	11403264,
				"bits_per_second":	912470974.200718,
				"retransmits":	0,
				"omitted":	false,
				"sender":	true
			}
		}, {
			"streams":	[{
					"socket":	5,
					"start":	6.400117,
					"end":	6.500153,
					"seconds":	0.10003600269556046,
					"bytes":	12058624,
					"bits_per_second":	964342730.62253463,
					"retransmits":	0,
					"snd_cwnd":	360552,
					"snd_wnd":	993152,
					"rtt":	2365,
					"rttvar":	67,
					"pmtu":	1500,
					"omitted":	false,
					"sender":	true
				}],
			"sum":	{
				"start":	6.400117,
				"end":	6.500153,
				"seconds":	0.10003600269556046,
				"bytes":	12058624,
				"bits_per_second":	964342730.62253463,
				"retransmits":	0,
				"omitted":	false,
				"sender":	true
			}
		}, {
			"streams":	[{
					"socket":	5,
					"start":	6.500153,
					"end":	6.600146,
					"seconds":	0.099992997944355,
					"bytes":	11403264,
					"bits_per_second":	912325001.50426853,
					"retransmits":	0,
					"snd_cwnd":	360552,
					"snd_wnd":	993152,
					"rtt":	2348,
					"rttvar":	67,
					"pmtu":	1500,
					"omitted":	false,
					"sender":	true
				}],
			"sum":	{
				"start":	6.500153,
				"end":	6.600146,
				"seconds":	0.099992997944355,
				"bytes":	11403264,
				"bits_per_second":	912325001.50426853,
				"retransmits":	0,
				"omitted":	false,
				"sender":	true
			}
		}, {
			"streams":	[{
					"socket":	5,
					"start":	6.600146,
					"end":	6.700158,
					"seconds":	0.10001199692487717,
					"bytes":	11927552,
					"bits_per_second":	954089698.575601,
					"retransmits":	0,
					"snd_cwnd":	360552,
					"snd_wnd":	993152,
					"rtt":	2378,
					"rttvar":	67,
					"pmtu":	1500,
					"omitted":	false,
					"sender":	true
				}],
			"sum":	{
				"start":	6.600146,
				"end":	6.700158,
				"seconds":	0.10001199692487717,
				"bytes":	11927552,
				"bits_per_second":	954089698.575601,
				"retransmits":	0,
				"omitted":	false,
				"sender":	true
			}
		}, {
			"streams":	[{
					"socket":	5,
					"start":	6.700158,
					"end":	6.800125,
					"seconds":	0.099967002868652344,
					"bytes":	11927552,
					"bits_per_second":	954519123.92906141,
					"retransmits":	0,
					"snd_cwnd":	360552,
					"snd_wnd":	993152,
					"rtt":	2336,
					"rttvar":	71,
					"pmtu":	1500,
					"omitted":	false,
					"sender":	true
				}],
			"sum":	{
				"start":	6.700158,
				"end":	6.800125,
				"seconds":	0.099967002868652344,
				"bytes":	11927552,
				"bits_per_second":	954519123.92906141,
				"retransmits":	0,
				"omitted":	false,
				"sender":	true
			}
		}, {
			"streams":	[{
					"socket":	5,
					"start":	6.800125,
					"end":	6.900053,
					"seconds":	0.099927999079227448,
					"bytes":	11927552,
					"bits_per_second":	954891690.80976367,
					"retransmits":	0,
					"snd_cwnd":	360552,
					"snd_wnd":	978688,
					"rtt":	2356,
					"rttvar":	86,
					"pmtu":	1500,
					"omitted":	false,
					"sender":	true
				}],
			"sum":	{
				"start":	6.800125,
				"end":	6.900053,
				"seconds":	0.099927999079227448,
				"bytes":	11927552,
				"bits_per_second":	954891690.80976367,
				"retransmits":	0,
				"omitted":	false,
				"sender":	true
			}
		}, {
			"streams":	[{
					"socket":	5,
					"start":	6.900053,
					"end":	7.000148,
					"seconds":	0.1000949963927269,
					"bytes":	11272192,
					"bits_per_second":	900919518.95561969,
					"retransmits":	0,
					"snd_cwnd":	360552,
					"snd_wnd":	993152,
					"rtt":	2333,
					"rttvar":	66,
					"pmtu":	1500,
					"omitted":	false,
					"sender":	true
				}],
			"sum":	{
				"start":	6.900053,
				"end":	7.000148,
				"seconds":	0.1000949963927269,
				"bytes":	11272192,
				"bits_per_second":	900919518.95561969,
				"retransmits":	0,
				"omitted":	false,
				"sender":	true
			}
		}, {
			"streams":	[{
					"socket":	5,
					"start":	7.000148,
					"end":	7.100156,
					"seconds":	0.10000800341367722,
					"bytes":	11796480,
					"bits_per_second":	943642876.35696959,
					"retransmits":	0,
					"snd_cwnd":	360552,
					"snd_wnd":	993152,
					"rtt":	2352,
					"rttvar":	49,
					"pmtu":	1500,
					"omitted":	false,
					"sender":	true
				}],
			"sum":	{
				"start":	7.000148,
				"end":	7.100156,
				"seconds":	0.10000800341367722,
				"bytes":	11796480,
				"bits_per_second":	943642876.35696959,
				"retransmits":	0,
				"omitted":	false,
				"sender":	true
			}
		}, {
			"streams":	[{
					"socket":	5,
					"start":	7.100156,
					"end":	7.20016,
					"seconds":	0.10000400245189667,
					"bytes":	12189696,
					"bits_per_second":	975136650.624632,
					"retransmits":	0,
					"snd_cwnd":	360552,
					"snd_wnd":	993152,
					"rtt":	2341,
					"rttvar":	69,
					"pmtu":	1500,
					"omitted":	false,
					"sender":	true
				}],
			"sum":	{
				"start":	7.100156,
				"end":	7.20016,
				"seconds":	0.10000400245189667,
				"bytes":	12189696,
				"bits_per_second":	975136650.624632,
				"retransmits":	0,
				"omitted":	false,
				"sender":	true
			}
		}, {
			"streams":	[{
					"socket":	5,
					"start":	7.20016,
					"end":	7.300165,
					"seconds":	0.10000500082969666,
					"bytes":	11665408,
					"bits_per_second":	933185972.95873928,
					"retransmits":	0,
					"snd_cwnd":	360552,
					"snd_wnd":	993152,
					"rtt":	2340,
					"rttvar":	65,
					"pmtu":	1500,
					"omitted":	false,
					"sender":	true
				}],
			"sum":	{
				"start":	7.20016,
				"end":	7.300165,
				"seconds":	0.10000500082969666,
				"bytes":	11665408,
				"bits_per_second":	933185972.95873928,
				"retransmits":	0,
				"omitted":	false,
				"sender":	true
			}
		}, {
			"streams":	[{
					"socket":	5,
					"start":	7.300165,
					"end":	7.400111,
					"seconds":	0.0999459996819496,
					"bytes":	11403264,
					"bits_per_second":	912754010.06845462,
					"retransmits":	0,
					"snd_cwnd":	360552,
					"snd_wnd":	993152,
					"rtt":	2369,
					"rttvar":	66,
					"pmtu":	1500,
					"omitted":	false,
					"sender":	true
				}],
			"sum":	{
				"start":	7.300165,
				"end":	7.400111,
				"seconds":	0.0999459996819496,
				"bytes":	11403264,
				"bits_per_second":	912754010.06845462,
				"retransmits":	0,
				"omitted":	false,
				"sender":	true
			}
		}, {
			"streams":	[{
					"socket":	5,
					"start":	7.400111,
					"end":	7.500141,
					"seconds":	0.10002999752759933,
					"bytes":	12058624,
					"bits_per_second":	964400623.65675044,
					"retransmits":	0,
					"snd_cwnd":	360552,
					"snd_wnd":	993152,
					"rtt":	2318,
					"rttvar":	69,
					"pmtu":	1500,
					"omitted":	false,
					"sender":	true
				}],
			"sum":	{
				"start":	7.400111,
				"end":	7.500141,
				"seconds":	0.10002999752759933,
				"bytes":	12058624,
				"bits_per_second":	964400623.65675044,
				"retransmits":	0,
				"omitted":	false,
				"sender":	true
			}
		}, {
			"streams":	[{
					"socket":	5,
					"start":	7.500141,
					"end":	7.600151,
					"seconds":	0.10001000016927719,
					"bytes":	11665408,
					"bits_per_second":	933139324.487959,
					"retransmits":	0,
					"snd_cwnd":	360552,
					"snd_wnd":	993152,
					"rtt":	2343,
					"rttvar":	66,
					"pmtu":	1500,
					"omitted":	false,
					"sender":	true
				}],
			"sum":	{
				"start":	7.500141,
				"end":	7.600151,
				"seconds":	0.10001000016927719,
				"bytes":	11665408,
				"bits_per_second":	933139324.487959,
				"retransmits":	0,
				"omitted":	false,
				"sender":	true
			}
		}, {
			"streams":	[{
					"socket":	5,
					"start":	7.600151,
					"end":	7.700143,
					"seconds":	0.099991999566555023,
					"bytes":	12058624,
					"bits_per_second":	964767105.55017853,
					"retransmits":	0,
					"snd_cwnd":	360552,
					"snd_wnd":	993152,
					"rtt":	2336,
					"rttvar":	66,
					"pmtu":	1500,
					"omitted":	false,
					"sender":	true
				}],
			"sum":	{
				"start":	7.600151,
				"end":	7.700143,
				"seconds":	0.099991999566555023,
				"bytes":	12058624,
				"bits_per_second":	964767105.55017853,
				"retransmits":	0,
				"omitted":	false,
				"sender":	true
			}
		}, {
			"streams":	[{
					"socket":	5,
					"start":	7.700143,
					"end":	7.800117,
					"seconds":	0.099973998963832855,
					"bytes":	11403264,
					"bits_per_second":	912498379.033557,
					"retransmits":	0,
					"snd_cwnd":	360552,
					"snd_wnd":	988800,
					"rtt":	2324,
					"rttvar":	63,
					"pmtu":	1500,
					"omitted":	false,
					"sender":	true
				}],
			"sum":	{
				"start":	7.700143,
				"end":	7.800117,
				"seconds":	0.099973998963832855,
				"bytes":	11403264,
				"bits_per_second":	912498379.033557,
				"retransmits":	0,
				"omitted":	false,
				"sender":	true
			}
		}, {
			"streams":	[{
					"socket":	5,
					"start":	7.800117,
					"end":	7.900104,
					"seconds":	0.0999870002269745,
					"bytes":	11927552,
					"bits_per_second":	954328220.50258374,
					"retransmits":	0,
					"snd_cwnd":	360552,
					"snd_wnd":	981888,
					"rtt":	2365,
					"rttvar":	74,
					"pmtu":	1500,
					"omitted":	false,
					"sender":	true
				}],
			"sum":	{
				"start":	7.800117,
				"end":	7.900104,
				"seconds":	0.0999870002269745,
				"bytes":	11927552,
				"bits_per_second":	954328220.50258374,
				"retransmits":	0,
				"omitted":	false,
				"sender":	true
			}
		}, {
			"streams":	[{
					"socket":	5,
					"start":	7.900104,
					"end":	8.000149,
					"seconds":	0.10004500299692154,
					"bytes":	11272192,
					"bits_per_second":	901369716.61418045,
					"retransmits":	0,
					"snd_cwnd":	360552,
					"snd_wnd":	993152,
					"rtt":	2342,
					"rttvar":	82,
					"pmtu":	1500,
					"omitted":	false,
					"sender":	true
				}],
			"sum":	{
				"start":	7.900104,
				"end":	8.000149,
				"seconds":	0.10004500299692154,
				"bytes":	11272192,
				"bits_per_second":	901369716.61418045,
				"retransmits":	0,
				"omitted":	false,
				"sender":	true
			}
		}, {
			"streams":	[{
					"socket":	5,
					"start":	8.000149,
					"end":	8.100062,
					"seconds":	0.09991300106048584,
					"bytes":	12058624,
					"bits_per_second":	965529920.79178071,
					"retransmits":	0,
					"snd_cwnd":	360552,
					"snd_wnd":	993152,
					"rtt":	2340,
					"rttvar":	80,
					"pmtu":	1500,
					"omitted":	false,
					"sender":	true
				}],
			"sum":	{
				"start":	8.000149,
				"end":	8.100062,
				"seconds":	0.09991300106048584,
				"bytes":	12058624,
				"bits_per_second":	965529920.79178071,
				"retransmits":	0,
				"omitted":	false,
				"sender":	true
			}
		}, {
			"streams":	[{
					"socket":	5,
					"start":	8.100062,
					"end":	8.200169,
					"seconds":	0.10010699927806854,
					"bytes":	11272192,
					"bits_per_second":	900811498.20016742,
					"retransmits":	0,
					"snd_cwnd":	360552,
					"snd_wnd":	993152,
					"rtt":	2345,
					"rttvar":	67,
					"pmtu":	1500,
					"omitted":	false,
					"sender":	true
				}],
			"sum":	{
				"start":	8.100062,
				"end":	8.200169,
				"seconds":	0.10010699927806854,
				"bytes":	11272192,
				"bits_per_second":	900811498.20016742,
				"retransmits":	0,
				"omitted":	false,
				"sender":	true
			}
		}, {
			"streams":	[{
					"socket":	5,
					"start":	8.200169,
					"end":	8.30009,
					"seconds":	0.099921002984046936,
					"bytes":	12189696,
					"bits_per_second":	975946648.72979045,
					"retransmits":	0,
					"snd_cwnd":	360552,
					"snd_wnd":	993152,
					"rtt":	2370,
					"rttvar":	62,
					"pmtu":	1500,
					"omitted":	false,
					"sender":	true
				}],
			"sum":	{
				"start":	8.200169,
				"end":	8.30009,
				"seconds":	0.099921002984046936,
				"bytes":	12189696,
				"bits_per_second":	975946648.72979045,
				"retransmits":	0,
				"omitted":	false,
				"sender":	true
			}
		}, {
			"streams":	[{
					"socket":	5,
					"start":	8.30009,
					"end":	8.400124,
					"seconds":	0.10003399848937988,
					"bytes":	11534336,
					"bits_per_second":	922433266.62381041,
					"retransmits":	0,
					"snd_cwnd":	360552,
					"snd_wnd":	993152,
					"rtt":	2357,
					"rttvar":	64,
					"pmtu":	1500,
					"omitted":	false,
					"sender":	true
				}],
			"sum":	{
				"start":	8.30009,
				"end":	8.400124,
				"seconds":	0.10003399848937988,
				"bytes":	11534336,
				"bits_per_second":	922433266.62381041,
				"retransmits":	0,
				"omitted":	false,
				"sender":	true
			}
		}, {
			"streams":	[{
					"socket":	5,
					"start":	8.400124,
					"end":	8.500151,
					"seconds":	0.10002700239419937,
					"bytes":	12189696,
					"bits_per_second":	974912430.302471,
					"retransmits":	0,
					"snd_cwnd":	360552,
					"snd_wnd":	993152,
					"rtt":	2365,
					"rttvar":	80,
					"pmtu":	1500,
					"omitted":	false,
					"sender":	true
				}],
			"sum":	{
				"start":	8.400124,
				"end":	8.500151,
				"seconds":	0.10002700239419937,
				"bytes":	12189696,
				"bits_per_second":	974912430.302471,
				"retransmits":	0,
				"omitted":	false,
				"sender":	true
			}
		}, {
			"streams":	[{
					"socket":	5,
					"start":	8.500151,
					"end":	8.600156,
					"seconds":	0.10000500082969666,
					"bytes":	11272192,
					"bits_per_second":	901730266.005074,
					"retransmits":	0,
					"snd_cwnd":	360552,
					"snd_wnd":	993152,
					"rtt":	2346,
					"rttvar":	62,
					"pmtu":	1500,
					"omitted":	false,
					"sender":	true
				}],
			"sum":	{
				"start":	8.500151,
				"end":	8.600156,
				"seconds":	0.10000500082969666,
				"bytes":	11272192,
				"bits_per_second":	901730266.005074,
				"retransmits":	0,
				"omitted":	false,
				"sender":	true
			}
		}, {
			"streams":	[{
					"socket":	5,
					"start":	8.600156,
					"end":	8.700133,
					"seconds":	0.0999770015478134,
					"bytes":	12058624,
					"bits_per_second":	964911834.7869662,
					"retransmits":	0,
					"snd_cwnd":	360552,
					"snd_wnd":	993152,
					"rtt":	2310,
					"rttvar":	52,
					"pmtu":	1500,
					"omitted":	false,
					"sender":	true
				}],
			"sum":	{
				"start":	8.600156,
				"end":	8.700133,
				"seconds":	0.0999770015478134,
				"bytes":	12058624,
				"bits_per_second":	964911834.7869662,
				"retransmits":	0,
				"omitted":	false,
				"sender":	true
			}
		}, {
			"streams":	[{
					"socket":	5,
					"start":	8.700133,
					"end":	8.800154,
					"seconds":	0.10002099722623825,
					"bytes":	12058624,
					"bits_per_second":	964487404.39765918,
					"retransmits":	0,
					"snd_cwnd":	360552,
					"snd_wnd":	993152,
					"rtt":	2367,
					"rttvar":	79,
					"pmtu":	1500,
					"omitted":	false,
					"sender":	true
				}],
			"sum":	{
				"start":	8.700133,
				"end":	8.800154,
				"seconds":	0.10002099722623825,
				"bytes":	12058624,
				"bits_per_second":	964487404.39765918,
				"retransmits":	0,
				"omitted":	false,
				"sender":	true
			}
		}, {
			"streams":	[{
					"socket":	5,
					"start":	8.800154,
					"end":	8.900168,
					"seconds":	0.10001400113105774,
					"bytes":	11403264,
					"bits_per_second":	912133411.00570369,
					"retransmits":	0,
					"snd_cwnd":	360552,
					"snd_wnd":	993152,
					"rtt":	2349,
					"rttvar":	71,
					"pmtu":	1500,
					"omitted":	false,
					"sender":	true
				}],
			"sum":	{
				"start":	8.800154,
				"end":	8.900168,
				"seconds":	0.10001400113105774,
				"bytes":	11403264,
				"bits_per_second":	912133411.00570369,
				"retransmits":	0,
				"omitted":	false,
				"sender":	true
			}
		}, {
			"streams":	[{
					"socket":	5,
					"start":	8.900168,
					"end":	9.000179,
					"seconds":	0.10001099854707718,
					"bytes":	12189696,
					"bits_per_second":	975068436.63896155,
					"retransmits":	0,
					"snd_cwnd":	360552,
					"snd_wnd":	993152,
					"rtt":	2370,
					"rttvar":	93,
					"pmtu":	1500,
					"omitted":	false,
					"sender":	true
				}],
			"sum":	{
				"start":	8.900168,
				"end":	9.000179,
				"seconds":	0.10001099854707718,
				"bytes":	12189696,
				"bits_per_second":	975068436.63896155,
				"retransmits":	0,
				"omitted":	false,
				"sender":	true
			}
		}, {
			"streams":	[{
					"socket":	5,
					"start":	9.000179,
					"end":	9.100168,
					"seconds":	0.099988996982574463,
					"bytes":	11534336,
					"bits_per_second":	922848421.172593,
					"retransmits":	0,
					"snd_cwnd":	360552,
					"snd_wnd":	993152,
					"rtt":	2350,
					"rttvar":	70,
					"pmtu":	1500,
					"omitted":	false,
					"sender":	true
				}],
			"sum":	{
				"start":	9.000179,
				"end":	9.100168,
				"seconds":	0.099988996982574463,
				"bytes":	11534336,
				"bits_per_second":	922848421.172593,
				"retransmits":	0,
				"omitted":	false,
				"sender":	true
			}
		}, {
			"streams":	[{
					"socket":	5,
					"start":	9.100168,
					"end":	9.200145,
					"seconds":	0.0999770015478134,
					"bytes":	11403264,
					"bits_per_second":	912470974.200718,
					"retransmits":	0,
					"snd_cwnd":	360552,
					"snd_wnd":	978688,
					"rtt":	2368,
					"rttvar":	86,
					"pmtu":	1500,
					"omitted":	false,
					"sender":	true
				}],
			"sum":	{
				"start":	9.100168,
				"end":	9.200145,
				"seconds":	0.0999770015478134,
				"bytes":	11403264,
				"bits_per_second":	912470974.200718,
				"retransmits":	0,
				"omitted":	false,
				"sender":	true
			}
		}, {
			"streams":	[{
					"socket":	5,
					"start":	9.200145,
					"end":	9.300134,
					"seconds":	0.099988996982574463,
					"bytes":	11927552,
					"bits_per_second":	954309162.80347681,
					"retransmits":	0,
					"snd_cwnd":	360552,
					"snd_wnd":	993152,
					"rtt":	2353,
					"rttvar":	72,
					"pmtu":	1500,
					"omitted":	false,
					"sender":	true
				}],
			"sum":	{
				"start":	9.200145,
				"end":	9.300134,
				"seconds":	0.099988996982574463,
				"bytes":	11927552,
				"bits_per_second":	954309162.80347681,
				"retransmits":	0,
				"omitted":	false,
				"sender":	true
			}
		}, {
			"streams":	[{
					"socket":	5,
					"start":	9.300134,
					"end":	9.400115,
					"seconds":	0.099981002509593964,
					"bytes":	11665408,
					"bits_per_second":	933409964.468449,
					"retransmits":	0,
					"snd_cwnd":	360552,
					"snd_wnd":	993152,
					"rtt":	2347,
					"rttvar":	53,
					"pmtu":	1500,
					"omitted":	false,
					"sender":	true
				}],
			"sum":	{
				"start":	9.300134,
				"end":	9.400115,
				"seconds":	0.099981002509593964,
				"bytes":	11665408,
				"bits_per_second":	933409964.468449,
				"retransmits":	0,
				"omitted":	false,
				"sender":	true
			}
		}, {
			"streams":	[{
					"socket":	5,
					"start":	9.400115,
					"end":	9.500153,
					"seconds":	0.10003799945116043,
					"bytes":	12058624,
					"bits_per_second":	964323482.36928856,
					"retransmits":	0,
					"snd_cwnd":	360552,
					"snd_wnd":	993152,
					"rtt":	2344,
					"rttvar":	71,
					"pmtu":	1500,
					"omitted":	false,
					"sender":	true
				}],
			"sum":	{
				"start":	9.400115,
				"end":	9.500153,
				"seconds":	0.10003799945116043,
				"bytes":	12058624,
				"bits_per_second":	964323482.36928856,
				"retransmits":	0,
				"omitted":	false,
				"sender":	true
			}
		}, {
			"streams":	[{
					"socket":	5,
					"start":	9.500153,
					"end":	9.600098,
					"seconds":	0.099945001304149628,
					"bytes":	11927552,
					"bits_per_second":	954729248.63565171,
					"retransmits":	0,
					"snd_cwnd":	360552,
					"snd_wnd":	993152,
					"rtt":	2337,
					"rttvar":	70,
					"pmtu":	1500,
					"omitted":	false,
					"sender":	true
				}],
			"sum":	{
				"start":	9.500153,
				"end":	9.600098,
				"seconds":	0.099945001304149628,
				"bytes":	11927552,
				"bits_per_second":	954729248.63565171,
				"retransmits":	0,
				"omitted":	false,
				"sender":	true
			}
		}, {
			"streams":	[{
					"socket":	5,
					"start":	9.600098,
					"end":	9.700139,
					"seconds":	0.100041002035141,
					"bytes":	11534336,
					"bits_per_second":	922368690.06556976,
					"retransmits":	0,
					"snd_cwnd":	360552,
					"snd_wnd":	978816,
					"rtt":	2380,
					"rttvar":	76,
					"pmtu":	1500,
					"omitted":	false,
					"sender":	true
				}],
			"sum":	{
				"start":	9.600098,
				"end":	9.700139,
				"seconds":	0.100041002035141,
				"bytes":	11534336,
				"bits_per_second":	922368690.06556976,
				"retransmits":	0,
				"omitted":	false,
				"sender":	true
			}
		}, {
			"streams":	[{
					"socket":	5,
					"start":	9.700139,
					"end":	9.800123,
					"seconds":	0.099983997642993927,
					"bytes":	11796480,
					"bits_per_second":	943869441.35767734,
					"retransmits":	0,
					"snd_cwnd":	360552,
					"snd_wnd":	993152,
					"rtt":	2357,
					"rttvar":	68,
					"pmtu":	1500,
					"omitted":	false,
					"sender":	true
				}],
			"sum":	{
				"start":	9.700139,
				"end":	9.800123,
				"seconds":	0.099983997642993927,
				"bytes":	11796480,
				"bits_per_second":	943869441.35767734,
				"retransmits":	0,
				"omitted":	false,
				"sender":	true
			}
		}, {
			"streams":	[{
					"socket":	5,
					"start":	9.800123,
					"end":	9.900187,
					"seconds":	0.1000640019774437,
					"bytes":	11403264,
					"bits_per_second":	911677628.28998268,
					"retransmits":	0,
					"snd_cwnd":	360552,
					"snd_wnd":	993152,
					"rtt":	2390,
					"rttvar":	71,
					"pmtu":	1500,
					"omitted":	false,
					"sender":	true
				}],
			"sum":	{
				"start":	9.800123,
				"end":	9.900187,
				"seconds":	0.1000640019774437,
				"bytes":	11403264,
				"bits_per_second":	911677628.28998268,
				"retransmits":	0,
				"omitted":	false,
				"sender":	true
			}
		}, {
			"streams":	[{
					"socket":	5,
					"start":	9.900187,
					"end":	10.000676,
					"seconds":	0.10048899799585342,
					"bytes":	12320768,
					"bits_per_second":	980865029.66292119,
					"retransmits":	0,
					"snd_cwnd":	360552,
					"snd_wnd":	993152,
					"rtt":	2363,
					"rttvar":	81,
					"pmtu":	1500,
					"omitted":	false,
					"sender":	true
				}],
			"sum":	{
				"start":	9.900187,
				"end":	10.000676,
				"seconds":	0.10048899799585342,
				"bytes":	12320768,
				"bits_per_second":	980865029.66292119,
				"retransmits":	0,
				"omitted":	false,
				"sender":	true
			}
		}],
	"end":	{
		"streams":	[{
				"sender":	{
					"socket":	5,
					"start":	0,
					"end":	10.000676,
					"seconds":	10.000676,
					"bytes":	1178468352,
					"bits_per_second":	942710954.3394866,
					"retransmits":	0,
					"max_snd_cwnd":	360552,
					"max_snd_wnd":	993152,
					"max_rtt":	2390,
					"min_rtt":	2198,
					"mean_rtt":	2311,
					"sender":	true
				},
				"receiver":	{
					"socket":	5,
					"start":	0,
					"end":	10.00328,
					"seconds":	10.000676,
					"bytes":	1176895488,
					"bits_per_second":	941207674.28283525,
					"sender":	true
				}
			}],
		"sum_sent":	{
			"start":	0,
			"end":	10.000676,
			"seconds":	10.000676,
			"bytes":	1178468352,
			"bits_per_second":	942710954.3394866,
			"retransmits":	0,
			"sender":	true
		},
		"sum_received":	{
			"start":	0,
			"end":	10.00328,
			"seconds":	10.00328,
			"bytes":	1176895488,
			"bits_per_second":	941207674.28283525,
			"sender":	true
		},
		"cpu_utilization_percent":	{
			"host_total":	3.3664260694352919,
			"host_user":	0.0742725501824339,
			"host_system":	3.2921735037948143,
			"remote_total":	6.54344252716317,
			"remote_user":	0.67593403525201523,
			"remote_system":	5.8674585086205679
		},
		"sender_tcp_congestion":	"cubic",
		"receiver_tcp_congestion":	"cubic"
	}
}
