{
	"start":	{
		"connected":	[{
				"socket":	5,
				"local_host":	"10.8.8.1",
				"local_port":	60084,
				"remote_host":	"10.8.8.2",
				"remote_port":	5201
			}],
		"version":	"iperf 3.19.1",
		"system_info":	"Linux caladan 6.12.40 #1-NixOS SMP PREEMPT_DYNAMIC Thu Jul 24 06:56:38 UTC 2025 x86_64",
		"timestamp":	{
			"time":	"Fri, 15 Aug 2025 09:52:31 GMT",
			"timesecs":	1755251551
		},
		"connecting_to":	{
			"host":	"10.8.8.2",
			"port":	5201
		},
		"cookie":	"23vpsiwg7lkp4tbtulqhrs65h7bvy7kpbz5w",
		"tcp_mss_default":	1448,
		"target_bitrate":	0,
		"fq_rate":	0,
		"sock_bufsize":	0,
		"sndbuf_actual":	16384,
		"rcvbuf_actual":	131072,
		"test_start":	{
			"protocol":	"TCP",
			"num_streams":	1,
			"blksize":	131072,
			"omit":	0,
			"duration":	10,
			"bytes":	0,
			"blocks":	0,
			"reverse":	0,
			"tos":	0,
			"target_bitrate":	0,
			"bidir":	0,
			"fqrate":	0,
			"interval":	0.1
		}
	},
	"intervals":	[{
			"streams":	[{
					"socket":	5,
					"start":	0,
					"end":	0.100169,
					"seconds":	0.10016900300979614,
					"bytes":	12582912,
					"bits_per_second":	1004934590.2959174,
					"retransmits":	0,
					"snd_cwnd":	322904,
					"snd_wnd":	781568,
					"rtt":	2209,
					"rttvar":	64,
					"pmtu":	1500,
					"omitted":	false,
					"sender":	true
				}],
			"sum":	{
				"start":	0,
				"end":	0.100169,
				"seconds":	0.10016900300979614,
				"bytes":	12582912,
				"bits_per_second":	1004934590.2959174,
				"retransmits":	0,
				"omitted":	false,
				"sender":	true
			}
		}, {
			"streams":	[{
					"socket":	5,
					"start":	0.100169,
					"end":	0.200156,
					"seconds":	0.0999870002269745,
					"bytes":	11665408,
					"bits_per_second":	933353973.89813137,
					"retransmits":	0,
					"snd_cwnd":	322904,
					"snd_wnd":	767104,
					"rtt":	2271,
					"rttvar":	66,
					"pmtu":	1500,
					"omitted":	false,
					"sender":	true
				}],
			"sum":	{
				"start":	0.100169,
				"end":	0.200156,
				"seconds":	0.0999870002269745,
				"bytes":	11665408,
				"bits_per_second":	933353973.89813137,
				"retransmits":	0,
				"omitted":	false,
				"sender":	true
			}
		}, {
			"streams":	[{
					"socket":	5,
					"start":	0.200156,
					"end":	0.300176,
					"seconds":	0.10001999884843826,
					"bytes":	11534336,
					"bits_per_second":	922562378.14824569,
					"retransmits":	0,
					"snd_cwnd":	322904,
					"snd_wnd":	781568,
					"rtt":	2268,
					"rttvar":	71,
					"pmtu":	1500,
					"omitted":	false,
					"sender":	true
				}],
			"sum":	{
				"start":	0.200156,
				"end":	0.300176,
				"seconds":	0.10001999884843826,
				"bytes":	11534336,
				"bits_per_second":	922562378.14824569,
				"retransmits":	0,
				"omitted":	false,
				"sender":	true
			}
		}, {
			"streams":	[{
					"socket":	5,
					"start":	0.300176,
					"end":	0.400167,
					"seconds":	0.099991001188755035,
					"bytes":	12058624,
					"bits_per_second":	964776738.43762732,
					"retransmits":	0,
					"snd_cwnd":	322904,
					"snd_wnd":	781568,
					"rtt":	2300,
					"rttvar":	92,
					"pmtu":	1500,
					"omitted":	false,
					"sender":	true
				}],
			"sum":	{
				"start":	0.300176,
				"end":	0.400167,
				"seconds":	0.099991001188755035,
				"bytes":	12058624,
				"bits_per_second":	964776738.43762732,
				"retransmits":	0,
				"omitted":	false,
				"sender":	true
			}
		}, {
			"streams":	[{
					"socket":	5,
					"start":	0.400167,
					"end":	0.50017,
					"seconds":	0.10000299662351608,
					"bytes":	11534336,
					"bits_per_second":	922719229.578579,
					"retransmits":	0,
					"snd_cwnd":	322904,
					"snd_wnd":	781568,
					"rtt":	2263,
					"rttvar":	61,
					"pmtu":	1500,
					"omitted":	false,
					"sender":	true
				}],
			"sum":	{
				"start":	0.400167,
				"end":	0.50017,
				"seconds":	0.10000299662351608,
				"bytes":	11534336,
				"bits_per_second":	922719229.578579,
				"retransmits":	0,
				"omitted":	false,
				"sender":	true
			}
		}, {
			"streams":	[{
					"socket":	5,
					"start":	0.50017,
					"end":	0.600175,
					"seconds":	0.10000500082969666,
					"bytes":	12320768,
					"bits_per_second":	985612151.214848,
					"retransmits":	0,
					"snd_cwnd":	322904,
					"snd_wnd":	774912,
					"rtt":	2259,
					"rttvar":	105,
					"pmtu":	1500,
					"omitted":	false,
					"sender":	true
				}],
			"sum":	{
				"start":	0.50017,
				"end":	0.600175,
				"seconds":	0.10000500082969666,
				"bytes":	12320768,
				"bits_per_second":	985612151.214848,
				"retransmits":	0,
				"omitted":	false,
				"sender":	true
			}
		}, {
			"streams":	[{
					"socket":	5,
					"start":	0.600175,
					"end":	0.700142,
					"seconds":	0.099967002868652344,
					"bytes":	11403264,
					"bits_per_second":	912562239.360751,
					"retransmits":	0,
					"snd_cwnd":	322904,
					"snd_wnd":	781568,
					"rtt":	2244,
					"rttvar":	67,
					"pmtu":	1500,
					"omitted":	false,
					"sender":	true
				}],
			"sum":	{
				"start":	0.600175,
				"end":	0.700142,
				"seconds":	0.099967002868652344,
				"bytes":	11403264,
				"bits_per_second":	912562239.360751,
				"retransmits":	0,
				"omitted":	false,
				"sender":	true
			}
		}, {
			"streams":	[{
					"socket":	5,
					"start":	0.700142,
					"end":	0.800181,
					"seconds":	0.10003899782896042,
					"bytes":	11534336,
					"bits_per_second":	922387169.029469,
					"retransmits":	0,
					"snd_cwnd":	322904,
					"snd_wnd":	781568,
					"rtt":	2302,
					"rttvar":	79,
					"pmtu":	1500,
					"omitted":	false,
					"sender":	true
				}],
			"sum":	{
				"start":	0.700142,
				"end":	0.800181,
				"seconds":	0.10003899782896042,
				"bytes":	11534336,
				"bits_per_second":	922387169.029469,
				"retransmits":	0,
				"omitted":	false,
				"sender":	true
			}
		}, {
			"streams":	[{
					"socket":	5,
					"start":	0.800181,
					"end":	0.900168,
					"seconds":	0.0999870002269745,
					"bytes":	12189696,
					"bits_per_second":	975302467.107036,
					"retransmits":	0,
					"snd_cwnd":	322904,
					"snd_wnd":	781568,
					"rtt":	2343,
					"rttvar":	67,
					"pmtu":	1500,
					"omitted":	false,
					"sender":	true
				}],
			"sum":	{
				"start":	0.800181,
				"end":	0.900168,
				"seconds":	0.0999870002269745,
				"bytes":	12189696,
				"bits_per_second":	975302467.107036,
				"retransmits":	0,
				"omitted":	false,
				"sender":	true
			}
		}, {
			"streams":	[{
					"socket":	5,
					"start":	0.900168,
					"end":	1.000122,
					"seconds":	0.0999540016055107,
					"bytes":	11403264,
					"bits_per_second":	912680938.578556,
					"retransmits":	0,
					"snd_cwnd":	322904,
					"snd_wnd":	781568,
					"rtt":	2238,
					"rttvar":	93,
					"pmtu":	1500,
					"omitted":	false,
					"sender":	true
				}],
			"sum":	{
				"start":	0.900168,
				"end":	1.000122,
				"seconds":	0.0999540016055107,
				"bytes":	11403264,
				"bits_per_second":	912680938.578556,
				"retransmits":	0,
				"omitted":	false,
				"sender":	true
			}
		}, {
			"streams":	[{
					"socket":	5,
					"start":	1.000122,
					"end":	1.100152,
					"seconds":	0.10002999752759933,
					"bytes":	12320768,
					"bits_per_second":	985365854.60581,
					"retransmits":	0,
					"snd_cwnd":	338832,
					"snd_wnd":	777600,
					"rtt":	2308,
					"rttvar":	70,
					"pmtu":	1500,
					"omitted":	false,
					"sender":	true
				}],
			"sum":	{
				"start":	1.000122,
				"end":	1.100152,
				"seconds":	0.10002999752759933,
				"bytes":	12320768,
				"bits_per_second":	985365854.60581,
				"retransmits":	0,
				"omitted":	false,
				"sender":	true
			}
		}, {
			"streams":	[{
					"socket":	5,
					"start":	1.100152,
					"end":	1.200159,
					"seconds":	0.10000699758529663,
					"bytes":	11272192,
					"bits_per_second":	901712261.91534233,
					"retransmits":	0,
					"snd_cwnd":	338832,
					"snd_wnd":	781568,
					"rtt":	2328,
					"rttvar":	55,
					"pmtu":	1500,
					"omitted":	false,
					"sender":	true
				}],
			"sum":	{
				"start":	1.100152,
				"end":	1.200159,
				"seconds":	0.10000699758529663,
				"bytes":	11272192,
				"bits_per_second":	901712261.91534233,
				"retransmits":	0,
				"omitted":	false,
				"sender":	true
			}
		}, {
			"streams":	[{
					"socket":	5,
					"start":	1.200159,
					"end":	1.300148,
					"seconds":	0.099988996982574463,
					"bytes":	11927552,
					"bits_per_second":	954309162.80347681,
					"retransmits":	0,
					"snd_cwnd":	338832,
					"snd_wnd":	781568,
					"rtt":	2302,
					"rttvar":	96,
					"pmtu":	1500,
					"omitted":	false,
					"sender":	true
				}],
			"sum":	{
				"start":	1.200159,
				"end":	1.300148,
				"seconds":	0.099988996982574463,
				"bytes":	11927552,
				"bits_per_second":	954309162.80347681,
				"retransmits":	0,
				"omitted":	false,
				"sender":	true
			}
		}, {
			"streams":	[{
					"socket":	5,
					"start":	1.300148,
					"end":	1.400151,
					"seconds":	0.10000299662351608,
					"bytes":	11796480,
					"bits_per_second":	943690121.15991032,
					"retransmits":	0,
					"snd_cwnd":	338832,
					"snd_wnd":	781568,
					"rtt":	2314,
					"rttvar":	52,
					"pmtu":	1500,
					"omitted":	false,
					"sender":	true
				}],
			"sum":	{
				"start":	1.300148,
				"end":	1.400151,
				"seconds":	0.10000299662351608,
				"bytes":	11796480,
				"bits_per_second":	943690121.15991032,
				"retransmits":	0,
				"omitted":	false,
				"sender":	true
			}
		}, {
			"streams":	[{
					"socket":	5,
					"start":	1.400151,
					"end":	1.500174,
					"seconds":	0.10002300143241882,
					"bytes":	12058624,
					"bits_per_second":	964468078.52671659,
					"retransmits":	0,
					"snd_cwnd":	338832,
					"snd_wnd":	781568,
					"rtt":	2334,
					"rttvar":	80,
					"pmtu":	1500,
					"omitted":	false,
					"sender":	true
				}],
			"sum":	{
				"start":	1.400151,
				"end":	1.500174,
				"seconds":	0.10002300143241882,
				"bytes":	12058624,
				"bits_per_second":	964468078.52671659,
				"retransmits":	0,
				"omitted":	false,
				"sender":	true
			}
		}, {
			"streams":	[{
					"socket":	5,
					"start":	1.500174,
					"end":	1.600153,
					"seconds":	0.0999789983034134,
					"bytes":	11403264,
					"bits_per_second":	912452750.55816841,
					"retransmits":	0,
					"snd_cwnd":	338832,
					"snd_wnd":	781568,
					"rtt":	2347,
					"rttvar":	73,
					"pmtu":	1500,
					"omitted":	false,
					"sender":	true
				}],
			"sum":	{
				"start":	1.500174,
				"end":	1.600153,
				"seconds":	0.0999789983034134,
				"bytes":	11403264,
				"bits_per_second":	912452750.55816841,
				"retransmits":	0,
				"omitted":	false,
				"sender":	true
			}
		}, {
			"streams":	[{
					"socket":	5,
					"start":	1.600153,
					"end":	1.700151,
					"seconds":	0.099997997283935547,
					"bytes":	12058624,
					"bits_per_second":	964709240.38693249,
					"retransmits":	0,
					"snd_cwnd":	338832,
					"snd_wnd":	775168,
					"rtt":	2309,
					"rttvar":	55,
					"pmtu":	1500,
					"omitted":	false,
					"sender":	true
				}],
			"sum":	{
				"start":	1.600153,
				"end":	1.700151,
				"seconds":	0.099997997283935547,
				"bytes":	12058624,
				"bits_per_second":	964709240.38693249,
				"retransmits":	0,
				"omitted":	false,
				"sender":	true
			}
		}, {
			"streams":	[{
					"socket":	5,
					"start":	1.700151,
					"end":	1.800156,
					"seconds":	0.10000500082969666,
					"bytes":	11272192,
					"bits_per_second":	901730266.005074,
					"retransmits":	0,
					"snd_cwnd":	338832,
					"snd_wnd":	781568,
					"rtt":	2365,
					"rttvar":	76,
					"pmtu":	1500,
					"omitted":	false,
					"sender":	true
				}],
			"sum":	{
				"start":	1.700151,
				"end":	1.800156,
				"seconds":	0.10000500082969666,
				"bytes":	11272192,
				"bits_per_second":	901730266.005074,
				"retransmits":	0,
				"omitted":	false,
				"sender":	true
			}
		}, {
			"streams":	[{
					"socket":	5,
					"start":	1.800156,
					"end":	1.900148,
					"seconds":	0.099991999566555023,
					"bytes":	12058624,
					"bits_per_second":	964767105.55017853,
					"retransmits":	0,
					"snd_cwnd":	338832,
					"snd_wnd":	781568,
					"rtt":	2326,
					"rttvar":	70,
					"pmtu":	1500,
					"omitted":	false,
					"sender":	true
				}],
			"sum":	{
				"start":	1.800156,
				"end":	1.900148,
				"seconds":	0.099991999566555023,
				"bytes":	12058624,
				"bits_per_second":	964767105.55017853,
				"retransmits":	0,
				"omitted":	false,
				"sender":	true
			}
		}, {
			"streams":	[{
					"socket":	5,
					"start":	1.900148,
					"end":	2.000166,
					"seconds":	0.10001800209283829,
					"bytes":	11534336,
					"bits_per_second":	922580796.148569,
					"retransmits":	0,
					"snd_cwnd":	338832,
					"snd_wnd":	781568,
					"rtt":	2326,
					"rttvar":	69,
					"pmtu":	1500,
					"omitted":	false,
					"sender":	true
				}],
			"sum":	{
				"start":	1.900148,
				"end":	2.000166,
				"seconds":	0.10001800209283829,
				"bytes":	11534336,
				"bits_per_second":	922580796.148569,
				"retransmits":	0,
				"omitted":	false,
				"sender":	true
			}
		}, {
			"streams":	[{
					"socket":	5,
					"start":	2.000166,
					"end":	2.100165,
					"seconds":	0.099999003112316132,
					"bytes":	12189696,
					"bits_per_second":	975185401.5031625,
					"retransmits":	0,
					"snd_cwnd":	338832,
					"snd_wnd":	771200,
					"rtt":	2278,
					"rttvar":	78,
					"pmtu":	1500,
					"omitted":	false,
					"sender":	true
				}],
			"sum":	{
				"start":	2.000166,
				"end":	2.100165,
				"seconds":	0.099999003112316132,
				"bytes":	12189696,
				"bits_per_second":	975185401.5031625,
				"retransmits":	0,
				"omitted":	false,
				"sender":	true
			}
		}, {
			"streams":	[{
					"socket":	5,
					"start":	2.100165,
					"end":	2.20015,
					"seconds":	0.0999850034713745,
					"bytes":	11796480,
					"bits_per_second":	943859946.2270205,
					"retransmits":	0,
					"snd_cwnd":	338832,
					"snd_wnd":	781568,
					"rtt":	2318,
					"rttvar":	62,
					"pmtu":	1500,
					"omitted":	false,
					"sender":	true
				}],
			"sum":	{
				"start":	2.100165,
				"end":	2.20015,
				"seconds":	0.0999850034713745,
				"bytes":	11796480,
				"bits_per_second":	943859946.2270205,
				"retransmits":	0,
				"omitted":	false,
				"sender":	true
			}
		}, {
			"streams":	[{
					"socket":	5,
					"start":	2.20015,
					"end":	2.300157,
					"seconds":	0.10000699758529663,
					"bytes":	11665408,
					"bits_per_second":	933167340.819366,
					"retransmits":	0,
					"snd_cwnd":	338832,
					"snd_wnd":	781568,
					"rtt":	2363,
					"rttvar":	49,
					"pmtu":	1500,
					"omitted":	false,
					"sender":	true
				}],
			"sum":	{
				"start":	2.20015,
				"end":	2.300157,
				"seconds":	0.10000699758529663,
				"bytes":	11665408,
				"bits_per_second":	933167340.819366,
				"retransmits":	0,
				"omitted":	false,
				"sender":	true
			}
		}, {
			"streams":	[{
					"socket":	5,
					"start":	2.300157,
					"end":	2.400167,
					"seconds":	0.10001000016927719,
					"bytes":	11534336,
					"bits_per_second":	922654612.9768585,
					"retransmits":	0,
					"snd_cwnd":	338832,
					"snd_wnd":	781568,
					"rtt":	2340,
					"rttvar":	72,
					"pmtu":	1500,
					"omitted":	false,
					"sender":	true
				}],
			"sum":	{
				"start":	2.300157,
				"end":	2.400167,
				"seconds":	0.10001000016927719,
				"bytes":	11534336,
				"bits_per_second":	922654612.9768585,
				"retransmits":	0,
				"omitted":	false,
				"sender":	true
			}
		}, {
			"streams":	[{
					"socket":	5,
					"start":	2.400167,
					"end":	2.500161,
					"seconds":	0.099993996322155,
					"bytes":	11927552,
					"bits_per_second":	954261450.783304,
					"retransmits":	0,
					"snd_cwnd":	338832,
					"snd_wnd":	780160,
					"rtt":	2312,
					"rttvar":	116,
					"pmtu":	1500,
					"omitted":	false,
					"sender":	true
				}],
			"sum":	{
				"start":	2.400167,
				"end":	2.500161,
				"seconds":	0.099993996322155,
				"bytes":	11927552,
				"bits_per_second":	954261450.783304,
				"retransmits":	0,
				"omitted":	false,
				"sender":	true
			}
		}, {
			"streams":	[{
					"socket":	5,
					"start":	2.500161,
					"end":	2.600161,
					"seconds":	0.10000000149011612,
					"bytes":	11403264,
					"bits_per_second":	912261106.40625024,
					"retransmits":	0,
					"snd_cwnd":	338832,
					"snd_wnd":	773760,
					"rtt":	2264,
					"rttvar":	83,
					"pmtu":	1500,
					"omitted":	false,
					"sender":	true
				}],
			"sum":	{
				"start":	2.500161,
				"end":	2.600161,
				"seconds":	0.10000000149011612,
				"bytes":	11403264,
				"bits_per_second":	912261106.40625024,
				"retransmits":	0,
				"omitted":	false,
				"sender":	true
			}
		}, {
			"streams":	[{
					"socket":	5,
					"start":	2.600161,
					"end":	2.700176,
					"seconds":	0.10001499950885773,
					"bytes":	11927552,
					"bits_per_second":	954061055.527468,
					"retransmits":	0,
					"snd_cwnd":	338832,
					"snd_wnd":	781568,
					"rtt":	2338,
					"rttvar":	53,
					"pmtu":	1500,
					"omitted":	false,
					"sender":	true
				}],
			"sum":	{
				"start":	2.600161,
				"end":	2.700176,
				"seconds":	0.10001499950885773,
				"bytes":	11927552,
				"bits_per_second":	954061055.527468,
				"retransmits":	0,
				"omitted":	false,
				"sender":	true
			}
		}, {
			"streams":	[{
					"socket":	5,
					"start":	2.700176,
					"end":	2.800127,
					"seconds":	0.099950999021530151,
					"bytes":	11796480,
					"bits_per_second":	944181057.956926,
					"retransmits":	0,
					"snd_cwnd":	338832,
					"snd_wnd":	781568,
					"rtt":	2347,
					"rttvar":	73,
					"pmtu":	1500,
					"omitted":	false,
					"sender":	true
				}],
			"sum":	{
				"start":	2.700176,
				"end":	2.800127,
				"seconds":	0.099950999021530151,
				"bytes":	11796480,
				"bits_per_second":	944181057.956926,
				"retransmits":	0,
				"omitted":	false,
				"sender":	true
			}
		}, {
			"streams":	[{
					"socket":	5,
					"start":	2.800127,
					"end":	2.900171,
					"seconds":	0.10004399716854095,
					"bytes":	11927552,
					"bits_per_second":	953784521.816419,
					"retransmits":	0,
					"snd_cwnd":	338832,
					"snd_wnd":	781568,
					"rtt":	2330,
					"rttvar":	80,
					"pmtu":	1500,
					"omitted":	false,
					"sender":	true
				}],
			"sum":	{
				"start":	2.800127,
				"end":	2.900171,
				"seconds":	0.10004399716854095,
				"bytes":	11927552,
				"bits_per_second":	953784521.816419,
				"retransmits":	0,
				"omitted":	false,
				"sender":	true
			}
		}, {
			"streams":	[{
					"socket":	5,
					"start":	2.900171,
					"end":	3.000169,
					"seconds":	0.099997997283935547,
					"bytes":	11534336,
					"bits_per_second":	922765360.37010932,
					"retransmits":	0,
					"snd_cwnd":	338832,
					"snd_wnd":	781568,
					"rtt":	2332,
					"rttvar":	64,
					"pmtu":	1500,
					"omitted":	false,
					"sender":	true
				}],
			"sum":	{
				"start":	2.900171,
				"end":	3.000169,
				"seconds":	0.099997997283935547,
				"bytes":	11534336,
				"bits_per_second":	922765360.37010932,
				"retransmits":	0,
				"omitted":	false,
				"sender":	true
			}
		}, {
			"streams":	[{
					"socket":	5,
					"start":	3.000169,
					"end":	3.101295,
					"seconds":	0.10112600028514862,
					"bytes":	12058624,
					"bits_per_second":	953948457.646727,
					"retransmits":	0,
					"snd_cwnd":	338832,
					"snd_wnd":	767232,
					"rtt":	2336,
					"rttvar":	59,
					"pmtu":	1500,
					"omitted":	false,
					"sender":	true
				}],
			"sum":	{
				"start":	3.000169,
				"end":	3.101295,
				"seconds":	0.10112600028514862,
				"bytes":	12058624,
				"bits_per_second":	953948457.646727,
				"retransmits":	0,
				"omitted":	false,
				"sender":	true
			}
		}, {
			"streams":	[{
					"socket":	5,
					"start":	3.101295,
					"end":	3.20017,
					"seconds":	0.0988750010728836,
					"bytes":	11141120,
					"bits_per_second":	901430685.54103458,
					"retransmits":	0,
					"snd_cwnd":	338832,
					"snd_wnd":	781568,
					"rtt":	2365,
					"rttvar":	77,
					"pmtu":	1500,
					"omitted":	false,
					"sender":	true
				}],
			"sum":	{
				"start":	3.101295,
				"end":	3.20017,
				"seconds":	0.0988750010728836,
				"bytes":	11141120,
				"bits_per_second":	901430685.54103458,
				"retransmits":	0,
				"omitted":	false,
				"sender":	true
			}
		}, {
			"streams":	[{
					"socket":	5,
					"start":	3.20017,
					"end":	3.300154,
					"seconds":	0.099983997642993927,
					"bytes":	12058624,
					"bits_per_second":	964844317.83229232,
					"retransmits":	0,
					"snd_cwnd":	338832,
					"snd_wnd":	781568,
					"rtt":	2333,
					"rttvar":	53,
					"pmtu":	1500,
					"omitted":	false,
					"sender":	true
				}],
			"sum":	{
				"start":	3.20017,
				"end":	3.300154,
				"seconds":	0.099983997642993927,
				"bytes":	12058624,
				"bits_per_second":	964844317.83229232,
				"retransmits":	0,
				"omitted":	false,
				"sender":	true
			}
		}, {
			"streams":	[{
					"socket":	5,
					"start":	3.300154,
					"end":	3.400154,
					"seconds":	0.10000000149011612,
					"bytes":	11927552,
					"bits_per_second":	954204145.78125024,
					"retransmits":	0,
					"snd_cwnd":	338832,
					"snd_wnd":	781568,
					"rtt":	2313,
					"rttvar":	72,
					"pmtu":	1500,
					"omitted":	false,
					"sender":	true
				}],
			"sum":	{
				"start":	3.300154,
				"end":	3.400154,
				"seconds":	0.10000000149011612,
				"bytes":	11927552,
				"bits_per_second":	954204145.78125024,
				"retransmits":	0,
				"omitted":	false,
				"sender":	true
			}
		}, {
			"streams":	[{
					"socket":	5,
					"start":	3.400154,
					"end":	3.500171,
					"seconds":	0.1000170037150383,
					"bytes":	11927552,
					"bits_per_second":	954041937.427614,
					"retransmits":	0,
					"snd_cwnd":	338832,
					"snd_wnd":	771200,
					"rtt":	2319,
					"rttvar":	67,
					"pmtu":	1500,
					"omitted":	false,
					"sender":	true
				}],
			"sum":	{
				"start":	3.400154,
				"end":	3.500171,
				"seconds":	0.1000170037150383,
				"bytes":	11927552,
				"bits_per_second":	954041937.427614,
				"retransmits":	0,
				"omitted":	false,
				"sender":	true
			}
		}, {
			"streams":	[{
					"socket":	5,
					"start":	3.500171,
					"end":	3.600177,
					"seconds":	0.10000599920749664,
					"bytes":	11403264,
					"bits_per_second":	912206394.84557557,
					"retransmits":	0,
					"snd_cwnd":	338832,
					"snd_wnd":	781568,
					"rtt":	2315,
					"rttvar":	77,
					"pmtu":	1500,
					"omitted":	false,
					"sender":	true
				}],
			"sum":	{
				"start":	3.500171,
				"end":	3.600177,
				"seconds":	0.10000599920749664,
				"bytes":	11403264,
				"bits_per_second":	912206394.84557557,
				"retransmits":	0,
				"omitted":	false,
				"sender":	true
			}
		}, {
			"streams":	[{
					"socket":	5,
					"start":	3.600177,
					"end":	3.700171,
					"seconds":	0.099993996322155,
					"bytes":	11927552,
					"bits_per_second":	954261450.783304,
					"retransmits":	0,
					"snd_cwnd":	338832,
					"snd_wnd":	781568,
					"rtt":	2353,
					"rttvar":	89,
					"pmtu":	1500,
					"omitted":	false,
					"sender":	true
				}],
			"sum":	{
				"start":	3.600177,
				"end":	3.700171,
				"seconds":	0.099993996322155,
				"bytes":	11927552,
				"bits_per_second":	954261450.783304,
				"retransmits":	0,
				"omitted":	false,
				"sender":	true
			}
		}, {
			"streams":	[{
					"socket":	5,
					"start":	3.700171,
					"end":	3.800173,
					"seconds":	0.10000199824571609,
					"bytes":	11927552,
					"bits_per_second":	954185093.03725481,
					"retransmits":	0,
					"snd_cwnd":	338832,
					"snd_wnd":	781568,
					"rtt":	2341,
					"rttvar":	61,
					"pmtu":	1500,
					"omitted":	false,
					"sender":	true
				}],
			"sum":	{
				"start":	3.700171,
				"end":	3.800173,
				"seconds":	0.10000199824571609,
				"bytes":	11927552,
				"bits_per_second":	954185093.03725481,
				"retransmits":	0,
				"omitted":	false,
				"sender":	true
			}
		}, {
			"streams":	[{
					"socket":	5,
					"start":	3.800173,
					"end":	3.900134,
					"seconds":	0.099960997700691223,
					"bytes":	11403264,
					"bits_per_second":	912617061.637923,
					"retransmits":	0,
					"snd_cwnd":	338832,
					"snd_wnd":	781568,
					"rtt":	2295,
					"rttvar":	78,
					"pmtu":	1500,
					"omitted":	false,
					"sender":	true
				}],
			"sum":	{
				"start":	3.800173,
				"end":	3.900134,
				"seconds":	0.099960997700691223,
				"bytes":	11403264,
				"bits_per_second":	912617061.637923,
				"retransmits":	0,
				"omitted":	false,
				"sender":	true
			}
		}, {
			"streams":	[{
					"socket":	5,
					"start":	3.900134,
					"end":	4.000131,
					"seconds":	0.099996998906135559,
					"bytes":	11796480,
					"bits_per_second":	943746722.72499156,
					"retransmits":	0,
					"snd_cwnd":	338832,
					"snd_wnd":	781568,
					"rtt":	2347,
					"rttvar":	71,
					"pmtu":	1500,
					"omitted":	false,
					"sender":	true
				}],
			"sum":	{
				"start":	3.900134,
				"end":	4.000131,
				"seconds":	0.099996998906135559,
				"bytes":	11796480,
				"bits_per_second":	943746722.72499156,
				"retransmits":	0,
				"omitted":	false,
				"sender":	true
			}
		}, {
			"streams":	[{
					"socket":	5,
					"start":	4.000131,
					"end":	4.100131,
					"seconds":	0.10000000149011612,
					"bytes":	12058624,
					"bits_per_second":	964689905.62500024,
					"retransmits":	0,
					"snd_cwnd":	338832,
					"snd_wnd":	781568,
					"rtt":	2345,
					"rttvar":	55,
					"pmtu":	1500,
					"omitted":	false,
					"sender":	true
				}],
			"sum":	{
				"start":	4.000131,
				"end":	4.100131,
				"seconds":	0.10000000149011612,
				"bytes":	12058624,
				"bits_per_second":	964689905.62500024,
				"retransmits":	0,
				"omitted":	false,
				"sender":	true
			}
		}, {
			"streams":	[{
					"socket":	5,
					"start":	4.100131,
					"end":	4.200155,
					"seconds":	0.10002399981021881,
					"bytes":	11272192,
					"bits_per_second":	901558987.55397642,
					"retransmits":	0,
					"snd_cwnd":	338832,
					"snd_wnd":	781568,
					"rtt":	2363,
					"rttvar":	70,
					"pmtu":	1500,
					"omitted":	false,
					"sender":	true
				}],
			"sum":	{
				"start":	4.100131,
				"end":	4.200155,
				"seconds":	0.10002399981021881,
				"bytes":	11272192,
				"bits_per_second":	901558987.55397642,
				"retransmits":	0,
				"omitted":	false,
				"sender":	true
			}
		}, {
			"streams":	[{
					"socket":	5,
					"start":	4.200155,
					"end":	4.300128,
					"seconds":	0.099973000586032867,
					"bytes":	11927552,
					"bits_per_second":	954461859.108499,
					"retransmits":	0,
					"snd_cwnd":	338832,
					"snd_wnd":	781568,
					"rtt":	2331,
					"rttvar":	80,
					"pmtu":	1500,
					"omitted":	false,
					"sender":	true
				}],
			"sum":	{
				"start":	4.200155,
				"end":	4.300128,
				"seconds":	0.099973000586032867,
				"bytes":	11927552,
				"bits_per_second":	954461859.108499,
				"retransmits":	0,
				"omitted":	false,
				"sender":	true
			}
		}, {
			"streams":	[{
					"socket":	5,
					"start":	4.300128,
					"end":	4.400135,
					"seconds":	0.10000699758529663,
					"bytes":	11796480,
					"bits_per_second":	943652367.120707,
					"retransmits":	0,
					"snd_cwnd":	338832,
					"snd_wnd":	781568,
					"rtt":	2366,
					"rttvar":	85,
					"pmtu":	1500,
					"omitted":	false,
					"sender":	true
				}],
			"sum":	{
				"start":	4.300128,
				"end":	4.400135,
				"seconds":	0.10000699758529663,
				"bytes":	11796480,
				"bits_per_second":	943652367.120707,
				"retransmits":	0,
				"omitted":	false,
				"sender":	true
			}
		}, {
			"streams":	[{
					"socket":	5,
					"start":	4.400135,
					"end":	4.500173,
					"seconds":	0.10003799945116043,
					"bytes":	11927552,
					"bits_per_second":	953841705.38701367,
					"retransmits":	0,
					"snd_cwnd":	338832,
					"snd_wnd":	781568,
					"rtt":	2287,
					"rttvar":	56,
					"pmtu":	1500,
					"omitted":	false,
					"sender":	true
				}],
			"sum":	{
				"start":	4.400135,
				"end":	4.500173,
				"seconds":	0.10003799945116043,
				"bytes":	11927552,
				"bits_per_second":	953841705.38701367,
				"retransmits":	0,
				"omitted":	false,
				"sender":	true
			}
		}, {
			"streams":	[{
					"socket":	5,
					"start":	4.500173,
					"end":	4.600163,
					"seconds":	0.099990002810955048,
					"bytes":	12058624,
					"bits_per_second":	964786371.51744056,
					"retransmits":	0,
					"snd_cwnd":	338832,
					"snd_wnd":	781568,
					"rtt":	2310,
					"rttvar":	88,
					"pmtu":	1500,
					"omitted":	false,
					"sender":	true
				}],
			"sum":	{
				"start":	4.500173,
				"end":	4.600163,
				"seconds":	0.099990002810955048,
				"bytes":	12058624,
				"bits_per_second":	964786371.51744056,
				"retransmits":	0,
				"omitted":	false,
				"sender":	true
			}
		}, {
			"streams":	[{
					"socket":	5,
					"start":	4.600163,
					"end":	4.700149,
					"seconds":	0.0999860018491745,
					"bytes":	11403264,
					"bits_per_second":	912388837.56559741,
					"retransmits":	0,
					"snd_cwnd":	338832,
					"snd_wnd":	781568,
					"rtt":	2305,
					"rttvar":	57,
					"pmtu":	1500,
					"omitted":	false,
					"sender":	true
				}],
			"sum":	{
				"start":	4.600163,
				"end":	4.700149,
				"seconds":	0.0999860018491745,
				"bytes":	11403264,
				"bits_per_second":	912388837.56559741,
				"retransmits":	0,
				"omitted":	false,
				"sender":	true
			}
		}, {
			"streams":	[{
					"socket":	5,
					"start":	4.700149,
					"end":	4.800149,
					"seconds":	0.10000000149011612,
					"bytes":	11927552,
					"bits_per_second":	954204145.78125024,
					"retransmits":	0,
					"snd_cwnd":	338832,
					"snd_wnd":	781568,
					"rtt":	2340,
					"rttvar":	70,
					"pmtu":	1500,
					"omitted":	false,
					"sender":	true
				}],
			"sum":	{
				"start":	4.700149,
				"end":	4.800149,
				"seconds":	0.10000000149011612,
				"bytes":	11927552,
				"bits_per_second":	954204145.78125024,
				"retransmits":	0,
				"omitted":	false,
				"sender":	true
			}
		}, {
			"streams":	[{
					"socket":	5,
					"start":	4.800149,
					"end":	4.900129,
					"seconds":	0.099979996681213379,
					"bytes":	11927552,
					"bits_per_second":	954395070.68847358,
					"retransmits":	0,
					"snd_cwnd":	338832,
					"snd_wnd":	781568,
					"rtt":	2349,
					"rttvar":	70,
					"pmtu":	1500,
					"omitted":	false,
					"sender":	true
				}],
			"sum":	{
				"start":	4.800149,
				"end":	4.900129,
				"seconds":	0.099979996681213379,
				"bytes":	11927552,
				"bits_per_second":	954395070.68847358,
				"retransmits":	0,
				"omitted":	false,
				"sender":	true
			}
		}, {
			"streams":	[{
					"socket":	5,
					"start":	4.900129,
					"end":	5.000131,
					"seconds":	0.10000199824571609,
					"bytes":	11141120,
					"bits_per_second":	891271790.1996336,
					"retransmits":	0,
					"snd_cwnd":	338832,
					"snd_wnd":	781568,
					"rtt":	2325,
					"rttvar":	85,
					"pmtu":	1500,
					"omitted":	false,
					"sender":	true
				}],
			"sum":	{
				"start":	4.900129,
				"end":	5.000131,
				"seconds":	0.10000199824571609,
				"bytes":	11141120,
				"bits_per_second":	891271790.1996336,
				"retransmits":	0,
				"omitted":	false,
				"sender":	true
			}
		}, {
			"streams":	[{
					"socket":	5,
					"start":	5.000131,
					"end":	5.100131,
					"seconds":	0.10000000149011612,
					"bytes":	11927552,
					"bits_per_second":	954204145.78125024,
					"retransmits":	0,
					"snd_cwnd":	338832,
					"snd_wnd":	781568,
					"rtt":	2341,
					"rttvar":	76,
					"pmtu":	1500,
					"omitted":	false,
					"sender":	true
				}],
			"sum":	{
				"start":	5.000131,
				"end":	5.100131,
				"seconds":	0.10000000149011612,
				"bytes":	11927552,
				"bits_per_second":	954204145.78125024,
				"retransmits":	0,
				"omitted":	false,
				"sender":	true
			}
		}, {
			"streams":	[{
					"socket":	5,
					"start":	5.100131,
					"end":	5.200122,
					"seconds":	0.099991001188755035,
					"bytes":	12189696,
					"bits_per_second":	975263442.11629725,
					"retransmits":	0,
					"snd_cwnd":	357656,
					"snd_wnd":	781568,
					"rtt":	2354,
					"rttvar":	60,
					"pmtu":	1500,
					"omitted":	false,
					"sender":	true
				}],
			"sum":	{
				"start":	5.100131,
				"end":	5.200122,
				"seconds":	0.099991001188755035,
				"bytes":	12189696,
				"bits_per_second":	975263442.11629725,
				"retransmits":	0,
				"omitted":	false,
				"sender":	true
			}
		}, {
			"streams":	[{
					"socket":	5,
					"start":	5.200122,
					"end":	5.300121,
					"seconds":	0.099999003112316132,
					"bytes":	11403264,
					"bits_per_second":	912270214.30941,
					"retransmits":	0,
					"snd_cwnd":	382272,
					"snd_wnd":	768512,
					"rtt":	2382,
					"rttvar":	82,
					"pmtu":	1500,
					"omitted":	false,
					"sender":	true
				}],
			"sum":	{
				"start":	5.200122,
				"end":	5.300121,
				"seconds":	0.099999003112316132,
				"bytes":	11403264,
				"bits_per_second":	912270214.30941,
				"retransmits":	0,
				"omitted":	false,
				"sender":	true
			}
		}, {
			"streams":	[{
					"socket":	5,
					"start":	5.300121,
					"end":	5.400139,
					"seconds":	0.10001800209283829,
					"bytes":	12189696,
					"bits_per_second":	975000159.56610143,
					"retransmits":	0,
					"snd_cwnd":	382272,
					"snd_wnd":	772480,
					"rtt":	2461,
					"rttvar":	78,
					"pmtu":	1500,
					"omitted":	false,
					"sender":	true
				}],
			"sum":	{
				"start":	5.300121,
				"end":	5.400139,
				"seconds":	0.10001800209283829,
				"bytes":	12189696,
				"bits_per_second":	975000159.56610143,
				"retransmits":	0,
				"omitted":	false,
				"sender":	true
			}
		}, {
			"streams":	[{
					"socket":	5,
					"start":	5.400139,
					"end":	5.500127,
					"seconds":	0.099987998604774475,
					"bytes":	11534336,
					"bits_per_second":	922857635.79224038,
					"retransmits":	0,
					"snd_cwnd":	382272,
					"snd_wnd":	781568,
					"rtt":	2465,
					"rttvar":	79,
					"pmtu":	1500,
					"omitted":	false,
					"sender":	true
				}],
			"sum":	{
				"start":	5.400139,
				"end":	5.500127,
				"seconds":	0.099987998604774475,
				"bytes":	11534336,
				"bits_per_second":	922857635.79224038,
				"retransmits":	0,
				"omitted":	false,
				"sender":	true
			}
		}, {
			"streams":	[{
					"socket":	5,
					"start":	5.500127,
					"end":	5.600129,
					"seconds":	0.10000199824571609,
					"bytes":	12189696,
					"bits_per_second":	975156193.98312855,
					"retransmits":	0,
					"snd_cwnd":	382272,
					"snd_wnd":	781568,
					"rtt":	2471,
					"rttvar":	71,
					"pmtu":	1500,
					"omitted":	false,
					"sender":	true
				}],
			"sum":	{
				"start":	5.500127,
				"end":	5.600129,
				"seconds":	0.10000199824571609,
				"bytes":	12189696,
				"bits_per_second":	975156193.98312855,
				"retransmits":	0,
				"omitted":	false,
				"sender":	true
			}
		}, {
			"streams":	[{
					"socket":	5,
					"start":	5.600129,
					"end":	5.700177,
					"seconds":	0.1000479981303215,
					"bytes":	11665408,
					"bits_per_second":	932784920.67815351,
					"retransmits":	0,
					"snd_cwnd":	382272,
					"snd_wnd":	781568,
					"rtt":	2356,
					"rttvar":	62,
					"pmtu":	1500,
					"omitted":	false,
					"sender":	true
				}],
			"sum":	{
				"start":	5.600129,
				"end":	5.700177,
				"seconds":	0.1000479981303215,
				"bytes":	11665408,
				"bits_per_second":	932784920.67815351,
				"retransmits":	0,
				"omitted":	false,
				"sender":	true
			}
		}, {
			"streams":	[{
					"socket":	5,
					"start":	5.700177,
					"end":	5.80013,
					"seconds":	0.099953003227710724,
					"bytes":	11403264,
					"bits_per_second":	912690054.86679256,
					"retransmits":	0,
					"snd_cwnd":	382272,
					"snd_wnd":	781568,
					"rtt":	2385,
					"rttvar":	69,
					"pmtu":	1500,
					"omitted":	false,
					"sender":	true
				}],
			"sum":	{
				"start":	5.700177,
				"end":	5.80013,
				"seconds":	0.099953003227710724,
				"bytes":	11403264,
				"bits_per_second":	912690054.86679256,
				"retransmits":	0,
				"omitted":	false,
				"sender":	true
			}
		}, {
			"streams":	[{
					"socket":	5,
					"start":	5.80013,
					"end":	5.900155,
					"seconds":	0.1000249981880188,
					"bytes":	12320768,
					"bits_per_second":	985415104.07951653,
					"retransmits":	0,
					"snd_cwnd":	382272,
					"snd_wnd":	781568,
					"rtt":	2450,
					"rttvar":	57,
					"pmtu":	1500,
					"omitted":	false,
					"sender":	true
				}],
			"sum":	{
				"start":	5.80013,
				"end":	5.900155,
				"seconds":	0.1000249981880188,
				"bytes":	12320768,
				"bits_per_second":	985415104.07951653,
				"retransmits":	0,
				"omitted":	false,
				"sender":	true
			}
		}, {
			"streams":	[{
					"socket":	5,
					"start":	5.900155,
					"end":	6.000122,
					"seconds":	0.099967002868652344,
					"bytes":	11534336,
					"bits_per_second":	923051460.5028286,
					"retransmits":	0,
					"snd_cwnd":	382272,
					"snd_wnd":	781568,
					"rtt":	2444,
					"rttvar":	84,
					"pmtu":	1500,
					"omitted":	false,
					"sender":	true
				}],
			"sum":	{
				"start":	5.900155,
				"end":	6.000122,
				"seconds":	0.099967002868652344,
				"bytes":	11534336,
				"bits_per_second":	923051460.5028286,
				"retransmits":	0,
				"omitted":	false,
				"sender":	true
			}
		}, {
			"streams":	[{
					"socket":	5,
					"start":	6.000122,
					"end":	6.100163,
					"seconds":	0.100041002035141,
					"bytes":	11403264,
					"bits_per_second":	911887227.678461,
					"retransmits":	0,
					"snd_cwnd":	382272,
					"snd_wnd":	781568,
					"rtt":	2408,
					"rttvar":	98,
					"pmtu":	1500,
					"omitted":	false,
					"sender":	true
				}],
			"sum":	{
				"start":	6.000122,
				"end":	6.100163,
				"seconds":	0.100041002035141,
				"bytes":	11403264,
				"bits_per_second":	911887227.678461,
				"retransmits":	0,
				"omitted":	false,
				"sender":	true
			}
		}, {
			"streams":	[{
					"socket":	5,
					"start":	6.100163,
					"end":	6.20015,
					"seconds":	0.0999870002269745,
					"bytes":	12189696,
					"bits_per_second":	975302467.107036,
					"retransmits":	0,
					"snd_cwnd":	382272,
					"snd_wnd":	781568,
					"rtt":	2459,
					"rttvar":	84,
					"pmtu":	1500,
					"omitted":	false,
					"sender":	true
				}],
			"sum":	{
				"start":	6.100163,
				"end":	6.20015,
				"seconds":	0.0999870002269745,
				"bytes":	12189696,
				"bits_per_second":	975302467.107036,
				"retransmits":	0,
				"omitted":	false,
				"sender":	true
			}
		}, {
			"streams":	[{
					"socket":	5,
					"start":	6.20015,
					"end":	6.300173,
					"seconds":	0.10002300143241882,
					"bytes":	11534336,
					"bits_per_second":	922534683.80816364,
					"retransmits":	0,
					"snd_cwnd":	382272,
					"snd_wnd":	781568,
					"rtt":	2370,
					"rttvar":	51,
					"pmtu":	1500,
					"omitted":	false,
					"sender":	true
				}],
			"sum":	{
				"start":	6.20015,
				"end":	6.300173,
				"seconds":	0.10002300143241882,
				"bytes":	11534336,
				"bits_per_second":	922534683.80816364,
				"retransmits":	0,
				"omitted":	false,
				"sender":	true
			}
		}, {
			"streams":	[{
					"socket":	5,
					"start":	6.300173,
					"end":	6.400172,
					"seconds":	0.099999003112316132,
					"bytes":	12189696,
					"bits_per_second":	975185401.5031625,
					"retransmits":	0,
					"snd_cwnd":	382272,
					"snd_wnd":	767232,
					"rtt":	2345,
					"rttvar":	61,
					"pmtu":	1500,
					"omitted":	false,
					"sender":	true
				}],
			"sum":	{
				"start":	6.300173,
				"end":	6.400172,
				"seconds":	0.099999003112316132,
				"bytes":	12189696,
				"bits_per_second":	975185401.5031625,
				"retransmits":	0,
				"omitted":	false,
				"sender":	true
			}
		}, {
			"streams":	[{
					"socket":	5,
					"start":	6.400172,
					"end":	6.500171,
					"seconds":	0.099999003112316132,
					"bytes":	11403264,
					"bits_per_second":	912270214.30941,
					"retransmits":	0,
					"snd_cwnd":	382272,
					"snd_wnd":	781568,
					"rtt":	2404,
					"rttvar":	105,
					"pmtu":	1500,
					"omitted":	false,
					"sender":	true
				}],
			"sum":	{
				"start":	6.400172,
				"end":	6.500171,
				"seconds":	0.099999003112316132,
				"bytes":	11403264,
				"bits_per_second":	912270214.30941,
				"retransmits":	0,
				"omitted":	false,
				"sender":	true
			}
		}, {
			"streams":	[{
					"socket":	5,
					"start":	6.500171,
					"end":	6.600175,
					"seconds":	0.10000400245189667,
					"bytes":	11534336,
					"bits_per_second":	922709948.97814643,
					"retransmits":	0,
					"snd_cwnd":	382272,
					"snd_wnd":	781568,
					"rtt":	2447,
					"rttvar":	76,
					"pmtu":	1500,
					"omitted":	false,
					"sender":	true
				}],
			"sum":	{
				"start":	6.500171,
				"end":	6.600175,
				"seconds":	0.10000400245189667,
				"bytes":	11534336,
				"bits_per_second":	922709948.97814643,
				"retransmits":	0,
				"omitted":	false,
				"sender":	true
			}
		}, {
			"streams":	[{
					"socket":	5,
					"start":	6.600175,
					"end":	6.700135,
					"seconds":	0.099959999322891235,
					"bytes":	12189696,
					"bits_per_second":	975565912.97083068,
					"retransmits":	0,
					"snd_cwnd":	382272,
					"snd_wnd":	781568,
					"rtt":	2404,
					"rttvar":	65,
					"pmtu":	1500,
					"omitted":	false,
					"sender":	true
				}],
			"sum":	{
				"start":	6.600175,
				"end":	6.700135,
				"seconds":	0.099959999322891235,
				"bytes":	12189696,
				"bits_per_second":	975565912.97083068,
				"retransmits":	0,
				"omitted":	false,
				"sender":	true
			}
		}, {
			"streams":	[{
					"socket":	5,
					"start":	6.700135,
					"end":	6.800163,
					"seconds":	0.10002800077199936,
					"bytes":	11534336,
					"bits_per_second":	922488576.07709253,
					"retransmits":	0,
					"snd_cwnd":	382272,
					"snd_wnd":	772480,
					"rtt":	2479,
					"rttvar":	67,
					"pmtu":	1500,
					"omitted":	false,
					"sender":	true
				}],
			"sum":	{
				"start":	6.700135,
				"end":	6.800163,
				"seconds":	0.10002800077199936,
				"bytes":	11534336,
				"bits_per_second":	922488576.07709253,
				"retransmits":	0,
				"omitted":	false,
				"sender":	true
			}
		}, {
			"streams":	[{
					"socket":	5,
					"start":	6.800163,
					"end":	6.900134,
					"seconds":	0.0999709963798523,
					"bytes":	11534336,
					"bits_per_second":	923014587.64490843,
					"retransmits":	0,
					"snd_cwnd":	382272,
					"snd_wnd":	781568,
					"rtt":	2425,
					"rttvar":	61,
					"pmtu":	1500,
					"omitted":	false,
					"sender":	true
				}],
			"sum":	{
				"start":	6.800163,
				"end":	6.900134,
				"seconds":	0.0999709963798523,
				"bytes":	11534336,
				"bits_per_second":	923014587.64490843,
				"retransmits":	0,
				"omitted":	false,
				"sender":	true
			}
		}, {
			"streams":	[{
					"socket":	5,
					"start":	6.900134,
					"end":	7.00013,
					"seconds":	0.099996000528335571,
					"bytes":	11534336,
					"bits_per_second":	922783786.476064,
					"retransmits":	0,
					"snd_cwnd":	382272,
					"snd_wnd":	781568,
					"rtt":	2486,
					"rttvar":	71,
					"pmtu":	1500,
					"omitted":	false,
					"sender":	true
				}],
			"sum":	{
				"start":	6.900134,
				"end":	7.00013,
				"seconds":	0.099996000528335571,
				"bytes":	11534336,
				"bits_per_second":	922783786.476064,
				"retransmits":	0,
				"omitted":	false,
				"sender":	true
			}
		}, {
			"streams":	[{
					"socket":	5,
					"start":	7.00013,
					"end":	7.100168,
					"seconds":	0.10003799945116043,
					"bytes":	11403264,
					"bits_per_second":	911914597.457914,
					"retransmits":	0,
					"snd_cwnd":	382272,
					"snd_wnd":	781568,
					"rtt":	2432,
					"rttvar":	66,
					"pmtu":	1500,
					"omitted":	false,
					"sender":	true
				}],
			"sum":	{
				"start":	7.00013,
				"end":	7.100168,
				"seconds":	0.10003799945116043,
				"bytes":	11403264,
				"bits_per_second":	911914597.457914,
				"retransmits":	0,
				"omitted":	false,
				"sender":	true
			}
		}, {
			"streams":	[{
					"socket":	5,
					"start":	7.100168,
					"end":	7.20017,
					"seconds":	0.10000199824571609,
					"bytes":	12189696,
					"bits_per_second":	975156193.98312855,
					"retransmits":	0,
					"snd_cwnd":	382272,
					"snd_wnd":	781568,
					"rtt":	2378,
					"rttvar":	72,
					"pmtu":	1500,
					"omitted":	false,
					"sender":	true
				}],
			"sum":	{
				"start":	7.100168,
				"end":	7.20017,
				"seconds":	0.10000199824571609,
				"bytes":	12189696,
				"bits_per_second":	975156193.98312855,
				"retransmits":	0,
				"omitted":	false,
				"sender":	true
			}
		}, {
			"streams":	[{
					"socket":	5,
					"start":	7.20017,
					"end":	7.300128,
					"seconds":	0.09995800256729126,
					"bytes":	11534336,
					"bits_per_second":	923134572.82103157,
					"retransmits":	0,
					"snd_cwnd":	382272,
					"snd_wnd":	781568,
					"rtt":	2471,
					"rttvar":	68,
					"pmtu":	1500,
					"omitted":	false,
					"sender":	true
				}],
			"sum":	{
				"start":	7.20017,
				"end":	7.300128,
				"seconds":	0.09995800256729126,
				"bytes":	11534336,
				"bits_per_second":	923134572.82103157,
				"retransmits":	0,
				"omitted":	false,
				"sender":	true
			}
		}, {
			"streams":	[{
					"socket":	5,
					"start":	7.300128,
					"end":	7.400163,
					"seconds":	0.10003499686717987,
					"bytes":	11403264,
					"bits_per_second":	911941968.88039339,
					"retransmits":	0,
					"snd_cwnd":	382272,
					"snd_wnd":	781568,
					"rtt":	2435,
					"rttvar":	55,
					"pmtu":	1500,
					"omitted":	false,
					"sender":	true
				}],
			"sum":	{
				"start":	7.300128,
				"end":	7.400163,
				"seconds":	0.10003499686717987,
				"bytes":	11403264,
				"bits_per_second":	911941968.88039339,
				"retransmits":	0,
				"omitted":	false,
				"sender":	true
			}
		}, {
			"streams":	[{
					"socket":	5,
					"start":	7.400163,
					"end":	7.500152,
					"seconds":	0.099988996982574463,
					"bytes":	12320768,
					"bits_per_second":	985769904.43436062,
					"retransmits":	0,
					"snd_cwnd":	382272,
					"snd_wnd":	781568,
					"rtt":	2382,
					"rttvar":	60,
					"pmtu":	1500,
					"omitted":	false,
					"sender":	true
				}],
			"sum":	{
				"start":	7.400163,
				"end":	7.500152,
				"seconds":	0.099988996982574463,
				"bytes":	12320768,
				"bits_per_second":	985769904.43436062,
				"retransmits":	0,
				"omitted":	false,
				"sender":	true
			}
		}, {
			"streams":	[{
					"socket":	5,
					"start":	7.500152,
					"end":	7.600172,
					"seconds":	0.10001999884843826,
					"bytes":	11403264,
					"bits_per_second":	912078714.7601974,
					"retransmits":	0,
					"snd_cwnd":	382272,
					"snd_wnd":	781568,
					"rtt":	2392,
					"rttvar":	70,
					"pmtu":	1500,
					"omitted":	false,
					"sender":	true
				}],
			"sum":	{
				"start":	7.500152,
				"end":	7.600172,
				"seconds":	0.10001999884843826,
				"bytes":	11403264,
				"bits_per_second":	912078714.7601974,
				"retransmits":	0,
				"omitted":	false,
				"sender":	true
			}
		}, {
			"streams":	[{
					"socket":	5,
					"start":	7.600172,
					"end":	7.700144,
					"seconds":	0.0999720022082329,
					"bytes":	12320768,
					"bits_per_second":	985937480.72280681,
					"retransmits":	0,
					"snd_cwnd":	382272,
					"snd_wnd":	781568,
					"rtt":	2478,
					"rttvar":	76,
					"pmtu":	1500,
					"omitted":	false,
					"sender":	true
				}],
			"sum":	{
				"start":	7.600172,
				"end":	7.700144,
				"seconds":	0.0999720022082329,
				"bytes":	12320768,
				"bits_per_second":	985937480.72280681,
				"retransmits":	0,
				"omitted":	false,
				"sender":	true
			}
		}, {
			"streams":	[{
					"socket":	5,
					"start":	7.700144,
					"end":	7.800168,
					"seconds":	0.10002399981021881,
					"bytes":	11403264,
					"bits_per_second":	912042231.59530175,
					"retransmits":	0,
					"snd_cwnd":	382272,
					"snd_wnd":	767232,
					"rtt":	2355,
					"rttvar":	59,
					"pmtu":	1500,
					"omitted":	false,
					"sender":	true
				}],
			"sum":	{
				"start":	7.700144,
				"end":	7.800168,
				"seconds":	0.10002399981021881,
				"bytes":	11403264,
				"bits_per_second":	912042231.59530175,
				"retransmits":	0,
				"omitted":	false,
				"sender":	true
			}
		}, {
			"streams":	[{
					"socket":	5,
					"start":	7.800168,
					"end":	7.900163,
					"seconds":	0.0999950021505356,
					"bytes":	11534336,
					"bits_per_second":	922792999.8049984,
					"retransmits":	0,
					"snd_cwnd":	382272,
					"snd_wnd":	781568,
					"rtt":	2417,
					"rttvar":	68,
					"pmtu":	1500,
					"omitted":	false,
					"sender":	true
				}],
			"sum":	{
				"start":	7.800168,
				"end":	7.900163,
				"seconds":	0.0999950021505356,
				"bytes":	11534336,
				"bits_per_second":	922792999.8049984,
				"retransmits":	0,
				"omitted":	false,
				"sender":	true
			}
		}, {
			"streams":	[{
					"socket":	5,
					"start":	7.900163,
					"end":	8.000162,
					"seconds":	0.099999003112316132,
					"bytes":	12189696,
					"bits_per_second":	975185401.5031625,
					"retransmits":	0,
					"snd_cwnd":	382272,
					"snd_wnd":	781568,
					"rtt":	2374,
					"rttvar":	58,
					"pmtu":	1500,
					"omitted":	false,
					"sender":	true
				}],
			"sum":	{
				"start":	7.900163,
				"end":	8.000162,
				"seconds":	0.099999003112316132,
				"bytes":	12189696,
				"bits_per_second":	975185401.5031625,
				"retransmits":	0,
				"omitted":	false,
				"sender":	true
			}
		}, {
			"streams":	[{
					"socket":	5,
					"start":	8.000162,
					"end":	8.100172,
					"seconds":	0.10001000016927719,
					"bytes":	11403264,
					"bits_per_second":	912169901.465758,
					"retransmits":	0,
					"snd_cwnd":	382272,
					"snd_wnd":	781568,
					"rtt":	2481,
					"rttvar":	58,
					"pmtu":	1500,
					"omitted":	false,
					"sender":	true
				}],
			"sum":	{
				"start":	8.000162,
				"end":	8.100172,
				"seconds":	0.10001000016927719,
				"bytes":	11403264,
				"bits_per_second":	912169901.465758,
				"retransmits":	0,
				"omitted":	false,
				"sender":	true
			}
		}, {
			"streams":	[{
					"socket":	5,
					"start":	8.100172,
					"end":	8.200144,
					"seconds":	0.0999720022082329,
					"bytes":	12320768,
					"bits_per_second":	985937480.72280681,
					"retransmits":	0,
					"snd_cwnd":	382272,
					"snd_wnd":	781568,
					"rtt":	2473,
					"rttvar":	73,
					"pmtu":	1500,
					"omitted":	false,
					"sender":	true
				}],
			"sum":	{
				"start":	8.100172,
				"end":	8.200144,
				"seconds":	0.0999720022082329,
				"bytes":	12320768,
				"bits_per_second":	985937480.72280681,
				"retransmits":	0,
				"omitted":	false,
				"sender":	true
			}
		}, {
			"streams":	[{
					"socket":	5,
					"start":	8.200144,
					"end":	8.300156,
					"seconds":	0.10001199692487717,
					"bytes":	11403264,
					"bits_per_second":	912151689.84700322,
					"retransmits":	0,
					"snd_cwnd":	382272,
					"snd_wnd":	767232,
					"rtt":	2421,
					"rttvar":	72,
					"pmtu":	1500,
					"omitted":	false,
					"sender":	true
				}],
			"sum":	{
				"start":	8.200144,
				"end":	8.300156,
				"seconds":	0.10001199692487717,
				"bytes":	11403264,
				"bits_per_second":	912151689.84700322,
				"retransmits":	0,
				"omitted":	false,
				"sender":	true
			}
		}, {
			"streams":	[{
					"socket":	5,
					"start":	8.300156,
					"end":	8.400128,
					"seconds":	0.0999720022082329,
					"bytes":	11534336,
					"bits_per_second":	923005301.102202,
					"retransmits":	0,
					"snd_cwnd":	382272,
					"snd_wnd":	781568,
					"rtt":	2367,
					"rttvar":	67,
					"pmtu":	1500,
					"omitted":	false,
					"sender":	true
				}],
			"sum":	{
				"start":	8.300156,
				"end":	8.400128,
				"seconds":	0.0999720022082329,
				"bytes":	11534336,
				"bits_per_second":	923005301.102202,
				"retransmits":	0,
				"omitted":	false,
				"sender":	true
			}
		}, {
			"streams":	[{
					"socket":	5,
					"start":	8.400128,
					"end":	8.500155,
					"seconds":	0.10002700239419937,
					"bytes":	12189696,
					"bits_per_second":	974912430.302471,
					"retransmits":	0,
					"snd_cwnd":	382272,
					"snd_wnd":	781568,
					"rtt":	2396,
					"rttvar":	64,
					"pmtu":	1500,
					"omitted":	false,
					"sender":	true
				}],
			"sum":	{
				"start":	8.400128,
				"end":	8.500155,
				"seconds":	0.10002700239419937,
				"bytes":	12189696,
				"bits_per_second":	974912430.302471,
				"retransmits":	0,
				"omitted":	false,
				"sender":	true
			}
		}, {
			"streams":	[{
					"socket":	5,
					"start":	8.500155,
					"end":	8.600166,
					"seconds":	0.10001099854707718,
					"bytes":	11534336,
					"bits_per_second":	922645402.41106033,
					"retransmits":	0,
					"snd_cwnd":	382272,
					"snd_wnd":	781568,
					"rtt":	2478,
					"rttvar":	59,
					"pmtu":	1500,
					"omitted":	false,
					"sender":	true
				}],
			"sum":	{
				"start":	8.500155,
				"end":	8.600166,
				"seconds":	0.10001099854707718,
				"bytes":	11534336,
				"bits_per_second":	922645402.41106033,
				"retransmits":	0,
				"omitted":	false,
				"sender":	true
			}
		}, {
			"streams":	[{
					"socket":	5,
					"start":	8.600166,
					"end":	8.700181,
					"seconds":	0.10001499950885773,
					"bytes":	12189696,
					"bits_per_second":	975029430.37422562,
					"retransmits":	0,
					"snd_cwnd":	382272,
					"snd_wnd":	767232,
					"rtt":	2469,
					"rttvar":	100,
					"pmtu":	1500,
					"omitted":	false,
					"sender":	true
				}],
			"sum":	{
				"start":	8.600166,
				"end":	8.700181,
				"seconds":	0.10001499950885773,
				"bytes":	12189696,
				"bits_per_second":	975029430.37422562,
				"retransmits":	0,
				"omitted":	false,
				"sender":	true
			}
		}, {
			"streams":	[{
					"socket":	5,
					"start":	8.700181,
					"end":	8.80017,
					"seconds":	0.099988996982574463,
					"bytes":	11403264,
					"bits_per_second":	912361507.29563165,
					"retransmits":	0,
					"snd_cwnd":	382272,
					"snd_wnd":	781568,
					"rtt":	2370,
					"rttvar":	60,
					"pmtu":	1500,
					"omitted":	false,
					"sender":	true
				}],
			"sum":	{
				"start":	8.700181,
				"end":	8.80017,
				"seconds":	0.099988996982574463,
				"bytes":	11403264,
				"bits_per_second":	912361507.29563165,
				"retransmits":	0,
				"omitted":	false,
				"sender":	true
			}
		}, {
			"streams":	[{
					"socket":	5,
					"start":	8.80017,
					"end":	8.900136,
					"seconds":	0.099965997040271759,
					"bytes":	11534336,
					"bits_per_second":	923060747.974401,
					"retransmits":	0,
					"snd_cwnd":	382272,
					"snd_wnd":	781568,
					"rtt":	2419,
					"rttvar":	63,
					"pmtu":	1500,
					"omitted":	false,
					"sender":	true
				}],
			"sum":	{
				"start":	8.80017,
				"end":	8.900136,
				"seconds":	0.099965997040271759,
				"bytes":	11534336,
				"bits_per_second":	923060747.974401,
				"retransmits":	0,
				"omitted":	false,
				"sender":	true
			}
		}, {
			"streams":	[{
					"socket":	5,
					"start":	8.900136,
					"end":	9.000133,
					"seconds":	0.099996998906135559,
					"bytes":	11665408,
					"bits_per_second":	933260648.0280472,
					"retransmits":	0,
					"snd_cwnd":	382272,
					"snd_wnd":	781568,
					"rtt":	2466,
					"rttvar":	61,
					"pmtu":	1500,
					"omitted":	false,
					"sender":	true
				}],
			"sum":	{
				"start":	8.900136,
				"end":	9.000133,
				"seconds":	0.099996998906135559,
				"bytes":	11665408,
				"bits_per_second":	933260648.0280472,
				"retransmits":	0,
				"omitted":	false,
				"sender":	true
			}
		}, {
			"streams":	[{
					"socket":	5,
					"start":	9.000133,
					"end":	9.100137,
					"seconds":	0.10000400245189667,
					"bytes":	12189696,
					"bits_per_second":	975136650.624632,
					"retransmits":	0,
					"snd_cwnd":	382272,
					"snd_wnd":	781568,
					"rtt":	2359,
					"rttvar":	73,
					"pmtu":	1500,
					"omitted":	false,
					"sender":	true
				}],
			"sum":	{
				"start":	9.000133,
				"end":	9.100137,
				"seconds":	0.10000400245189667,
				"bytes":	12189696,
				"bits_per_second":	975136650.624632,
				"retransmits":	0,
				"omitted":	false,
				"sender":	true
			}
		}, {
			"streams":	[{
					"socket":	5,
					"start":	9.100137,
					"end":	9.200138,
					"seconds":	0.10000099986791611,
					"bytes":	11534336,
					"bits_per_second":	922737653.84224939,
					"retransmits":	0,
					"snd_cwnd":	382272,
					"snd_wnd":	767232,
					"rtt":	2439,
					"rttvar":	58,
					"pmtu":	1500,
					"omitted":	false,
					"sender":	true
				}],
			"sum":	{
				"start":	9.100137,
				"end":	9.200138,
				"seconds":	0.10000099986791611,
				"bytes":	11534336,
				"bits_per_second":	922737653.84224939,
				"retransmits":	0,
				"omitted":	false,
				"sender":	true
			}
		}, {
			"streams":	[{
					"socket":	5,
					"start":	9.200138,
					"end":	9.300137,
					"seconds":	0.099999003112316132,
					"bytes":	11796480,
					"bits_per_second":	943727807.90628624,
					"retransmits":	0,
					"snd_cwnd":	382272,
					"snd_wnd":	781568,
					"rtt":	2427,
					"rttvar":	117,
					"pmtu":	1500,
					"omitted":	false,
					"sender":	true
				}],
			"sum":	{
				"start":	9.200138,
				"end":	9.300137,
				"seconds":	0.099999003112316132,
				"bytes":	11796480,
				"bits_per_second":	943727807.90628624,
				"retransmits":	0,
				"omitted":	false,
				"sender":	true
			}
		}, {
			"streams":	[{
					"socket":	5,
					"start":	9.300137,
					"end":	9.400147,
					"seconds":	0.10001000016927719,
					"bytes":	11665408,
					"bits_per_second":	933139324.487959,
					"retransmits":	0,
					"snd_cwnd":	382272,
					"snd_wnd":	781568,
					"rtt":	2368,
					"rttvar":	57,
					"pmtu":	1500,
					"omitted":	false,
					"sender":	true
				}],
			"sum":	{
				"start":	9.300137,
				"end":	9.400147,
				"seconds":	0.10001000016927719,
				"bytes":	11665408,
				"bits_per_second":	933139324.487959,
				"retransmits":	0,
				"omitted":	false,
				"sender":	true
			}
		}, {
			"streams":	[{
					"socket":	5,
					"start":	9.400147,
					"end":	9.50015,
					"seconds":	0.10000299662351608,
					"bytes":	11665408,
					"bits_per_second":	933204675.36924469,
					"retransmits":	0,
					"snd_cwnd":	382272,
					"snd_wnd":	781568,
					"rtt":	2481,
					"rttvar":	77,
					"pmtu":	1500,
					"omitted":	false,
					"sender":	true
				}],
			"sum":	{
				"start":	9.400147,
				"end":	9.50015,
				"seconds":	0.10000299662351608,
				"bytes":	11665408,
				"bits_per_second":	933204675.36924469,
				"retransmits":	0,
				"omitted":	false,
				"sender":	true
			}
		}, {
			"streams":	[{
					"socket":	5,
					"start":	9.50015,
					"end":	9.600136,
					"seconds":	0.0999860018491745,
					"bytes":	12058624,
					"bits_per_second":	964824977.65557432,
					"retransmits":	0,
					"snd_cwnd":	382272,
					"snd_wnd":	767232,
					"rtt":	2496,
					"rttvar":	73,
					"pmtu":	1500,
					"omitted":	false,
					"sender":	true
				}],
			"sum":	{
				"start":	9.50015,
				"end":	9.600136,
				"seconds":	0.0999860018491745,
				"bytes":	12058624,
				"bits_per_second":	964824977.65557432,
				"retransmits":	0,
				"omitted":	false,
				"sender":	true
			}
		}, {
			"streams":	[{
					"socket":	5,
					"start":	9.600136,
					"end":	9.700146,
					"seconds":	0.10001000016927719,
					"bytes":	11403264,
					"bits_per_second":	912169901.465758,
					"retransmits":	0,
					"snd_cwnd":	382272,
					"snd_wnd":	781568,
					"rtt":	2446,
					"rttvar":	82,
					"pmtu":	1500,
					"omitted":	false,
					"sender":	true
				}],
			"sum":	{
				"start":	9.600136,
				"end":	9.700146,
				"seconds":	0.10001000016927719,
				"bytes":	11403264,
				"bits_per_second":	912169901.465758,
				"retransmits":	0,
				"omitted":	false,
				"sender":	true
			}
		}, {
			"streams":	[{
					"socket":	5,
					"start":	9.700146,
					"end":	9.800129,
					"seconds":	0.099982999265193939,
					"bytes":	12189696,
					"bits_per_second":	975341495.221056,
					"retransmits":	0,
					"snd_cwnd":	382272,
					"snd_wnd":	781568,
					"rtt":	2487,
					"rttvar":	73,
					"pmtu":	1500,
					"omitted":	false,
					"sender":	true
				}],
			"sum":	{
				"start":	9.700146,
				"end":	9.800129,
				"seconds":	0.099982999265193939,
				"bytes":	12189696,
				"bits_per_second":	975341495.221056,
				"retransmits":	0,
				"omitted":	false,
				"sender":	true
			}
		}, {
			"streams":	[{
					"socket":	5,
					"start":	9.800129,
					"end":	9.900144,
					"seconds":	0.10001499950885773,
					"bytes":	11534336,
					"bits_per_second":	922608493.25733173,
					"retransmits":	0,
					"snd_cwnd":	382272,
					"snd_wnd":	781568,
					"rtt":	2342,
					"rttvar":	57,
					"pmtu":	1500,
					"omitted":	false,
					"sender":	true
				}],
			"sum":	{
				"start":	9.800129,
				"end":	9.900144,
				"seconds":	0.10001499950885773,
				"bytes":	11534336,
				"bits_per_second":	922608493.25733173,
				"retransmits":	0,
				"omitted":	false,
				"sender":	true
			}
		}, {
			"streams":	[{
					"socket":	5,
					"start":	9.900144,
					"end":	10.000829,
					"seconds":	0.1006850004196167,
					"bytes":	11403264,
					"bits_per_second":	906054641.90102148,
					"retransmits":	0,
					"snd_cwnd":	382272,
					"snd_wnd":	781568,
					"rtt":	2417,
					"rttvar":	68,
					"pmtu":	1500,
					"omitted":	false,
					"sender":	true
				}],
			"sum":	{
				"start":	9.900144,
				"end":	10.000829,
				"seconds":	0.1006850004196167,
				"bytes":	11403264,
				"bits_per_second":	906054641.90102148,
				"retransmits":	0,
				"omitted":	false,
				"sender":	true
			}
		}],
	"end":	{
		"streams":	[{
				"sender":	{
					"socket":	5,
					"start":	0,
					"end":	10.000829,
					"seconds":	10.000829,
					"bytes":	1177550848,
					"bits_per_second":	941962589.701314,
					"retransmits":	0,
					"max_snd_cwnd":	382272,
					"max_snd_wnd":	781568,
					"max_rtt":	2496,
					"min_rtt":	2209,
					"mean_rtt":	2368,
					"sender":	true
				},
				"receiver":	{
					"socket":	5,
					"start":	0,
					"end":	10.003401,
					"seconds":	10.000829,
					"bytes":	1176502272,
					"bits_per_second":	940881823.69176245,
					"sender":	true
				}
			}],
		"sum_sent":	{
			"start":	0,
			"end":	10.000829,
			"seconds":	10.000829,
			"bytes":	1177550848,
			"bits_per_second":	941962589.701314,
			"retransmits":	0,
			"sender":	true
		},
		"sum_received":	{
			"start":	0,
			"end":	10.003401,
			"seconds":	10.003401,
			"bytes":	1176502272,
			"bits_per_second":	940881823.69176245,
			"sender":	true
		},
		"cpu_utilization_percent":	{
			"host_total":	3.4312127432227819,
			"host_user":	0.084493237893373874,
			"host_system":	3.346759469022393,
			"remote_total":	7.1953130060722685,
			"remote_user":	0.641484710569648,
			"remote_system":	6.5537483235887555
		},
		"sender_tcp_congestion":	"cubic",
		"receiver_tcp_congestion":	"cubic"
	}
}
