{
	"start":	{
		"connected":	[{
				"socket":	5,
				"local_host":	"10.8.8.1",
				"local_port":	43630,
				"remote_host":	"10.8.8.2",
				"remote_port":	5201
			}],
		"version":	"iperf 3.19.1",
		"system_info":	"Linux caladan 6.12.40 #1-NixOS SMP PREEMPT_DYNAMIC Thu Jul 24 06:56:38 UTC 2025 x86_64",
		"timestamp":	{
			"time":	"Fri, 15 Aug 2025 09:52:15 GMT",
			"timesecs":	1755251535
		},
		"connecting_to":	{
			"host":	"10.8.8.2",
			"port":	5201
		},
		"cookie":	"sx7jkizff7pnrdm6m57dyo23ye4xzun7n3mm",
		"tcp_mss_default":	1448,
		"target_bitrate":	0,
		"fq_rate":	0,
		"sock_bufsize":	0,
		"sndbuf_actual":	16384,
		"rcvbuf_actual":	131072,
		"test_start":	{
			"protocol":	"TCP",
			"num_streams":	1,
			"blksize":	131072,
			"omit":	0,
			"duration":	10,
			"bytes":	0,
			"blocks":	0,
			"reverse":	0,
			"tos":	0,
			"target_bitrate":	0,
			"bidir":	0,
			"fqrate":	0,
			"interval":	0.1
		}
	},
	"intervals":	[{
			"streams":	[{
					"socket":	5,
					"start":	0,
					"end":	0.100166,
					"seconds":	0.10016600042581558,
					"bytes":	13238272,
					"bits_per_second":	1057306626.4978372,
					"retransmits":	0,
					"snd_cwnd":	333040,
					"snd_wnd":	1215744,
					"rtt":	2369,
					"rttvar":	94,
					"pmtu":	1500,
					"omitted":	false,
					"sender":	true
				}],
			"sum":	{
				"start":	0,
				"end":	0.100166,
				"seconds":	0.10016600042581558,
				"bytes":	13238272,
				"bits_per_second":	1057306626.4978372,
				"retransmits":	0,
				"omitted":	false,
				"sender":	true
			}
		}, {
			"streams":	[{
					"socket":	5,
					"start":	0.100166,
					"end":	0.200124,
					"seconds":	0.09995800256729126,
					"bytes":	11796480,
					"bits_per_second":	944114904.02150965,
					"retransmits":	0,
					"snd_cwnd":	350416,
					"snd_wnd":	1215744,
					"rtt":	2358,
					"rttvar":	62,
					"pmtu":	1500,
					"omitted":	false,
					"sender":	true
				}],
			"sum":	{
				"start":	0.100166,
				"end":	0.200124,
				"seconds":	0.09995800256729126,
				"bytes":	11796480,
				"bits_per_second":	944114904.02150965,
				"retransmits":	0,
				"omitted":	false,
				"sender":	true
			}
		}, {
			"streams":	[{
					"socket":	5,
					"start":	0.200124,
					"end":	0.300144,
					"seconds":	0.10001999884843826,
					"bytes":	11272192,
					"bits_per_second":	901595051.37214923,
					"retransmits":	0,
					"snd_cwnd":	350416,
					"snd_wnd":	1215744,
					"rtt":	2338,
					"rttvar":	72,
					"pmtu":	1500,
					"omitted":	false,
					"sender":	true
				}],
			"sum":	{
				"start":	0.200124,
				"end":	0.300144,
				"seconds":	0.10001999884843826,
				"bytes":	11272192,
				"bits_per_second":	901595051.37214923,
				"retransmits":	0,
				"omitted":	false,
				"sender":	true
			}
		}, {
			"streams":	[{
					"socket":	5,
					"start":	0.300144,
					"end":	0.400172,
					"seconds":	0.10002800077199936,
					"bytes":	12058624,
					"bits_per_second":	964419874.98968768,
					"retransmits":	0,
					"snd_cwnd":	350416,
					"snd_wnd":	1201408,
					"rtt":	2353,
					"rttvar":	74,
					"pmtu":	1500,
					"omitted":	false,
					"sender":	true
				}],
			"sum":	{
				"start":	0.300144,
				"end":	0.400172,
				"seconds":	0.10002800077199936,
				"bytes":	12058624,
				"bits_per_second":	964419874.98968768,
				"retransmits":	0,
				"omitted":	false,
				"sender":	true
			}
		}, {
			"streams":	[{
					"socket":	5,
					"start":	0.400172,
					"end":	0.500144,
					"seconds":	0.0999720022082329,
					"bytes":	12058624,
					"bits_per_second":	964960087.51593852,
					"retransmits":	0,
					"snd_cwnd":	350416,
					"snd_wnd":	1215744,
					"rtt":	2424,
					"rttvar":	79,
					"pmtu":	1500,
					"omitted":	false,
					"sender":	true
				}],
			"sum":	{
				"start":	0.400172,
				"end":	0.500144,
				"seconds":	0.0999720022082329,
				"bytes":	12058624,
				"bits_per_second":	964960087.51593852,
				"retransmits":	0,
				"omitted":	false,
				"sender":	true
			}
		}, {
			"streams":	[{
					"socket":	5,
					"start":	0.500144,
					"end":	0.600175,
					"seconds":	0.10003100335597992,
					"bytes":	11796480,
					"bits_per_second":	943425906.30786061,
					"retransmits":	0,
					"snd_cwnd":	350416,
					"snd_wnd":	1215744,
					"rtt":	2363,
					"rttvar":	61,
					"pmtu":	1500,
					"omitted":	false,
					"sender":	true
				}],
			"sum":	{
				"start":	0.500144,
				"end":	0.600175,
				"seconds":	0.10003100335597992,
				"bytes":	11796480,
				"bits_per_second":	943425906.30786061,
				"retransmits":	0,
				"omitted":	false,
				"sender":	true
			}
		}, {
			"streams":	[{
					"socket":	5,
					"start":	0.600175,
					"end":	0.700157,
					"seconds":	0.099982000887393951,
					"bytes":	11272192,
					"bits_per_second":	901937700.78240025,
					"retransmits":	0,
					"snd_cwnd":	350416,
					"snd_wnd":	1215744,
					"rtt":	2323,
					"rttvar":	72,
					"pmtu":	1500,
					"omitted":	false,
					"sender":	true
				}],
			"sum":	{
				"start":	0.600175,
				"end":	0.700157,
				"seconds":	0.099982000887393951,
				"bytes":	11272192,
				"bits_per_second":	901937700.78240025,
				"retransmits":	0,
				"omitted":	false,
				"sender":	true
			}
		}, {
			"streams":	[{
					"socket":	5,
					"start":	0.700157,
					"end":	0.800175,
					"seconds":	0.10001800209283829,
					"bytes":	11927552,
					"bits_per_second":	954032414.19908857,
					"retransmits":	0,
					"snd_cwnd":	350416,
					"snd_wnd":	1215744,
					"rtt":	2319,
					"rttvar":	80,
					"pmtu":	1500,
					"omitted":	false,
					"sender":	true
				}],
			"sum":	{
				"start":	0.700157,
				"end":	0.800175,
				"seconds":	0.10001800209283829,
				"bytes":	11927552,
				"bits_per_second":	954032414.19908857,
				"retransmits":	0,
				"omitted":	false,
				"sender":	true
			}
		}, {
			"streams":	[{
					"socket":	5,
					"start":	0.800175,
					"end":	0.90015,
					"seconds":	0.099974997341632843,
					"bytes":	11796480,
					"bits_per_second":	943954413.69719839,
					"retransmits":	0,
					"snd_cwnd":	350416,
					"snd_wnd":	1215744,
					"rtt":	2366,
					"rttvar":	81,
					"pmtu":	1500,
					"omitted":	false,
					"sender":	true
				}],
			"sum":	{
				"start":	0.800175,
				"end":	0.90015,
				"seconds":	0.099974997341632843,
				"bytes":	11796480,
				"bits_per_second":	943954413.69719839,
				"retransmits":	0,
				"omitted":	false,
				"sender":	true
			}
		}, {
			"streams":	[{
					"socket":	5,
					"start":	0.90015,
					"end":	1.000163,
					"seconds":	0.10001300275325775,
					"bytes":	11927552,
					"bits_per_second":	954080103.31828427,
					"retransmits":	0,
					"snd_cwnd":	350416,
					"snd_wnd":	1215744,
					"rtt":	2347,
					"rttvar":	63,
					"pmtu":	1500,
					"omitted":	false,
					"sender":	true
				}],
			"sum":	{
				"start":	0.90015,
				"end":	1.000163,
				"seconds":	0.10001300275325775,
				"bytes":	11927552,
				"bits_per_second":	954080103.31828427,
				"retransmits":	0,
				"omitted":	false,
				"sender":	true
			}
		}, {
			"streams":	[{
					"socket":	5,
					"start":	1.000163,
					"end":	1.100282,
					"seconds":	0.10011900216341019,
					"bytes":	11796480,
					"bits_per_second":	942596689.547206,
					"retransmits":	0,
					"snd_cwnd":	350416,
					"snd_wnd":	1215744,
					"rtt":	2414,
					"rttvar":	86,
					"pmtu":	1500,
					"omitted":	false,
					"sender":	true
				}],
			"sum":	{
				"start":	1.000163,
				"end":	1.100282,
				"seconds":	0.10011900216341019,
				"bytes":	11796480,
				"bits_per_second":	942596689.547206,
				"retransmits":	0,
				"omitted":	false,
				"sender":	true
			}
		}, {
			"streams":	[{
					"socket":	5,
					"start":	1.100282,
					"end":	1.200126,
					"seconds":	0.099844001233577728,
					"bytes":	11272192,
					"bits_per_second":	903184316.392091,
					"retransmits":	0,
					"snd_cwnd":	350416,
					"snd_wnd":	1215744,
					"rtt":	2329,
					"rttvar":	85,
					"pmtu":	1500,
					"omitted":	false,
					"sender":	true
				}],
			"sum":	{
				"start":	1.100282,
				"end":	1.200126,
				"seconds":	0.099844001233577728,
				"bytes":	11272192,
				"bits_per_second":	903184316.392091,
				"retransmits":	0,
				"omitted":	false,
				"sender":	true
			}
		}, {
			"streams":	[{
					"socket":	5,
					"start":	1.200126,
					"end":	1.300128,
					"seconds":	0.10000199824571609,
					"bytes":	11796480,
					"bits_per_second":	943699542.564318,
					"retransmits":	0,
					"snd_cwnd":	350416,
					"snd_wnd":	1201408,
					"rtt":	2347,
					"rttvar":	59,
					"pmtu":	1500,
					"omitted":	false,
					"sender":	true
				}],
			"sum":	{
				"start":	1.200126,
				"end":	1.300128,
				"seconds":	0.10000199824571609,
				"bytes":	11796480,
				"bits_per_second":	943699542.564318,
				"retransmits":	0,
				"omitted":	false,
				"sender":	true
			}
		}, {
			"streams":	[{
					"socket":	5,
					"start":	1.300128,
					"end":	1.400129,
					"seconds":	0.10000099986791611,
					"bytes":	11927552,
					"bits_per_second":	954194619.31414425,
					"retransmits":	0,
					"snd_cwnd":	350416,
					"snd_wnd":	1215744,
					"rtt":	2368,
					"rttvar":	69,
					"pmtu":	1500,
					"omitted":	false,
					"sender":	true
				}],
			"sum":	{
				"start":	1.300128,
				"end":	1.400129,
				"seconds":	0.10000099986791611,
				"bytes":	11927552,
				"bits_per_second":	954194619.31414425,
				"retransmits":	0,
				"omitted":	false,
				"sender":	true
			}
		}, {
			"streams":	[{
					"socket":	5,
					"start":	1.400129,
					"end":	1.500128,
					"seconds":	0.099999003112316132,
					"bytes":	11796480,
					"bits_per_second":	943727807.90628624,
					"retransmits":	0,
					"snd_cwnd":	350416,
					"snd_wnd":	1215744,
					"rtt":	2342,
					"rttvar":	75,
					"pmtu":	1500,
					"omitted":	false,
					"sender":	true
				}],
			"sum":	{
				"start":	1.400129,
				"end":	1.500128,
				"seconds":	0.099999003112316132,
				"bytes":	11796480,
				"bits_per_second":	943727807.90628624,
				"retransmits":	0,
				"omitted":	false,
				"sender":	true
			}
		}, {
			"streams":	[{
					"socket":	5,
					"start":	1.500128,
					"end":	1.600128,
					"seconds":	0.10000000149011612,
					"bytes":	11927552,
					"bits_per_second":	954204145.78125024,
					"retransmits":	0,
					"snd_cwnd":	350416,
					"snd_wnd":	1215744,
					"rtt":	2346,
					"rttvar":	95,
					"pmtu":	1500,
					"omitted":	false,
					"sender":	true
				}],
			"sum":	{
				"start":	1.500128,
				"end":	1.600128,
				"seconds":	0.10000000149011612,
				"bytes":	11927552,
				"bits_per_second":	954204145.78125024,
				"retransmits":	0,
				"omitted":	false,
				"sender":	true
			}
		}, {
			"streams":	[{
					"socket":	5,
					"start":	1.600128,
					"end":	1.700209,
					"seconds":	0.10008099675178528,
					"bytes":	11796480,
					"bits_per_second":	942954637.37291932,
					"retransmits":	0,
					"snd_cwnd":	350416,
					"snd_wnd":	1215744,
					"rtt":	2387,
					"rttvar":	63,
					"pmtu":	1500,
					"omitted":	false,
					"sender":	true
				}],
			"sum":	{
				"start":	1.600128,
				"end":	1.700209,
				"seconds":	0.10008099675178528,
				"bytes":	11796480,
				"bits_per_second":	942954637.37291932,
				"retransmits":	0,
				"omitted":	false,
				"sender":	true
			}
		}, {
			"streams":	[{
					"socket":	5,
					"start":	1.700209,
					"end":	1.800127,
					"seconds":	0.099918000400066376,
					"bytes":	11796480,
					"bits_per_second":	944492880.383316,
					"retransmits":	0,
					"snd_cwnd":	350416,
					"snd_wnd":	1215744,
					"rtt":	2369,
					"rttvar":	89,
					"pmtu":	1500,
					"omitted":	false,
					"sender":	true
				}],
			"sum":	{
				"start":	1.700209,
				"end":	1.800127,
				"seconds":	0.099918000400066376,
				"bytes":	11796480,
				"bits_per_second":	944492880.383316,
				"retransmits":	0,
				"omitted":	false,
				"sender":	true
			}
		}, {
			"streams":	[{
					"socket":	5,
					"start":	1.800127,
					"end":	1.90012,
					"seconds":	0.099992997944355,
					"bytes":	11796480,
					"bits_per_second":	943784484.31476045,
					"retransmits":	0,
					"snd_cwnd":	350416,
					"snd_wnd":	1215744,
					"rtt":	2362,
					"rttvar":	59,
					"pmtu":	1500,
					"omitted":	false,
					"sender":	true
				}],
			"sum":	{
				"start":	1.800127,
				"end":	1.90012,
				"seconds":	0.099992997944355,
				"bytes":	11796480,
				"bits_per_second":	943784484.31476045,
				"retransmits":	0,
				"omitted":	false,
				"sender":	true
			}
		}, {
			"streams":	[{
					"socket":	5,
					"start":	1.90012,
					"end":	2.000142,
					"seconds":	0.10002200305461884,
					"bytes":	11796480,
					"bits_per_second":	943510798.8036046,
					"retransmits":	0,
					"snd_cwnd":	350416,
					"snd_wnd":	1215744,
					"rtt":	2321,
					"rttvar":	66,
					"pmtu":	1500,
					"omitted":	false,
					"sender":	true
				}],
			"sum":	{
				"start":	1.90012,
				"end":	2.000142,
				"seconds":	0.10002200305461884,
				"bytes":	11796480,
				"bits_per_second":	943510798.8036046,
				"retransmits":	0,
				"omitted":	false,
				"sender":	true
			}
		}, {
			"streams":	[{
					"socket":	5,
					"start":	2.000142,
					"end":	2.100161,
					"seconds":	0.10001900047063828,
					"bytes":	11927552,
					"bits_per_second":	954022891.16068256,
					"retransmits":	0,
					"snd_cwnd":	350416,
					"snd_wnd":	1215744,
					"rtt":	2355,
					"rttvar":	72,
					"pmtu":	1500,
					"omitted":	false,
					"sender":	true
				}],
			"sum":	{
				"start":	2.000142,
				"end":	2.100161,
				"seconds":	0.10001900047063828,
				"bytes":	11927552,
				"bits_per_second":	954022891.16068256,
				"retransmits":	0,
				"omitted":	false,
				"sender":	true
			}
		}, {
			"streams":	[{
					"socket":	5,
					"start":	2.100161,
					"end":	2.200159,
					"seconds":	0.099997997283935547,
					"bytes":	11141120,
					"bits_per_second":	891307450.357492,
					"retransmits":	0,
					"snd_cwnd":	350416,
					"snd_wnd":	1201408,
					"rtt":	2341,
					"rttvar":	78,
					"pmtu":	1500,
					"omitted":	false,
					"sender":	true
				}],
			"sum":	{
				"start":	2.100161,
				"end":	2.200159,
				"seconds":	0.099997997283935547,
				"bytes":	11141120,
				"bits_per_second":	891307450.357492,
				"retransmits":	0,
				"omitted":	false,
				"sender":	true
			}
		}, {
			"streams":	[{
					"socket":	5,
					"start":	2.200159,
					"end":	2.300161,
					"seconds":	0.10000199824571609,
					"bytes":	11927552,
					"bits_per_second":	954185093.03725481,
					"retransmits":	0,
					"snd_cwnd":	350416,
					"snd_wnd":	1215744,
					"rtt":	2396,
					"rttvar":	86,
					"pmtu":	1500,
					"omitted":	false,
					"sender":	true
				}],
			"sum":	{
				"start":	2.200159,
				"end":	2.300161,
				"seconds":	0.10000199824571609,
				"bytes":	11927552,
				"bits_per_second":	954185093.03725481,
				"retransmits":	0,
				"omitted":	false,
				"sender":	true
			}
		}, {
			"streams":	[{
					"socket":	5,
					"start":	2.300161,
					"end":	2.400135,
					"seconds":	0.099973998963832855,
					"bytes":	12058624,
					"bits_per_second":	964940814.61019838,
					"retransmits":	0,
					"snd_cwnd":	350416,
					"snd_wnd":	1215744,
					"rtt":	2344,
					"rttvar":	69,
					"pmtu":	1500,
					"omitted":	false,
					"sender":	true
				}],
			"sum":	{
				"start":	2.300161,
				"end":	2.400135,
				"seconds":	0.099973998963832855,
				"bytes":	12058624,
				"bits_per_second":	964940814.61019838,
				"retransmits":	0,
				"omitted":	false,
				"sender":	true
			}
		}, {
			"streams":	[{
					"socket":	5,
					"start":	2.400135,
					"end":	2.500165,
					"seconds":	0.10002999752759933,
					"bytes":	11534336,
					"bits_per_second":	922470161.758631,
					"retransmits":	0,
					"snd_cwnd":	350416,
					"snd_wnd":	1215744,
					"rtt":	2335,
					"rttvar":	59,
					"pmtu":	1500,
					"omitted":	false,
					"sender":	true
				}],
			"sum":	{
				"start":	2.400135,
				"end":	2.500165,
				"seconds":	0.10002999752759933,
				"bytes":	11534336,
				"bits_per_second":	922470161.758631,
				"retransmits":	0,
				"omitted":	false,
				"sender":	true
			}
		}, {
			"streams":	[{
					"socket":	5,
					"start":	2.500165,
					"end":	2.600139,
					"seconds":	0.099973998963832855,
					"bytes":	11665408,
					"bits_per_second":	933475353.26421356,
					"retransmits":	0,
					"snd_cwnd":	350416,
					"snd_wnd":	1215744,
					"rtt":	2333,
					"rttvar":	68,
					"pmtu":	1500,
					"omitted":	false,
					"sender":	true
				}],
			"sum":	{
				"start":	2.500165,
				"end":	2.600139,
				"seconds":	0.099973998963832855,
				"bytes":	11665408,
				"bits_per_second":	933475353.26421356,
				"retransmits":	0,
				"omitted":	false,
				"sender":	true
			}
		}, {
			"streams":	[{
					"socket":	5,
					"start":	2.600139,
					"end":	2.700159,
					"seconds":	0.10001999884843826,
					"bytes":	12058624,
					"bits_per_second":	964497031.70043874,
					"retransmits":	0,
					"snd_cwnd":	350416,
					"snd_wnd":	1201408,
					"rtt":	2353,
					"rttvar":	52,
					"pmtu":	1500,
					"omitted":	false,
					"sender":	true
				}],
			"sum":	{
				"start":	2.600139,
				"end":	2.700159,
				"seconds":	0.10001999884843826,
				"bytes":	12058624,
				"bits_per_second":	964497031.70043874,
				"retransmits":	0,
				"omitted":	false,
				"sender":	true
			}
		}, {
			"streams":	[{
					"socket":	5,
					"start":	2.700159,
					"end":	2.80017,
					"seconds":	0.10001099854707718,
					"bytes":	11796480,
					"bits_per_second":	943614616.102221,
					"retransmits":	0,
					"snd_cwnd":	350416,
					"snd_wnd":	1215744,
					"rtt":	2374,
					"rttvar":	73,
					"pmtu":	1500,
					"omitted":	false,
					"sender":	true
				}],
			"sum":	{
				"start":	2.700159,
				"end":	2.80017,
				"seconds":	0.10001099854707718,
				"bytes":	11796480,
				"bits_per_second":	943614616.102221,
				"retransmits":	0,
				"omitted":	false,
				"sender":	true
			}
		}, {
			"streams":	[{
					"socket":	5,
					"start":	2.80017,
					"end":	2.9001,
					"seconds":	0.099930003285408,
					"bytes":	11403264,
					"bits_per_second":	912900120.09157038,
					"retransmits":	0,
					"snd_cwnd":	350416,
					"snd_wnd":	1215744,
					"rtt":	2335,
					"rttvar":	73,
					"pmtu":	1500,
					"omitted":	false,
					"sender":	true
				}],
			"sum":	{
				"start":	2.80017,
				"end":	2.9001,
				"seconds":	0.099930003285408,
				"bytes":	11403264,
				"bits_per_second":	912900120.09157038,
				"retransmits":	0,
				"omitted":	false,
				"sender":	true
			}
		}, {
			"streams":	[{
					"socket":	5,
					"start":	2.9001,
					"end":	3.000134,
					"seconds":	0.10003399848937988,
					"bytes":	12058624,
					"bits_per_second":	964362051.47034729,
					"retransmits":	0,
					"snd_cwnd":	350416,
					"snd_wnd":	1215744,
					"rtt":	2335,
					"rttvar":	97,
					"pmtu":	1500,
					"omitted":	false,
					"sender":	true
				}],
			"sum":	{
				"start":	2.9001,
				"end":	3.000134,
				"seconds":	0.10003399848937988,
				"bytes":	12058624,
				"bits_per_second":	964362051.47034729,
				"retransmits":	0,
				"omitted":	false,
				"sender":	true
			}
		}, {
			"streams":	[{
					"socket":	5,
					"start":	3.000134,
					"end":	3.100156,
					"seconds":	0.10002200305461884,
					"bytes":	11665408,
					"bits_per_second":	933027345.48356462,
					"retransmits":	0,
					"snd_cwnd":	350416,
					"snd_wnd":	1201408,
					"rtt":	2356,
					"rttvar":	57,
					"pmtu":	1500,
					"omitted":	false,
					"sender":	true
				}],
			"sum":	{
				"start":	3.000134,
				"end":	3.100156,
				"seconds":	0.10002200305461884,
				"bytes":	11665408,
				"bits_per_second":	933027345.48356462,
				"retransmits":	0,
				"omitted":	false,
				"sender":	true
			}
		}, {
			"streams":	[{
					"socket":	5,
					"start":	3.100156,
					"end":	3.200159,
					"seconds":	0.10000299662351608,
					"bytes":	11796480,
					"bits_per_second":	943690121.15991032,
					"retransmits":	0,
					"snd_cwnd":	350416,
					"snd_wnd":	1215744,
					"rtt":	2356,
					"rttvar":	60,
					"pmtu":	1500,
					"omitted":	false,
					"sender":	true
				}],
			"sum":	{
				"start":	3.100156,
				"end":	3.200159,
				"seconds":	0.10000299662351608,
				"bytes":	11796480,
				"bits_per_second":	943690121.15991032,
				"retransmits":	0,
				"omitted":	false,
				"sender":	true
			}
		}, {
			"streams":	[{
					"socket":	5,
					"start":	3.200159,
					"end":	3.300151,
					"seconds":	0.099991999566555023,
					"bytes":	11796480,
					"bits_per_second":	943793907.60343552,
					"retransmits":	0,
					"snd_cwnd":	350416,
					"snd_wnd":	1215744,
					"rtt":	2368,
					"rttvar":	70,
					"pmtu":	1500,
					"omitted":	false,
					"sender":	true
				}],
			"sum":	{
				"start":	3.200159,
				"end":	3.300151,
				"seconds":	0.099991999566555023,
				"bytes":	11796480,
				"bits_per_second":	943793907.60343552,
				"retransmits":	0,
				"omitted":	false,
				"sender":	true
			}
		}, {
			"streams":	[{
					"socket":	5,
					"start":	3.300151,
					"end":	3.400168,
					"seconds":	0.1000170037150383,
					"bytes":	11927552,
					"bits_per_second":	954041937.427614,
					"retransmits":	0,
					"snd_cwnd":	350416,
					"snd_wnd":	1215744,
					"rtt":	2358,
					"rttvar":	76,
					"pmtu":	1500,
					"omitted":	false,
					"sender":	true
				}],
			"sum":	{
				"start":	3.300151,
				"end":	3.400168,
				"seconds":	0.1000170037150383,
				"bytes":	11927552,
				"bits_per_second":	954041937.427614,
				"retransmits":	0,
				"omitted":	false,
				"sender":	true
			}
		}, {
			"streams":	[{
					"socket":	5,
					"start":	3.400168,
					"end":	3.500166,
					"seconds":	0.099997997283935547,
					"bytes":	11796480,
					"bits_per_second":	943737300.378521,
					"retransmits":	0,
					"snd_cwnd":	350416,
					"snd_wnd":	1215744,
					"rtt":	2360,
					"rttvar":	75,
					"pmtu":	1500,
					"omitted":	false,
					"sender":	true
				}],
			"sum":	{
				"start":	3.400168,
				"end":	3.500166,
				"seconds":	0.099997997283935547,
				"bytes":	11796480,
				"bits_per_second":	943737300.378521,
				"retransmits":	0,
				"omitted":	false,
				"sender":	true
			}
		}, {
			"streams":	[{
					"socket":	5,
					"start":	3.500166,
					"end":	3.600151,
					"seconds":	0.0999850034713745,
					"bytes":	11403264,
					"bits_per_second":	912397948.019453,
					"retransmits":	0,
					"snd_cwnd":	350416,
					"snd_wnd":	1201408,
					"rtt":	2349,
					"rttvar":	67,
					"pmtu":	1500,
					"omitted":	false,
					"sender":	true
				}],
			"sum":	{
				"start":	3.500166,
				"end":	3.600151,
				"seconds":	0.0999850034713745,
				"bytes":	11403264,
				"bits_per_second":	912397948.019453,
				"retransmits":	0,
				"omitted":	false,
				"sender":	true
			}
		}, {
			"streams":	[{
					"socket":	5,
					"start":	3.600151,
					"end":	3.700158,
					"seconds":	0.10000699758529663,
					"bytes":	12058624,
					"bits_per_second":	964622419.72338939,
					"retransmits":	0,
					"snd_cwnd":	350416,
					"snd_wnd":	1215744,
					"rtt":	2370,
					"rttvar":	83,
					"pmtu":	1500,
					"omitted":	false,
					"sender":	true
				}],
			"sum":	{
				"start":	3.600151,
				"end":	3.700158,
				"seconds":	0.10000699758529663,
				"bytes":	12058624,
				"bits_per_second":	964622419.72338939,
				"retransmits":	0,
				"omitted":	false,
				"sender":	true
			}
		}, {
			"streams":	[{
					"socket":	5,
					"start":	3.700158,
					"end":	3.80015,
					"seconds":	0.099991999566555023,
					"bytes":	11796480,
					"bits_per_second":	943793907.60343552,
					"retransmits":	0,
					"snd_cwnd":	350416,
					"snd_wnd":	1215744,
					"rtt":	2332,
					"rttvar":	68,
					"pmtu":	1500,
					"omitted":	false,
					"sender":	true
				}],
			"sum":	{
				"start":	3.700158,
				"end":	3.80015,
				"seconds":	0.099991999566555023,
				"bytes":	11796480,
				"bits_per_second":	943793907.60343552,
				"retransmits":	0,
				"omitted":	false,
				"sender":	true
			}
		}, {
			"streams":	[{
					"socket":	5,
					"start":	3.80015,
					"end":	3.900128,
					"seconds":	0.0999779999256134,
					"bytes":	11272192,
					"bits_per_second":	901973794.905827,
					"retransmits":	0,
					"snd_cwnd":	350416,
					"snd_wnd":	1215744,
					"rtt":	2340,
					"rttvar":	67,
					"pmtu":	1500,
					"omitted":	false,
					"sender":	true
				}],
			"sum":	{
				"start":	3.80015,
				"end":	3.900128,
				"seconds":	0.0999779999256134,
				"bytes":	11272192,
				"bits_per_second":	901973794.905827,
				"retransmits":	0,
				"omitted":	false,
				"sender":	true
			}
		}, {
			"streams":	[{
					"socket":	5,
					"start":	3.900128,
					"end":	4.000156,
					"seconds":	0.10002800077199936,
					"bytes":	11927552,
					"bits_per_second":	953937050.261539,
					"retransmits":	0,
					"snd_cwnd":	350416,
					"snd_wnd":	1215744,
					"rtt":	2370,
					"rttvar":	55,
					"pmtu":	1500,
					"omitted":	false,
					"sender":	true
				}],
			"sum":	{
				"start":	3.900128,
				"end":	4.000156,
				"seconds":	0.10002800077199936,
				"bytes":	11927552,
				"bits_per_second":	953937050.261539,
				"retransmits":	0,
				"omitted":	false,
				"sender":	true
			}
		}, {
			"streams":	[{
					"socket":	5,
					"start":	4.000156,
					"end":	4.100167,
					"seconds":	0.10001099854707718,
					"bytes":	12058624,
					"bits_per_second":	964583829.79338133,
					"retransmits":	0,
					"snd_cwnd":	350416,
					"snd_wnd":	1215744,
					"rtt":	2358,
					"rttvar":	76,
					"pmtu":	1500,
					"omitted":	false,
					"sender":	true
				}],
			"sum":	{
				"start":	4.000156,
				"end":	4.100167,
				"seconds":	0.10001099854707718,
				"bytes":	12058624,
				"bits_per_second":	964583829.79338133,
				"retransmits":	0,
				"omitted":	false,
				"sender":	true
			}
		}, {
			"streams":	[{
					"socket":	5,
					"start":	4.100167,
					"end":	4.200169,
					"seconds":	0.10000199824571609,
					"bytes":	11927552,
					"bits_per_second":	954185093.03725481,
					"retransmits":	0,
					"snd_cwnd":	350416,
					"snd_wnd":	1215744,
					"rtt":	2370,
					"rttvar":	66,
					"pmtu":	1500,
					"omitted":	false,
					"sender":	true
				}],
			"sum":	{
				"start":	4.100167,
				"end":	4.200169,
				"seconds":	0.10000199824571609,
				"bytes":	11927552,
				"bits_per_second":	954185093.03725481,
				"retransmits":	0,
				"omitted":	false,
				"sender":	true
			}
		}, {
			"streams":	[{
					"socket":	5,
					"start":	4.200169,
					"end":	4.300173,
					"seconds":	0.10000400245189667,
					"bytes":	11010048,
					"bits_per_second":	880768587.660958,
					"retransmits":	0,
					"snd_cwnd":	350416,
					"snd_wnd":	1215744,
					"rtt":	2332,
					"rttvar":	66,
					"pmtu":	1500,
					"omitted":	false,
					"sender":	true
				}],
			"sum":	{
				"start":	4.200169,
				"end":	4.300173,
				"seconds":	0.10000400245189667,
				"bytes":	11010048,
				"bits_per_second":	880768587.660958,
				"retransmits":	0,
				"omitted":	false,
				"sender":	true
			}
		}, {
			"streams":	[{
					"socket":	5,
					"start":	4.300173,
					"end":	4.400165,
					"seconds":	0.099991999566555023,
					"bytes":	11927552,
					"bits_per_second":	954280506.576807,
					"retransmits":	0,
					"snd_cwnd":	350416,
					"snd_wnd":	1215744,
					"rtt":	2367,
					"rttvar":	65,
					"pmtu":	1500,
					"omitted":	false,
					"sender":	true
				}],
			"sum":	{
				"start":	4.300173,
				"end":	4.400165,
				"seconds":	0.099991999566555023,
				"bytes":	11927552,
				"bits_per_second":	954280506.576807,
				"retransmits":	0,
				"omitted":	false,
				"sender":	true
			}
		}, {
			"streams":	[{
					"socket":	5,
					"start":	4.400165,
					"end":	4.500146,
					"seconds":	0.099981002509593964,
					"bytes":	12058624,
					"bits_per_second":	964873221.69772243,
					"retransmits":	0,
					"snd_cwnd":	350416,
					"snd_wnd":	1215744,
					"rtt":	2322,
					"rttvar":	83,
					"pmtu":	1500,
					"omitted":	false,
					"sender":	true
				}],
			"sum":	{
				"start":	4.400165,
				"end":	4.500146,
				"seconds":	0.099981002509593964,
				"bytes":	12058624,
				"bits_per_second":	964873221.69772243,
				"retransmits":	0,
				"omitted":	false,
				"sender":	true
			}
		}, {
			"streams":	[{
					"socket":	5,
					"start":	4.500146,
					"end":	4.600141,
					"seconds":	0.0999950021505356,
					"bytes":	11796480,
					"bits_per_second":	943765567.9823848,
					"retransmits":	0,
					"snd_cwnd":	350416,
					"snd_wnd":	1201408,
					"rtt":	2349,
					"rttvar":	71,
					"pmtu":	1500,
					"omitted":	false,
					"sender":	true
				}],
			"sum":	{
				"start":	4.500146,
				"end":	4.600141,
				"seconds":	0.0999950021505356,
				"bytes":	11796480,
				"bits_per_second":	943765567.9823848,
				"retransmits":	0,
				"omitted":	false,
				"sender":	true
			}
		}, {
			"streams":	[{
					"socket":	5,
					"start":	4.600141,
					"end":	4.700158,
					"seconds":	0.1000170037150383,
					"bytes":	11796480,
					"bits_per_second":	943557960.09324455,
					"retransmits":	0,
					"snd_cwnd":	350416,
					"snd_wnd":	1215744,
					"rtt":	2358,
					"rttvar":	62,
					"pmtu":	1500,
					"omitted":	false,
					"sender":	true
				}],
			"sum":	{
				"start":	4.600141,
				"end":	4.700158,
				"seconds":	0.1000170037150383,
				"bytes":	11796480,
				"bits_per_second":	943557960.09324455,
				"retransmits":	0,
				"omitted":	false,
				"sender":	true
			}
		}, {
			"streams":	[{
					"socket":	5,
					"start":	4.700158,
					"end":	4.800154,
					"seconds":	0.099996000528335571,
					"bytes":	11927552,
					"bits_per_second":	954242324.65138447,
					"retransmits":	0,
					"snd_cwnd":	350416,
					"snd_wnd":	1215744,
					"rtt":	2353,
					"rttvar":	55,
					"pmtu":	1500,
					"omitted":	false,
					"sender":	true
				}],
			"sum":	{
				"start":	4.700158,
				"end":	4.800154,
				"seconds":	0.099996000528335571,
				"bytes":	11927552,
				"bits_per_second":	954242324.65138447,
				"retransmits":	0,
				"omitted":	false,
				"sender":	true
			}
		}, {
			"streams":	[{
					"socket":	5,
					"start":	4.800154,
					"end":	4.90015,
					"seconds":	0.099996000528335571,
					"bytes":	11796480,
					"bits_per_second":	943756145.259611,
					"retransmits":	0,
					"snd_cwnd":	350416,
					"snd_wnd":	1215744,
					"rtt":	2360,
					"rttvar":	73,
					"pmtu":	1500,
					"omitted":	false,
					"sender":	true
				}],
			"sum":	{
				"start":	4.800154,
				"end":	4.90015,
				"seconds":	0.099996000528335571,
				"bytes":	11796480,
				"bits_per_second":	943756145.259611,
				"retransmits":	0,
				"omitted":	false,
				"sender":	true
			}
		}, {
			"streams":	[{
					"socket":	5,
					"start":	4.90015,
					"end":	5.000133,
					"seconds":	0.099982999265193939,
					"bytes":	11534336,
					"bits_per_second":	922903780.424225,
					"retransmits":	0,
					"snd_cwnd":	350416,
					"snd_wnd":	1215744,
					"rtt":	2334,
					"rttvar":	57,
					"pmtu":	1500,
					"omitted":	false,
					"sender":	true
				}],
			"sum":	{
				"start":	4.90015,
				"end":	5.000133,
				"seconds":	0.099982999265193939,
				"bytes":	11534336,
				"bits_per_second":	922903780.424225,
				"retransmits":	0,
				"omitted":	false,
				"sender":	true
			}
		}, {
			"streams":	[{
					"socket":	5,
					"start":	5.000133,
					"end":	5.100144,
					"seconds":	0.10001099854707718,
					"bytes":	11403264,
					"bits_per_second":	912160795.56548,
					"retransmits":	0,
					"snd_cwnd":	350416,
					"snd_wnd":	1215744,
					"rtt":	2379,
					"rttvar":	74,
					"pmtu":	1500,
					"omitted":	false,
					"sender":	true
				}],
			"sum":	{
				"start":	5.000133,
				"end":	5.100144,
				"seconds":	0.10001099854707718,
				"bytes":	11403264,
				"bits_per_second":	912160795.56548,
				"retransmits":	0,
				"omitted":	false,
				"sender":	true
			}
		}, {
			"streams":	[{
					"socket":	5,
					"start":	5.100144,
					"end":	5.200153,
					"seconds":	0.1000090017914772,
					"bytes":	11927552,
					"bits_per_second":	954118272.262685,
					"retransmits":	0,
					"snd_cwnd":	350416,
					"snd_wnd":	1215744,
					"rtt":	2344,
					"rttvar":	69,
					"pmtu":	1500,
					"omitted":	false,
					"sender":	true
				}],
			"sum":	{
				"start":	5.100144,
				"end":	5.200153,
				"seconds":	0.1000090017914772,
				"bytes":	11927552,
				"bits_per_second":	954118272.262685,
				"retransmits":	0,
				"omitted":	false,
				"sender":	true
			}
		}, {
			"streams":	[{
					"socket":	5,
					"start":	5.200153,
					"end":	5.300137,
					"seconds":	0.099983997642993927,
					"bytes":	11927552,
					"bits_per_second":	954356879.59498477,
					"retransmits":	0,
					"snd_cwnd":	350416,
					"snd_wnd":	1215744,
					"rtt":	2354,
					"rttvar":	68,
					"pmtu":	1500,
					"omitted":	false,
					"sender":	true
				}],
			"sum":	{
				"start":	5.200153,
				"end":	5.300137,
				"seconds":	0.099983997642993927,
				"bytes":	11927552,
				"bits_per_second":	954356879.59498477,
				"retransmits":	0,
				"omitted":	false,
				"sender":	true
			}
		}, {
			"streams":	[{
					"socket":	5,
					"start":	5.300137,
					"end":	5.40016,
					"seconds":	0.10002300143241882,
					"bytes":	12058624,
					"bits_per_second":	964468078.52671659,
					"retransmits":	0,
					"snd_cwnd":	350416,
					"snd_wnd":	1215744,
					"rtt":	2335,
					"rttvar":	67,
					"pmtu":	1500,
					"omitted":	false,
					"sender":	true
				}],
			"sum":	{
				"start":	5.300137,
				"end":	5.40016,
				"seconds":	0.10002300143241882,
				"bytes":	12058624,
				"bits_per_second":	964468078.52671659,
				"retransmits":	0,
				"omitted":	false,
				"sender":	true
			}
		}, {
			"streams":	[{
					"socket":	5,
					"start":	5.40016,
					"end":	5.500124,
					"seconds":	0.0999640002846718,
					"bytes":	11141120,
					"bits_per_second":	891610577.26965332,
					"retransmits":	0,
					"snd_cwnd":	350416,
					"snd_wnd":	1215744,
					"rtt":	2329,
					"rttvar":	58,
					"pmtu":	1500,
					"omitted":	false,
					"sender":	true
				}],
			"sum":	{
				"start":	5.40016,
				"end":	5.500124,
				"seconds":	0.0999640002846718,
				"bytes":	11141120,
				"bits_per_second":	891610577.26965332,
				"retransmits":	0,
				"omitted":	false,
				"sender":	true
			}
		}, {
			"streams":	[{
					"socket":	5,
					"start":	5.500124,
					"end":	5.600129,
					"seconds":	0.10000500082969666,
					"bytes":	12058624,
					"bits_per_second":	964641679.91240466,
					"retransmits":	0,
					"snd_cwnd":	350416,
					"snd_wnd":	1215744,
					"rtt":	2373,
					"rttvar":	74,
					"pmtu":	1500,
					"omitted":	false,
					"sender":	true
				}],
			"sum":	{
				"start":	5.500124,
				"end":	5.600129,
				"seconds":	0.10000500082969666,
				"bytes":	12058624,
				"bits_per_second":	964641679.91240466,
				"retransmits":	0,
				"omitted":	false,
				"sender":	true
			}
		}, {
			"streams":	[{
					"socket":	5,
					"start":	5.600129,
					"end":	5.700155,
					"seconds":	0.10002599656581879,
					"bytes":	12058624,
					"bits_per_second":	964439198.92886829,
					"retransmits":	0,
					"snd_cwnd":	350416,
					"snd_wnd":	1215744,
					"rtt":	2347,
					"rttvar":	71,
					"pmtu":	1500,
					"omitted":	false,
					"sender":	true
				}],
			"sum":	{
				"start":	5.600129,
				"end":	5.700155,
				"seconds":	0.10002599656581879,
				"bytes":	12058624,
				"bits_per_second":	964439198.92886829,
				"retransmits":	0,
				"omitted":	false,
				"sender":	true
			}
		}, {
			"streams":	[{
					"socket":	5,
					"start":	5.700155,
					"end":	5.800158,
					"seconds":	0.10000299662351608,
					"bytes":	11403264,
					"bits_per_second":	912233783.78791332,
					"retransmits":	0,
					"snd_cwnd":	350416,
					"snd_wnd":	1215744,
					"rtt":	2344,
					"rttvar":	85,
					"pmtu":	1500,
					"omitted":	false,
					"sender":	true
				}],
			"sum":	{
				"start":	5.700155,
				"end":	5.800158,
				"seconds":	0.10000299662351608,
				"bytes":	11403264,
				"bits_per_second":	912233783.78791332,
				"retransmits":	0,
				"omitted":	false,
				"sender":	true
			}
		}, {
			"streams":	[{
					"socket":	5,
					"start":	5.800158,
					"end":	5.9001,
					"seconds":	0.099941998720169067,
					"bytes":	11272192,
					"bits_per_second":	902298704.79668,
					"retransmits":	0,
					"snd_cwnd":	350416,
					"snd_wnd":	1201408,
					"rtt":	2332,
					"rttvar":	66,
					"pmtu":	1500,
					"omitted":	false,
					"sender":	true
				}],
			"sum":	{
				"start":	5.800158,
				"end":	5.9001,
				"seconds":	0.099941998720169067,
				"bytes":	11272192,
				"bits_per_second":	902298704.79668,
				"retransmits":	0,
				"omitted":	false,
				"sender":	true
			}
		}, {
			"streams":	[{
					"socket":	5,
					"start":	5.9001,
					"end":	6.000162,
					"seconds":	0.10006199777126312,
					"bytes":	12189696,
					"bits_per_second":	974571467.410839,
					"retransmits":	0,
					"snd_cwnd":	350416,
					"snd_wnd":	1215744,
					"rtt":	2344,
					"rttvar":	62,
					"pmtu":	1500,
					"omitted":	false,
					"sender":	true
				}],
			"sum":	{
				"start":	5.9001,
				"end":	6.000162,
				"seconds":	0.10006199777126312,
				"bytes":	12189696,
				"bits_per_second":	974571467.410839,
				"retransmits":	0,
				"omitted":	false,
				"sender":	true
			}
		}, {
			"streams":	[{
					"socket":	5,
					"start":	6.000162,
					"end":	6.100131,
					"seconds":	0.0999689996242523,
					"bytes":	11272192,
					"bits_per_second":	902055000.439587,
					"retransmits":	0,
					"snd_cwnd":	350416,
					"snd_wnd":	1202688,
					"rtt":	2372,
					"rttvar":	74,
					"pmtu":	1500,
					"omitted":	false,
					"sender":	true
				}],
			"sum":	{
				"start":	6.000162,
				"end":	6.100131,
				"seconds":	0.0999689996242523,
				"bytes":	11272192,
				"bits_per_second":	902055000.439587,
				"retransmits":	0,
				"omitted":	false,
				"sender":	true
			}
		}, {
			"streams":	[{
					"socket":	5,
					"start":	6.100131,
					"end":	6.200154,
					"seconds":	0.10002300143241882,
					"bytes":	11272192,
					"bits_per_second":	901567986.44888723,
					"retransmits":	0,
					"snd_cwnd":	350416,
					"snd_wnd":	1215744,
					"rtt":	2345,
					"rttvar":	68,
					"pmtu":	1500,
					"omitted":	false,
					"sender":	true
				}],
			"sum":	{
				"start":	6.100131,
				"end":	6.200154,
				"seconds":	0.10002300143241882,
				"bytes":	11272192,
				"bits_per_second":	901567986.44888723,
				"retransmits":	0,
				"omitted":	false,
				"sender":	true
			}
		}, {
			"streams":	[{
					"socket":	5,
					"start":	6.200154,
					"end":	6.300101,
					"seconds":	0.0999469980597496,
					"bytes":	11927552,
					"bits_per_second":	954710174.91647375,
					"retransmits":	0,
					"snd_cwnd":	350416,
					"snd_wnd":	1215744,
					"rtt":	2370,
					"rttvar":	56,
					"pmtu":	1500,
					"omitted":	false,
					"sender":	true
				}],
			"sum":	{
				"start":	6.200154,
				"end":	6.300101,
				"seconds":	0.0999469980597496,
				"bytes":	11927552,
				"bits_per_second":	954710174.91647375,
				"retransmits":	0,
				"omitted":	false,
				"sender":	true
			}
		}, {
			"streams":	[{
					"socket":	5,
					"start":	6.300101,
					"end":	6.400164,
					"seconds":	0.10006300359964371,
					"bytes":	11796480,
					"bits_per_second":	943124197.8062712,
					"retransmits":	0,
					"snd_cwnd":	350416,
					"snd_wnd":	1215744,
					"rtt":	2341,
					"rttvar":	60,
					"pmtu":	1500,
					"omitted":	false,
					"sender":	true
				}],
			"sum":	{
				"start":	6.300101,
				"end":	6.400164,
				"seconds":	0.10006300359964371,
				"bytes":	11796480,
				"bits_per_second":	943124197.8062712,
				"retransmits":	0,
				"omitted":	false,
				"sender":	true
			}
		}, {
			"streams":	[{
					"socket":	5,
					"start":	6.400164,
					"end":	6.50012,
					"seconds":	0.0999559983611107,
					"bytes":	11796480,
					"bits_per_second":	944133834.360427,
					"retransmits":	0,
					"snd_cwnd":	350416,
					"snd_wnd":	1215744,
					"rtt":	2367,
					"rttvar":	72,
					"pmtu":	1500,
					"omitted":	false,
					"sender":	true
				}],
			"sum":	{
				"start":	6.400164,
				"end":	6.50012,
				"seconds":	0.0999559983611107,
				"bytes":	11796480,
				"bits_per_second":	944133834.360427,
				"retransmits":	0,
				"omitted":	false,
				"sender":	true
			}
		}, {
			"streams":	[{
					"socket":	5,
					"start":	6.50012,
					"end":	6.600127,
					"seconds":	0.10000699758529663,
					"bytes":	11927552,
					"bits_per_second":	954137393.42204821,
					"retransmits":	0,
					"snd_cwnd":	350416,
					"snd_wnd":	1215744,
					"rtt":	2340,
					"rttvar":	66,
					"pmtu":	1500,
					"omitted":	false,
					"sender":	true
				}],
			"sum":	{
				"start":	6.50012,
				"end":	6.600127,
				"seconds":	0.10000699758529663,
				"bytes":	11927552,
				"bits_per_second":	954137393.42204821,
				"retransmits":	0,
				"omitted":	false,
				"sender":	true
			}
		}, {
			"streams":	[{
					"socket":	5,
					"start":	6.600127,
					"end":	6.70016,
					"seconds":	0.1000330001115799,
					"bytes":	11141120,
					"bits_per_second":	890995570.46757376,
					"retransmits":	0,
					"snd_cwnd":	350416,
					"snd_wnd":	1215744,
					"rtt":	2357,
					"rttvar":	70,
					"pmtu":	1500,
					"omitted":	false,
					"sender":	true
				}],
			"sum":	{
				"start":	6.600127,
				"end":	6.70016,
				"seconds":	0.1000330001115799,
				"bytes":	11141120,
				"bits_per_second":	890995570.46757376,
				"retransmits":	0,
				"omitted":	false,
				"sender":	true
			}
		}, {
			"streams":	[{
					"socket":	5,
					"start":	6.70016,
					"end":	6.800173,
					"seconds":	0.10001300275325775,
					"bytes":	12058624,
					"bits_per_second":	964564500.05804563,
					"retransmits":	0,
					"snd_cwnd":	350416,
					"snd_wnd":	1215744,
					"rtt":	2362,
					"rttvar":	70,
					"pmtu":	1500,
					"omitted":	false,
					"sender":	true
				}],
			"sum":	{
				"start":	6.70016,
				"end":	6.800173,
				"seconds":	0.10001300275325775,
				"bytes":	12058624,
				"bits_per_second":	964564500.05804563,
				"retransmits":	0,
				"omitted":	false,
				"sender":	true
			}
		}, {
			"streams":	[{
					"socket":	5,
					"start":	6.800173,
					"end":	6.900137,
					"seconds":	0.0999640002846718,
					"bytes":	11796480,
					"bits_per_second":	944058258.28551531,
					"retransmits":	0,
					"snd_cwnd":	350416,
					"snd_wnd":	1215744,
					"rtt":	2324,
					"rttvar":	58,
					"pmtu":	1500,
					"omitted":	false,
					"sender":	true
				}],
			"sum":	{
				"start":	6.800173,
				"end":	6.900137,
				"seconds":	0.0999640002846718,
				"bytes":	11796480,
				"bits_per_second":	944058258.28551531,
				"retransmits":	0,
				"omitted":	false,
				"sender":	true
			}
		}, {
			"streams":	[{
					"socket":	5,
					"start":	6.900137,
					"end":	7.000152,
					"seconds":	0.10001499950885773,
					"bytes":	11927552,
					"bits_per_second":	954061055.527468,
					"retransmits":	0,
					"snd_cwnd":	350416,
					"snd_wnd":	1215744,
					"rtt":	2372,
					"rttvar":	71,
					"pmtu":	1500,
					"omitted":	false,
					"sender":	true
				}],
			"sum":	{
				"start":	6.900137,
				"end":	7.000152,
				"seconds":	0.10001499950885773,
				"bytes":	11927552,
				"bits_per_second":	954061055.527468,
				"retransmits":	0,
				"omitted":	false,
				"sender":	true
			}
		}, {
			"streams":	[{
					"socket":	5,
					"start":	7.000152,
					"end":	7.100118,
					"seconds":	0.099965997040271759,
					"bytes":	11927552,
					"bits_per_second":	954528728.01898277,
					"retransmits":	0,
					"snd_cwnd":	350416,
					"snd_wnd":	1215744,
					"rtt":	2349,
					"rttvar":	69,
					"pmtu":	1500,
					"omitted":	false,
					"sender":	true
				}],
			"sum":	{
				"start":	7.000152,
				"end":	7.100118,
				"seconds":	0.099965997040271759,
				"bytes":	11927552,
				"bits_per_second":	954528728.01898277,
				"retransmits":	0,
				"omitted":	false,
				"sender":	true
			}
		}, {
			"streams":	[{
					"socket":	5,
					"start":	7.100118,
					"end":	7.200159,
					"seconds":	0.100041002035141,
					"bytes":	11141120,
					"bits_per_second":	890924302.90424359,
					"retransmits":	0,
					"snd_cwnd":	350416,
					"snd_wnd":	1215744,
					"rtt":	2350,
					"rttvar":	97,
					"pmtu":	1500,
					"omitted":	false,
					"sender":	true
				}],
			"sum":	{
				"start":	7.100118,
				"end":	7.200159,
				"seconds":	0.100041002035141,
				"bytes":	11141120,
				"bits_per_second":	890924302.90424359,
				"retransmits":	0,
				"omitted":	false,
				"sender":	true
			}
		}, {
			"streams":	[{
					"socket":	5,
					"start":	7.200159,
					"end":	7.300146,
					"seconds":	0.0999870002269745,
					"bytes":	12058624,
					"bits_per_second":	964815343.80481,
					"retransmits":	0,
					"snd_cwnd":	350416,
					"snd_wnd":	1215744,
					"rtt":	2361,
					"rttvar":	50,
					"pmtu":	1500,
					"omitted":	false,
					"sender":	true
				}],
			"sum":	{
				"start":	7.200159,
				"end":	7.300146,
				"seconds":	0.0999870002269745,
				"bytes":	12058624,
				"bits_per_second":	964815343.80481,
				"retransmits":	0,
				"omitted":	false,
				"sender":	true
			}
		}, {
			"streams":	[{
					"socket":	5,
					"start":	7.300146,
					"end":	7.400172,
					"seconds":	0.10002599656581879,
					"bytes":	12058624,
					"bits_per_second":	964439198.92886829,
					"retransmits":	0,
					"snd_cwnd":	350416,
					"snd_wnd":	1215744,
					"rtt":	2353,
					"rttvar":	69,
					"pmtu":	1500,
					"omitted":	false,
					"sender":	true
				}],
			"sum":	{
				"start":	7.300146,
				"end":	7.400172,
				"seconds":	0.10002599656581879,
				"bytes":	12058624,
				"bits_per_second":	964439198.92886829,
				"retransmits":	0,
				"omitted":	false,
				"sender":	true
			}
		}, {
			"streams":	[{
					"socket":	5,
					"start":	7.400172,
					"end":	7.500163,
					"seconds":	0.099991001188755035,
					"bytes":	11927552,
					"bits_per_second":	954290034.75895751,
					"retransmits":	0,
					"snd_cwnd":	350416,
					"snd_wnd":	1215744,
					"rtt":	2364,
					"rttvar":	65,
					"pmtu":	1500,
					"omitted":	false,
					"sender":	true
				}],
			"sum":	{
				"start":	7.400172,
				"end":	7.500163,
				"seconds":	0.099991001188755035,
				"bytes":	11927552,
				"bits_per_second":	954290034.75895751,
				"retransmits":	0,
				"omitted":	false,
				"sender":	true
			}
		}, {
			"streams":	[{
					"socket":	5,
					"start":	7.500163,
					"end":	7.600107,
					"seconds":	0.09994400292634964,
					"bytes":	11010048,
					"bits_per_second":	881297340.720962,
					"retransmits":	0,
					"snd_cwnd":	350416,
					"snd_wnd":	1215744,
					"rtt":	2344,
					"rttvar":	69,
					"pmtu":	1500,
					"omitted":	false,
					"sender":	true
				}],
			"sum":	{
				"start":	7.500163,
				"end":	7.600107,
				"seconds":	0.09994400292634964,
				"bytes":	11010048,
				"bits_per_second":	881297340.720962,
				"retransmits":	0,
				"omitted":	false,
				"sender":	true
			}
		}, {
			"streams":	[{
					"socket":	5,
					"start":	7.600107,
					"end":	7.700158,
					"seconds":	0.10005100071430206,
					"bytes":	11927552,
					"bits_per_second":	953717757.1314373,
					"retransmits":	0,
					"snd_cwnd":	350416,
					"snd_wnd":	1215744,
					"rtt":	2358,
					"rttvar":	55,
					"pmtu":	1500,
					"omitted":	false,
					"sender":	true
				}],
			"sum":	{
				"start":	7.600107,
				"end":	7.700158,
				"seconds":	0.10005100071430206,
				"bytes":	11927552,
				"bits_per_second":	953717757.1314373,
				"retransmits":	0,
				"omitted":	false,
				"sender":	true
			}
		}, {
			"streams":	[{
					"socket":	5,
					"start":	7.700158,
					"end":	7.800172,
					"seconds":	0.10001400113105774,
					"bytes":	11796480,
					"bits_per_second":	943586287.24727964,
					"retransmits":	0,
					"snd_cwnd":	350416,
					"snd_wnd":	1215744,
					"rtt":	2322,
					"rttvar":	68,
					"pmtu":	1500,
					"omitted":	false,
					"sender":	true
				}],
			"sum":	{
				"start":	7.700158,
				"end":	7.800172,
				"seconds":	0.10001400113105774,
				"bytes":	11796480,
				"bits_per_second":	943586287.24727964,
				"retransmits":	0,
				"omitted":	false,
				"sender":	true
			}
		}, {
			"streams":	[{
					"socket":	5,
					"start":	7.800172,
					"end":	7.900169,
					"seconds":	0.099996998906135559,
					"bytes":	11927552,
					"bits_per_second":	954232797.421936,
					"retransmits":	0,
					"snd_cwnd":	350416,
					"snd_wnd":	1201280,
					"rtt":	2354,
					"rttvar":	57,
					"pmtu":	1500,
					"omitted":	false,
					"sender":	true
				}],
			"sum":	{
				"start":	7.800172,
				"end":	7.900169,
				"seconds":	0.099996998906135559,
				"bytes":	11927552,
				"bits_per_second":	954232797.421936,
				"retransmits":	0,
				"omitted":	false,
				"sender":	true
			}
		}, {
			"streams":	[{
					"socket":	5,
					"start":	7.900169,
					"end":	8.00014,
					"seconds":	0.0999709963798523,
					"bytes":	11927552,
					"bits_per_second":	954480994.041894,
					"retransmits":	0,
					"snd_cwnd":	350416,
					"snd_wnd":	1215744,
					"rtt":	2341,
					"rttvar":	70,
					"pmtu":	1500,
					"omitted":	false,
					"sender":	true
				}],
			"sum":	{
				"start":	7.900169,
				"end":	8.00014,
				"seconds":	0.0999709963798523,
				"bytes":	11927552,
				"bits_per_second":	954480994.041894,
				"retransmits":	0,
				"omitted":	false,
				"sender":	true
			}
		}, {
			"streams":	[{
					"socket":	5,
					"start":	8.00014,
					"end":	8.100138,
					"seconds":	0.099997997283935547,
					"bytes":	11403264,
					"bits_per_second":	912279390.3659035,
					"retransmits":	0,
					"snd_cwnd":	350416,
					"snd_wnd":	1215744,
					"rtt":	2356,
					"rttvar":	66,
					"pmtu":	1500,
					"omitted":	false,
					"sender":	true
				}],
			"sum":	{
				"start":	8.00014,
				"end":	8.100138,
				"seconds":	0.099997997283935547,
				"bytes":	11403264,
				"bits_per_second":	912279390.3659035,
				"retransmits":	0,
				"omitted":	false,
				"sender":	true
			}
		}, {
			"streams":	[{
					"socket":	5,
					"start":	8.100138,
					"end":	8.20016,
					"seconds":	0.10002200305461884,
					"bytes":	11927552,
					"bits_per_second":	953994252.12364471,
					"retransmits":	0,
					"snd_cwnd":	350416,
					"snd_wnd":	1215744,
					"rtt":	2356,
					"rttvar":	69,
					"pmtu":	1500,
					"omitted":	false,
					"sender":	true
				}],
			"sum":	{
				"start":	8.100138,
				"end":	8.20016,
				"seconds":	0.10002200305461884,
				"bytes":	11927552,
				"bits_per_second":	953994252.12364471,
				"retransmits":	0,
				"omitted":	false,
				"sender":	true
			}
		}, {
			"streams":	[{
					"socket":	5,
					"start":	8.20016,
					"end":	8.300155,
					"seconds":	0.0999950021505356,
					"bytes":	12058624,
					"bits_per_second":	964738136.159771,
					"retransmits":	0,
					"snd_cwnd":	350416,
					"snd_wnd":	1201408,
					"rtt":	2349,
					"rttvar":	51,
					"pmtu":	1500,
					"omitted":	false,
					"sender":	true
				}],
			"sum":	{
				"start":	8.20016,
				"end":	8.300155,
				"seconds":	0.0999950021505356,
				"bytes":	12058624,
				"bits_per_second":	964738136.159771,
				"retransmits":	0,
				"omitted":	false,
				"sender":	true
			}
		}, {
			"streams":	[{
					"socket":	5,
					"start":	8.300155,
					"end":	8.400171,
					"seconds":	0.10001599788665771,
					"bytes":	11796480,
					"bits_per_second":	943567449.148946,
					"retransmits":	0,
					"snd_cwnd":	350416,
					"snd_wnd":	1202688,
					"rtt":	2375,
					"rttvar":	79,
					"pmtu":	1500,
					"omitted":	false,
					"sender":	true
				}],
			"sum":	{
				"start":	8.300155,
				"end":	8.400171,
				"seconds":	0.10001599788665771,
				"bytes":	11796480,
				"bits_per_second":	943567449.148946,
				"retransmits":	0,
				"omitted":	false,
				"sender":	true
			}
		}, {
			"streams":	[{
					"socket":	5,
					"start":	8.400171,
					"end":	8.500175,
					"seconds":	0.10000400245189667,
					"bytes":	11796480,
					"bits_per_second":	943680629.63674057,
					"retransmits":	0,
					"snd_cwnd":	350416,
					"snd_wnd":	1215744,
					"rtt":	2342,
					"rttvar":	69,
					"pmtu":	1500,
					"omitted":	false,
					"sender":	true
				}],
			"sum":	{
				"start":	8.400171,
				"end":	8.500175,
				"seconds":	0.10000400245189667,
				"bytes":	11796480,
				"bits_per_second":	943680629.63674057,
				"retransmits":	0,
				"omitted":	false,
				"sender":	true
			}
		}, {
			"streams":	[{
					"socket":	5,
					"start":	8.500175,
					"end":	8.600113,
					"seconds":	0.0999379977583885,
					"bytes":	11141120,
					"bits_per_second":	891842562.380321,
					"retransmits":	0,
					"snd_cwnd":	350416,
					"snd_wnd":	1215744,
					"rtt":	2344,
					"rttvar":	93,
					"pmtu":	1500,
					"omitted":	false,
					"sender":	true
				}],
			"sum":	{
				"start":	8.500175,
				"end":	8.600113,
				"seconds":	0.0999379977583885,
				"bytes":	11141120,
				"bits_per_second":	891842562.380321,
				"retransmits":	0,
				"omitted":	false,
				"sender":	true
			}
		}, {
			"streams":	[{
					"socket":	5,
					"start":	8.600113,
					"end":	8.700161,
					"seconds":	0.1000479981303215,
					"bytes":	11796480,
					"bits_per_second":	943265650.12397552,
					"retransmits":	0,
					"snd_cwnd":	350416,
					"snd_wnd":	1215744,
					"rtt":	2326,
					"rttvar":	73,
					"pmtu":	1500,
					"omitted":	false,
					"sender":	true
				}],
			"sum":	{
				"start":	8.600113,
				"end":	8.700161,
				"seconds":	0.1000479981303215,
				"bytes":	11796480,
				"bits_per_second":	943265650.12397552,
				"retransmits":	0,
				"omitted":	false,
				"sender":	true
			}
		}, {
			"streams":	[{
					"socket":	5,
					"start":	8.700161,
					"end":	8.800161,
					"seconds":	0.10000000149011612,
					"bytes":	11796480,
					"bits_per_second":	943718385.93750024,
					"retransmits":	0,
					"snd_cwnd":	350416,
					"snd_wnd":	1215744,
					"rtt":	2320,
					"rttvar":	73,
					"pmtu":	1500,
					"omitted":	false,
					"sender":	true
				}],
			"sum":	{
				"start":	8.700161,
				"end":	8.800161,
				"seconds":	0.10000000149011612,
				"bytes":	11796480,
				"bits_per_second":	943718385.93750024,
				"retransmits":	0,
				"omitted":	false,
				"sender":	true
			}
		}, {
			"streams":	[{
					"socket":	5,
					"start":	8.800161,
					"end":	8.900154,
					"seconds":	0.099992997944355,
					"bytes":	11796480,
					"bits_per_second":	943784484.31476045,
					"retransmits":	0,
					"snd_cwnd":	350416,
					"snd_wnd":	1205376,
					"rtt":	2364,
					"rttvar":	67,
					"pmtu":	1500,
					"omitted":	false,
					"sender":	true
				}],
			"sum":	{
				"start":	8.800161,
				"end":	8.900154,
				"seconds":	0.099992997944355,
				"bytes":	11796480,
				"bits_per_second":	943784484.31476045,
				"retransmits":	0,
				"omitted":	false,
				"sender":	true
			}
		}, {
			"streams":	[{
					"socket":	5,
					"start":	8.900154,
					"end":	9.00016,
					"seconds":	0.10000599920749664,
					"bytes":	12058624,
					"bits_per_second":	964632049.721758,
					"retransmits":	0,
					"snd_cwnd":	350416,
					"snd_wnd":	1215744,
					"rtt":	2346,
					"rttvar":	58,
					"pmtu":	1500,
					"omitted":	false,
					"sender":	true
				}],
			"sum":	{
				"start":	8.900154,
				"end":	9.00016,
				"seconds":	0.10000599920749664,
				"bytes":	12058624,
				"bits_per_second":	964632049.721758,
				"retransmits":	0,
				"omitted":	false,
				"sender":	true
			}
		}, {
			"streams":	[{
					"socket":	5,
					"start":	9.00016,
					"end":	9.10017,
					"seconds":	0.10001000016927719,
					"bytes":	11927552,
					"bits_per_second":	954108747.51016045,
					"retransmits":	0,
					"snd_cwnd":	350416,
					"snd_wnd":	1215744,
					"rtt":	2379,
					"rttvar":	78,
					"pmtu":	1500,
					"omitted":	false,
					"sender":	true
				}],
			"sum":	{
				"start":	9.00016,
				"end":	9.10017,
				"seconds":	0.10001000016927719,
				"bytes":	11927552,
				"bits_per_second":	954108747.51016045,
				"retransmits":	0,
				"omitted":	false,
				"sender":	true
			}
		}, {
			"streams":	[{
					"socket":	5,
					"start":	9.10017,
					"end":	9.200167,
					"seconds":	0.099996998906135559,
					"bytes":	11665408,
					"bits_per_second":	933260648.0280472,
					"retransmits":	0,
					"snd_cwnd":	350416,
					"snd_wnd":	1215744,
					"rtt":	2323,
					"rttvar":	69,
					"pmtu":	1500,
					"omitted":	false,
					"sender":	true
				}],
			"sum":	{
				"start":	9.10017,
				"end":	9.200167,
				"seconds":	0.099996998906135559,
				"bytes":	11665408,
				"bits_per_second":	933260648.0280472,
				"retransmits":	0,
				"omitted":	false,
				"sender":	true
			}
		}, {
			"streams":	[{
					"socket":	5,
					"start":	9.200167,
					"end":	9.300162,
					"seconds":	0.0999950021505356,
					"bytes":	11272192,
					"bits_per_second":	901820431.627612,
					"retransmits":	0,
					"snd_cwnd":	350416,
					"snd_wnd":	1215744,
					"rtt":	2344,
					"rttvar":	94,
					"pmtu":	1500,
					"omitted":	false,
					"sender":	true
				}],
			"sum":	{
				"start":	9.200167,
				"end":	9.300162,
				"seconds":	0.0999950021505356,
				"bytes":	11272192,
				"bits_per_second":	901820431.627612,
				"retransmits":	0,
				"omitted":	false,
				"sender":	true
			}
		}, {
			"streams":	[{
					"socket":	5,
					"start":	9.300162,
					"end":	9.400109,
					"seconds":	0.0999469980597496,
					"bytes":	11927552,
					"bits_per_second":	954710174.91647375,
					"retransmits":	0,
					"snd_cwnd":	350416,
					"snd_wnd":	1215744,
					"rtt":	2336,
					"rttvar":	75,
					"pmtu":	1500,
					"omitted":	false,
					"sender":	true
				}],
			"sum":	{
				"start":	9.300162,
				"end":	9.400109,
				"seconds":	0.0999469980597496,
				"bytes":	11927552,
				"bits_per_second":	954710174.91647375,
				"retransmits":	0,
				"omitted":	false,
				"sender":	true
			}
		}, {
			"streams":	[{
					"socket":	5,
					"start":	9.400109,
					"end":	9.500166,
					"seconds":	0.10005699843168259,
					"bytes":	11927552,
					"bits_per_second":	953660588.421025,
					"retransmits":	0,
					"snd_cwnd":	350416,
					"snd_wnd":	1215744,
					"rtt":	2345,
					"rttvar":	66,
					"pmtu":	1500,
					"omitted":	false,
					"sender":	true
				}],
			"sum":	{
				"start":	9.400109,
				"end":	9.500166,
				"seconds":	0.10005699843168259,
				"bytes":	11927552,
				"bits_per_second":	953660588.421025,
				"retransmits":	0,
				"omitted":	false,
				"sender":	true
			}
		}, {
			"streams":	[{
					"socket":	5,
					"start":	9.500166,
					"end":	9.600129,
					"seconds":	0.0999630019068718,
					"bytes":	11403264,
					"bits_per_second":	912598764.1406436,
					"retransmits":	0,
					"snd_cwnd":	350416,
					"snd_wnd":	1215744,
					"rtt":	2353,
					"rttvar":	68,
					"pmtu":	1500,
					"omitted":	false,
					"sender":	true
				}],
			"sum":	{
				"start":	9.500166,
				"end":	9.600129,
				"seconds":	0.0999630019068718,
				"bytes":	11403264,
				"bits_per_second":	912598764.1406436,
				"retransmits":	0,
				"omitted":	false,
				"sender":	true
			}
		}, {
			"streams":	[{
					"socket":	5,
					"start":	9.600129,
					"end":	9.700161,
					"seconds":	0.10003200173377991,
					"bytes":	12058624,
					"bits_per_second":	964381301.26334655,
					"retransmits":	0,
					"snd_cwnd":	350416,
					"snd_wnd":	1215744,
					"rtt":	2341,
					"rttvar":	75,
					"pmtu":	1500,
					"omitted":	false,
					"sender":	true
				}],
			"sum":	{
				"start":	9.600129,
				"end":	9.700161,
				"seconds":	0.10003200173377991,
				"bytes":	12058624,
				"bits_per_second":	964381301.26334655,
				"retransmits":	0,
				"omitted":	false,
				"sender":	true
			}
		}, {
			"streams":	[{
					"socket":	5,
					"start":	9.700161,
					"end":	9.800165,
					"seconds":	0.10000400245189667,
					"bytes":	11927552,
					"bits_per_second":	954165969.96603775,
					"retransmits":	0,
					"snd_cwnd":	350416,
					"snd_wnd":	1215744,
					"rtt":	2358,
					"rttvar":	86,
					"pmtu":	1500,
					"omitted":	false,
					"sender":	true
				}],
			"sum":	{
				"start":	9.700161,
				"end":	9.800165,
				"seconds":	0.10000400245189667,
				"bytes":	11927552,
				"bits_per_second":	954165969.96603775,
				"retransmits":	0,
				"omitted":	false,
				"sender":	true
			}
		}, {
			"streams":	[{
					"socket":	5,
					"start":	9.800165,
					"end":	9.900155,
					"seconds":	0.099990002810955048,
					"bytes":	11796480,
					"bits_per_second":	943812754.74532223,
					"retransmits":	0,
					"snd_cwnd":	350416,
					"snd_wnd":	1215744,
					"rtt":	2342,
					"rttvar":	70,
					"pmtu":	1500,
					"omitted":	false,
					"sender":	true
				}],
			"sum":	{
				"start":	9.800165,
				"end":	9.900155,
				"seconds":	0.099990002810955048,
				"bytes":	11796480,
				"bits_per_second":	943812754.74532223,
				"retransmits":	0,
				"omitted":	false,
				"sender":	true
			}
		}, {
			"streams":	[{
					"socket":	5,
					"start":	9.900155,
					"end":	10.000821,
					"seconds":	0.10066600143909454,
					"bytes":	11272192,
					"bits_per_second":	895809257.45381546,
					"retransmits":	0,
					"snd_cwnd":	350416,
					"snd_wnd":	1215744,
					"rtt":	2354,
					"rttvar":	58,
					"pmtu":	1500,
					"omitted":	false,
					"sender":	true
				}],
			"sum":	{
				"start":	9.900155,
				"end":	10.000821,
				"seconds":	0.10066600143909454,
				"bytes":	11272192,
				"bits_per_second":	895809257.45381546,
				"retransmits":	0,
				"omitted":	false,
				"sender":	true
			}
		}],
	"end":	{
		"streams":	[{
				"sender":	{
					"socket":	5,
					"start":	0,
					"end":	10.000821,
					"seconds":	10.000821,
					"bytes":	1177944064,
					"bits_per_second":	942277890.185216,
					"retransmits":	0,
					"max_snd_cwnd":	350416,
					"max_snd_wnd":	1215744,
					"max_rtt":	2424,
					"min_rtt":	2319,
					"mean_rtt":	2351,
					"sender":	true
				},
				"receiver":	{
					"socket":	5,
					"start":	0,
					"end":	10.003409,
					"seconds":	10.000821,
					"bytes":	1176895488,
					"bits_per_second":	941195536.84149075,
					"sender":	true
				}
			}],
		"sum_sent":	{
			"start":	0,
			"end":	10.000821,
			"seconds":	10.000821,
			"bytes":	1177944064,
			"bits_per_second":	942277890.185216,
			"retransmits":	0,
			"sender":	true
		},
		"sum_received":	{
			"start":	0,
			"end":	10.003409,
			"seconds":	10.003409,
			"bytes":	1176895488,
			"bits_per_second":	941195536.84149075,
			"sender":	true
		},
		"cpu_utilization_percent":	{
			"host_total":	3.3447636572853274,
			"host_user":	0.10706561088550004,
			"host_system":	3.2377180306482427,
			"remote_total":	7.1843655882677533,
			"remote_user":	0.67131691876580446,
			"remote_system":	6.5129986868559238
		},
		"sender_tcp_congestion":	"cubic",
		"receiver_tcp_congestion":	"cubic"
	}
}
