{
	"start":	{
		"connected":	[{
				"socket":	5,
				"local_host":	"10.8.8.1",
				"local_port":	35872,
				"remote_host":	"10.8.8.2",
				"remote_port":	5201
			}],
		"version":	"iperf 3.19.1",
		"system_info":	"Linux caladan 6.12.40 #1-NixOS SMP PREEMPT_DYNAMIC Thu Jul 24 06:56:38 UTC 2025 x86_64",
		"timestamp":	{
			"time":	"Fri, 15 Aug 2025 09:51:51 GMT",
			"timesecs":	1755251511
		},
		"connecting_to":	{
			"host":	"10.8.8.2",
			"port":	5201
		},
		"cookie":	"c2bfg6lnnpxm4cm4wwoopw5xtepavjdwwdts",
		"tcp_mss_default":	1448,
		"target_bitrate":	0,
		"fq_rate":	0,
		"sock_bufsize":	0,
		"sndbuf_actual":	16384,
		"rcvbuf_actual":	131072,
		"test_start":	{
			"protocol":	"TCP",
			"num_streams":	1,
			"blksize":	131072,
			"omit":	0,
			"duration":	10,
			"bytes":	0,
			"blocks":	0,
			"reverse":	0,
			"tos":	0,
			"target_bitrate":	0,
			"bidir":	0,
			"fqrate":	0,
			"interval":	0.1
		}
	},
	"intervals":	[{
			"streams":	[{
					"socket":	5,
					"start":	0,
					"end":	0.100132,
					"seconds":	0.10013200342655182,
					"bytes":	12713984,
					"bits_per_second":	1015777858.42073,
					"retransmits":	0,
					"snd_cwnd":	325800,
					"snd_wnd":	703104,
					"rtt":	2302,
					"rttvar":	78,
					"pmtu":	1500,
					"omitted":	false,
					"sender":	true
				}],
			"sum":	{
				"start":	0,
				"end":	0.100132,
				"seconds":	0.10013200342655182,
				"bytes":	12713984,
				"bits_per_second":	1015777858.42073,
				"retransmits":	0,
				"omitted":	false,
				"sender":	true
			}
		}, {
			"streams":	[{
					"socket":	5,
					"start":	0.100132,
					"end":	0.200126,
					"seconds":	0.099993996322155,
					"bytes":	11796480,
					"bits_per_second":	943775061.21425676,
					"retransmits":	0,
					"snd_cwnd":	325800,
					"snd_wnd":	703104,
					"rtt":	2313,
					"rttvar":	77,
					"pmtu":	1500,
					"omitted":	false,
					"sender":	true
				}],
			"sum":	{
				"start":	0.100132,
				"end":	0.200126,
				"seconds":	0.099993996322155,
				"bytes":	11796480,
				"bits_per_second":	943775061.21425676,
				"retransmits":	0,
				"omitted":	false,
				"sender":	true
			}
		}, {
			"streams":	[{
					"socket":	5,
					"start":	0.200126,
					"end":	0.300119,
					"seconds":	0.099992997944355,
					"bytes":	11796480,
					"bits_per_second":	943784484.31476045,
					"retransmits":	0,
					"snd_cwnd":	325800,
					"snd_wnd":	703104,
					"rtt":	2238,
					"rttvar":	53,
					"pmtu":	1500,
					"omitted":	false,
					"sender":	true
				}],
			"sum":	{
				"start":	0.200126,
				"end":	0.300119,
				"seconds":	0.099992997944355,
				"bytes":	11796480,
				"bits_per_second":	943784484.31476045,
				"retransmits":	0,
				"omitted":	false,
				"sender":	true
			}
		}, {
			"streams":	[{
					"socket":	5,
					"start":	0.300119,
					"end":	0.400101,
					"seconds":	0.099982000887393951,
					"bytes":	11665408,
					"bits_per_second":	933400643.832949,
					"retransmits":	0,
					"snd_cwnd":	325800,
					"snd_wnd":	703104,
					"rtt":	2255,
					"rttvar":	76,
					"pmtu":	1500,
					"omitted":	false,
					"sender":	true
				}],
			"sum":	{
				"start":	0.300119,
				"end":	0.400101,
				"seconds":	0.099982000887393951,
				"bytes":	11665408,
				"bits_per_second":	933400643.832949,
				"retransmits":	0,
				"omitted":	false,
				"sender":	true
			}
		}, {
			"streams":	[{
					"socket":	5,
					"start":	0.400101,
					"end":	0.500125,
					"seconds":	0.10002399981021881,
					"bytes":	11534336,
					"bits_per_second":	922525475.636627,
					"retransmits":	0,
					"snd_cwnd":	325800,
					"snd_wnd":	703104,
					"rtt":	2266,
					"rttvar":	77,
					"pmtu":	1500,
					"omitted":	false,
					"sender":	true
				}],
			"sum":	{
				"start":	0.400101,
				"end":	0.500125,
				"seconds":	0.10002399981021881,
				"bytes":	11534336,
				"bits_per_second":	922525475.636627,
				"retransmits":	0,
				"omitted":	false,
				"sender":	true
			}
		}, {
			"streams":	[{
					"socket":	5,
					"start":	0.500125,
					"end":	0.600155,
					"seconds":	0.10002999752759933,
					"bytes":	11665408,
					"bits_per_second":	932952777.23316073,
					"retransmits":	0,
					"snd_cwnd":	325800,
					"snd_wnd":	703104,
					"rtt":	2231,
					"rttvar":	66,
					"pmtu":	1500,
					"omitted":	false,
					"sender":	true
				}],
			"sum":	{
				"start":	0.500125,
				"end":	0.600155,
				"seconds":	0.10002999752759933,
				"bytes":	11665408,
				"bits_per_second":	932952777.23316073,
				"retransmits":	0,
				"omitted":	false,
				"sender":	true
			}
		}, {
			"streams":	[{
					"socket":	5,
					"start":	0.600155,
					"end":	0.700169,
					"seconds":	0.10001400113105774,
					"bytes":	11665408,
					"bits_per_second":	933101995.16675436,
					"retransmits":	0,
					"snd_cwnd":	325800,
					"snd_wnd":	703104,
					"rtt":	2305,
					"rttvar":	75,
					"pmtu":	1500,
					"omitted":	false,
					"sender":	true
				}],
			"sum":	{
				"start":	0.600155,
				"end":	0.700169,
				"seconds":	0.10001400113105774,
				"bytes":	11665408,
				"bits_per_second":	933101995.16675436,
				"retransmits":	0,
				"omitted":	false,
				"sender":	true
			}
		}, {
			"streams":	[{
					"socket":	5,
					"start":	0.700169,
					"end":	0.800125,
					"seconds":	0.0999559983611107,
					"bytes":	12058624,
					"bits_per_second":	965114586.23510325,
					"retransmits":	0,
					"snd_cwnd":	325800,
					"snd_wnd":	703104,
					"rtt":	2276,
					"rttvar":	55,
					"pmtu":	1500,
					"omitted":	false,
					"sender":	true
				}],
			"sum":	{
				"start":	0.700169,
				"end":	0.800125,
				"seconds":	0.0999559983611107,
				"bytes":	12058624,
				"bits_per_second":	965114586.23510325,
				"retransmits":	0,
				"omitted":	false,
				"sender":	true
			}
		}, {
			"streams":	[{
					"socket":	5,
					"start":	0.800125,
					"end":	0.900148,
					"seconds":	0.10002300143241882,
					"bytes":	11665408,
					"bits_per_second":	933018032.487802,
					"retransmits":	0,
					"snd_cwnd":	325800,
					"snd_wnd":	703104,
					"rtt":	2298,
					"rttvar":	80,
					"pmtu":	1500,
					"omitted":	false,
					"sender":	true
				}],
			"sum":	{
				"start":	0.800125,
				"end":	0.900148,
				"seconds":	0.10002300143241882,
				"bytes":	11665408,
				"bits_per_second":	933018032.487802,
				"retransmits":	0,
				"omitted":	false,
				"sender":	true
			}
		}, {
			"streams":	[{
					"socket":	5,
					"start":	0.900148,
					"end":	1.000135,
					"seconds":	0.0999870002269745,
					"bytes":	12058624,
					"bits_per_second":	964815343.80481,
					"retransmits":	0,
					"snd_cwnd":	325800,
					"snd_wnd":	703104,
					"rtt":	2331,
					"rttvar":	63,
					"pmtu":	1500,
					"omitted":	false,
					"sender":	true
				}],
			"sum":	{
				"start":	0.900148,
				"end":	1.000135,
				"seconds":	0.0999870002269745,
				"bytes":	12058624,
				"bits_per_second":	964815343.80481,
				"retransmits":	0,
				"omitted":	false,
				"sender":	true
			}
		}, {
			"streams":	[{
					"socket":	5,
					"start":	1.000135,
					"end":	1.100126,
					"seconds":	0.099991001188755035,
					"bytes":	11534336,
					"bits_per_second":	922829923.722948,
					"retransmits":	0,
					"snd_cwnd":	325800,
					"snd_wnd":	703104,
					"rtt":	2219,
					"rttvar":	66,
					"pmtu":	1500,
					"omitted":	false,
					"sender":	true
				}],
			"sum":	{
				"start":	1.000135,
				"end":	1.100126,
				"seconds":	0.099991001188755035,
				"bytes":	11534336,
				"bits_per_second":	922829923.722948,
				"retransmits":	0,
				"omitted":	false,
				"sender":	true
			}
		}, {
			"streams":	[{
					"socket":	5,
					"start":	1.100126,
					"end":	1.200133,
					"seconds":	0.10000699758529663,
					"bytes":	11534336,
					"bits_per_second":	922682314.51802468,
					"retransmits":	0,
					"snd_cwnd":	325800,
					"snd_wnd":	703104,
					"rtt":	2321,
					"rttvar":	96,
					"pmtu":	1500,
					"omitted":	false,
					"sender":	true
				}],
			"sum":	{
				"start":	1.100126,
				"end":	1.200133,
				"seconds":	0.10000699758529663,
				"bytes":	11534336,
				"bits_per_second":	922682314.51802468,
				"retransmits":	0,
				"omitted":	false,
				"sender":	true
			}
		}, {
			"streams":	[{
					"socket":	5,
					"start":	1.200133,
					"end":	1.300115,
					"seconds":	0.099982000887393951,
					"bytes":	12189696,
					"bits_per_second":	975351234.56701422,
					"retransmits":	0,
					"snd_cwnd":	325800,
					"snd_wnd":	703104,
					"rtt":	2260,
					"rttvar":	61,
					"pmtu":	1500,
					"omitted":	false,
					"sender":	true
				}],
			"sum":	{
				"start":	1.200133,
				"end":	1.300115,
				"seconds":	0.099982000887393951,
				"bytes":	12189696,
				"bits_per_second":	975351234.56701422,
				"retransmits":	0,
				"omitted":	false,
				"sender":	true
			}
		}, {
			"streams":	[{
					"socket":	5,
					"start":	1.300115,
					"end":	1.400115,
					"seconds":	0.10000000149011612,
					"bytes":	11403264,
					"bits_per_second":	912261106.40625024,
					"retransmits":	0,
					"snd_cwnd":	325800,
					"snd_wnd":	703104,
					"rtt":	2312,
					"rttvar":	62,
					"pmtu":	1500,
					"omitted":	false,
					"sender":	true
				}],
			"sum":	{
				"start":	1.300115,
				"end":	1.400115,
				"seconds":	0.10000000149011612,
				"bytes":	11403264,
				"bits_per_second":	912261106.40625024,
				"retransmits":	0,
				"omitted":	false,
				"sender":	true
			}
		}, {
			"streams":	[{
					"socket":	5,
					"start":	1.400115,
					"end":	1.500143,
					"seconds":	0.10002800077199936,
					"bytes":	12058624,
					"bits_per_second":	964419874.98968768,
					"retransmits":	0,
					"snd_cwnd":	325800,
					"snd_wnd":	691200,
					"rtt":	2243,
					"rttvar":	62,
					"pmtu":	1500,
					"omitted":	false,
					"sender":	true
				}],
			"sum":	{
				"start":	1.400115,
				"end":	1.500143,
				"seconds":	0.10002800077199936,
				"bytes":	12058624,
				"bits_per_second":	964419874.98968768,
				"retransmits":	0,
				"omitted":	false,
				"sender":	true
			}
		}, {
			"streams":	[{
					"socket":	5,
					"start":	1.500143,
					"end":	1.600125,
					"seconds":	0.099982000887393951,
					"bytes":	11665408,
					"bits_per_second":	933400643.832949,
					"retransmits":	0,
					"snd_cwnd":	325800,
					"snd_wnd":	703104,
					"rtt":	2225,
					"rttvar":	52,
					"pmtu":	1500,
					"omitted":	false,
					"sender":	true
				}],
			"sum":	{
				"start":	1.500143,
				"end":	1.600125,
				"seconds":	0.099982000887393951,
				"bytes":	11665408,
				"bits_per_second":	933400643.832949,
				"retransmits":	0,
				"omitted":	false,
				"sender":	true
			}
		}, {
			"streams":	[{
					"socket":	5,
					"start":	1.600125,
					"end":	1.70012,
					"seconds":	0.0999950021505356,
					"bytes":	11534336,
					"bits_per_second":	922792999.8049984,
					"retransmits":	0,
					"snd_cwnd":	325800,
					"snd_wnd":	703104,
					"rtt":	2322,
					"rttvar":	110,
					"pmtu":	1500,
					"omitted":	false,
					"sender":	true
				}],
			"sum":	{
				"start":	1.600125,
				"end":	1.70012,
				"seconds":	0.0999950021505356,
				"bytes":	11534336,
				"bits_per_second":	922792999.8049984,
				"retransmits":	0,
				"omitted":	false,
				"sender":	true
			}
		}, {
			"streams":	[{
					"socket":	5,
					"start":	1.70012,
					"end":	1.800131,
					"seconds":	0.10001099854707718,
					"bytes":	12189696,
					"bits_per_second":	975068436.63896155,
					"retransmits":	0,
					"snd_cwnd":	325800,
					"snd_wnd":	703104,
					"rtt":	2260,
					"rttvar":	46,
					"pmtu":	1500,
					"omitted":	false,
					"sender":	true
				}],
			"sum":	{
				"start":	1.70012,
				"end":	1.800131,
				"seconds":	0.10001099854707718,
				"bytes":	12189696,
				"bits_per_second":	975068436.63896155,
				"retransmits":	0,
				"omitted":	false,
				"sender":	true
			}
		}, {
			"streams":	[{
					"socket":	5,
					"start":	1.800131,
					"end":	1.90012,
					"seconds":	0.099988996982574463,
					"bytes":	11534336,
					"bits_per_second":	922848421.172593,
					"retransmits":	0,
					"snd_cwnd":	325800,
					"snd_wnd":	703104,
					"rtt":	2217,
					"rttvar":	66,
					"pmtu":	1500,
					"omitted":	false,
					"sender":	true
				}],
			"sum":	{
				"start":	1.800131,
				"end":	1.90012,
				"seconds":	0.099988996982574463,
				"bytes":	11534336,
				"bits_per_second":	922848421.172593,
				"retransmits":	0,
				"omitted":	false,
				"sender":	true
			}
		}, {
			"streams":	[{
					"socket":	5,
					"start":	1.90012,
					"end":	2.000167,
					"seconds":	0.10004699975252151,
					"bytes":	11534336,
					"bits_per_second":	922313394.9868834,
					"retransmits":	0,
					"snd_cwnd":	325800,
					"snd_wnd":	691200,
					"rtt":	2316,
					"rttvar":	67,
					"pmtu":	1500,
					"omitted":	false,
					"sender":	true
				}],
			"sum":	{
				"start":	1.90012,
				"end":	2.000167,
				"seconds":	0.10004699975252151,
				"bytes":	11534336,
				"bits_per_second":	922313394.9868834,
				"retransmits":	0,
				"omitted":	false,
				"sender":	true
			}
		}, {
			"streams":	[{
					"socket":	5,
					"start":	2.000167,
					"end":	2.100162,
					"seconds":	0.0999950021505356,
					"bytes":	12189696,
					"bits_per_second":	975224420.24846423,
					"retransmits":	0,
					"snd_cwnd":	325800,
					"snd_wnd":	703104,
					"rtt":	2188,
					"rttvar":	61,
					"pmtu":	1500,
					"omitted":	false,
					"sender":	true
				}],
			"sum":	{
				"start":	2.000167,
				"end":	2.100162,
				"seconds":	0.0999950021505356,
				"bytes":	12189696,
				"bits_per_second":	975224420.24846423,
				"retransmits":	0,
				"omitted":	false,
				"sender":	true
			}
		}, {
			"streams":	[{
					"socket":	5,
					"start":	2.100162,
					"end":	2.200116,
					"seconds":	0.0999540016055107,
					"bytes":	11665408,
					"bits_per_second":	933662109.580362,
					"retransmits":	0,
					"snd_cwnd":	325800,
					"snd_wnd":	703104,
					"rtt":	2345,
					"rttvar":	74,
					"pmtu":	1500,
					"omitted":	false,
					"sender":	true
				}],
			"sum":	{
				"start":	2.100162,
				"end":	2.200116,
				"seconds":	0.0999540016055107,
				"bytes":	11665408,
				"bits_per_second":	933662109.580362,
				"retransmits":	0,
				"omitted":	false,
				"sender":	true
			}
		}, {
			"streams":	[{
					"socket":	5,
					"start":	2.200116,
					"end":	2.300124,
					"seconds":	0.10000800341367722,
					"bytes":	11534336,
					"bits_per_second":	922673034.660148,
					"retransmits":	0,
					"snd_cwnd":	325800,
					"snd_wnd":	703104,
					"rtt":	2325,
					"rttvar":	83,
					"pmtu":	1500,
					"omitted":	false,
					"sender":	true
				}],
			"sum":	{
				"start":	2.200116,
				"end":	2.300124,
				"seconds":	0.10000800341367722,
				"bytes":	11534336,
				"bits_per_second":	922673034.660148,
				"retransmits":	0,
				"omitted":	false,
				"sender":	true
			}
		}, {
			"streams":	[{
					"socket":	5,
					"start":	2.300124,
					"end":	2.400121,
					"seconds":	0.099996998906135559,
					"bytes":	11665408,
					"bits_per_second":	933260648.0280472,
					"retransmits":	0,
					"snd_cwnd":	325800,
					"snd_wnd":	703104,
					"rtt":	2272,
					"rttvar":	60,
					"pmtu":	1500,
					"omitted":	false,
					"sender":	true
				}],
			"sum":	{
				"start":	2.300124,
				"end":	2.400121,
				"seconds":	0.099996998906135559,
				"bytes":	11665408,
				"bits_per_second":	933260648.0280472,
				"retransmits":	0,
				"omitted":	false,
				"sender":	true
			}
		}, {
			"streams":	[{
					"socket":	5,
					"start":	2.400121,
					"end":	2.500128,
					"seconds":	0.10000699758529663,
					"bytes":	12320768,
					"bits_per_second":	985592472.326072,
					"retransmits":	0,
					"snd_cwnd":	325800,
					"snd_wnd":	703104,
					"rtt":	2257,
					"rttvar":	52,
					"pmtu":	1500,
					"omitted":	false,
					"sender":	true
				}],
			"sum":	{
				"start":	2.400121,
				"end":	2.500128,
				"seconds":	0.10000699758529663,
				"bytes":	12320768,
				"bits_per_second":	985592472.326072,
				"retransmits":	0,
				"omitted":	false,
				"sender":	true
			}
		}, {
			"streams":	[{
					"socket":	5,
					"start":	2.500128,
					"end":	2.600143,
					"seconds":	0.10001499950885773,
					"bytes":	11534336,
					"bits_per_second":	922608493.25733173,
					"retransmits":	0,
					"snd_cwnd":	325800,
					"snd_wnd":	703104,
					"rtt":	2230,
					"rttvar":	75,
					"pmtu":	1500,
					"omitted":	false,
					"sender":	true
				}],
			"sum":	{
				"start":	2.500128,
				"end":	2.600143,
				"seconds":	0.10001499950885773,
				"bytes":	11534336,
				"bits_per_second":	922608493.25733173,
				"retransmits":	0,
				"omitted":	false,
				"sender":	true
			}
		}, {
			"streams":	[{
					"socket":	5,
					"start":	2.600143,
					"end":	2.70012,
					"seconds":	0.0999770015478134,
					"bytes":	11534336,
					"bits_per_second":	922959146.31796765,
					"retransmits":	0,
					"snd_cwnd":	325800,
					"snd_wnd":	703104,
					"rtt":	2260,
					"rttvar":	69,
					"pmtu":	1500,
					"omitted":	false,
					"sender":	true
				}],
			"sum":	{
				"start":	2.600143,
				"end":	2.70012,
				"seconds":	0.0999770015478134,
				"bytes":	11534336,
				"bits_per_second":	922959146.31796765,
				"retransmits":	0,
				"omitted":	false,
				"sender":	true
			}
		}, {
			"streams":	[{
					"socket":	5,
					"start":	2.70012,
					"end":	2.800123,
					"seconds":	0.10000299662351608,
					"bytes":	12189696,
					"bits_per_second":	975146458.53190744,
					"retransmits":	0,
					"snd_cwnd":	325800,
					"snd_wnd":	688512,
					"rtt":	2293,
					"rttvar":	93,
					"pmtu":	1500,
					"omitted":	false,
					"sender":	true
				}],
			"sum":	{
				"start":	2.70012,
				"end":	2.800123,
				"seconds":	0.10000299662351608,
				"bytes":	12189696,
				"bits_per_second":	975146458.53190744,
				"retransmits":	0,
				"omitted":	false,
				"sender":	true
			}
		}, {
			"streams":	[{
					"socket":	5,
					"start":	2.800123,
					"end":	2.900118,
					"seconds":	0.0999950021505356,
					"bytes":	11403264,
					"bits_per_second":	912306715.71630526,
					"retransmits":	0,
					"snd_cwnd":	325800,
					"snd_wnd":	692736,
					"rtt":	2237,
					"rttvar":	66,
					"pmtu":	1500,
					"omitted":	false,
					"sender":	true
				}],
			"sum":	{
				"start":	2.800123,
				"end":	2.900118,
				"seconds":	0.0999950021505356,
				"bytes":	11403264,
				"bits_per_second":	912306715.71630526,
				"retransmits":	0,
				"omitted":	false,
				"sender":	true
			}
		}, {
			"streams":	[{
					"socket":	5,
					"start":	2.900118,
					"end":	3.00013,
					"seconds":	0.10001199692487717,
					"bytes":	12189696,
					"bits_per_second":	975058702.9399,
					"retransmits":	0,
					"snd_cwnd":	325800,
					"snd_wnd":	703104,
					"rtt":	2324,
					"rttvar":	92,
					"pmtu":	1500,
					"omitted":	false,
					"sender":	true
				}],
			"sum":	{
				"start":	2.900118,
				"end":	3.00013,
				"seconds":	0.10001199692487717,
				"bytes":	12189696,
				"bits_per_second":	975058702.9399,
				"retransmits":	0,
				"omitted":	false,
				"sender":	true
			}
		}, {
			"streams":	[{
					"socket":	5,
					"start":	3.00013,
					"end":	3.100116,
					"seconds":	0.0999860018491745,
					"bytes":	11534336,
					"bits_per_second":	922876065.583593,
					"retransmits":	0,
					"snd_cwnd":	325800,
					"snd_wnd":	703104,
					"rtt":	2331,
					"rttvar":	70,
					"pmtu":	1500,
					"omitted":	false,
					"sender":	true
				}],
			"sum":	{
				"start":	3.00013,
				"end":	3.100116,
				"seconds":	0.0999860018491745,
				"bytes":	11534336,
				"bits_per_second":	922876065.583593,
				"retransmits":	0,
				"omitted":	false,
				"sender":	true
			}
		}, {
			"streams":	[{
					"socket":	5,
					"start":	3.100116,
					"end":	3.200127,
					"seconds":	0.10001099854707718,
					"bytes":	11403264,
					"bits_per_second":	912160795.56548,
					"retransmits":	0,
					"snd_cwnd":	325800,
					"snd_wnd":	703104,
					"rtt":	2302,
					"rttvar":	75,
					"pmtu":	1500,
					"omitted":	false,
					"sender":	true
				}],
			"sum":	{
				"start":	3.100116,
				"end":	3.200127,
				"seconds":	0.10001099854707718,
				"bytes":	11403264,
				"bits_per_second":	912160795.56548,
				"retransmits":	0,
				"omitted":	false,
				"sender":	true
			}
		}, {
			"streams":	[{
					"socket":	5,
					"start":	3.200127,
					"end":	3.300129,
					"seconds":	0.10000199824571609,
					"bytes":	12189696,
					"bits_per_second":	975156193.98312855,
					"retransmits":	0,
					"snd_cwnd":	325800,
					"snd_wnd":	703104,
					"rtt":	2323,
					"rttvar":	70,
					"pmtu":	1500,
					"omitted":	false,
					"sender":	true
				}],
			"sum":	{
				"start":	3.200127,
				"end":	3.300129,
				"seconds":	0.10000199824571609,
				"bytes":	12189696,
				"bits_per_second":	975156193.98312855,
				"retransmits":	0,
				"omitted":	false,
				"sender":	true
			}
		}, {
			"streams":	[{
					"socket":	5,
					"start":	3.300129,
					"end":	3.400126,
					"seconds":	0.099996998906135559,
					"bytes":	11403264,
					"bits_per_second":	912288498.63415849,
					"retransmits":	0,
					"snd_cwnd":	325800,
					"snd_wnd":	703104,
					"rtt":	2295,
					"rttvar":	72,
					"pmtu":	1500,
					"omitted":	false,
					"sender":	true
				}],
			"sum":	{
				"start":	3.300129,
				"end":	3.400126,
				"seconds":	0.099996998906135559,
				"bytes":	11403264,
				"bits_per_second":	912288498.63415849,
				"retransmits":	0,
				"omitted":	false,
				"sender":	true
			}
		}, {
			"streams":	[{
					"socket":	5,
					"start":	3.400126,
					"end":	3.500113,
					"seconds":	0.0999870002269745,
					"bytes":	12189696,
					"bits_per_second":	975302467.107036,
					"retransmits":	0,
					"snd_cwnd":	325800,
					"snd_wnd":	703104,
					"rtt":	2213,
					"rttvar":	71,
					"pmtu":	1500,
					"omitted":	false,
					"sender":	true
				}],
			"sum":	{
				"start":	3.400126,
				"end":	3.500113,
				"seconds":	0.0999870002269745,
				"bytes":	12189696,
				"bits_per_second":	975302467.107036,
				"retransmits":	0,
				"omitted":	false,
				"sender":	true
			}
		}, {
			"streams":	[{
					"socket":	5,
					"start":	3.500113,
					"end":	3.600129,
					"seconds":	0.10001599788665771,
					"bytes":	11403264,
					"bits_per_second":	912115200.843981,
					"retransmits":	0,
					"snd_cwnd":	325800,
					"snd_wnd":	703104,
					"rtt":	2325,
					"rttvar":	159,
					"pmtu":	1500,
					"omitted":	false,
					"sender":	true
				}],
			"sum":	{
				"start":	3.500113,
				"end":	3.600129,
				"seconds":	0.10001599788665771,
				"bytes":	11403264,
				"bits_per_second":	912115200.843981,
				"retransmits":	0,
				"omitted":	false,
				"sender":	true
			}
		}, {
			"streams":	[{
					"socket":	5,
					"start":	3.600129,
					"end":	3.700123,
					"seconds":	0.099993996322155,
					"bytes":	12320768,
					"bits_per_second":	985720619.490446,
					"retransmits":	0,
					"snd_cwnd":	325800,
					"snd_wnd":	703104,
					"rtt":	2212,
					"rttvar":	63,
					"pmtu":	1500,
					"omitted":	false,
					"sender":	true
				}],
			"sum":	{
				"start":	3.600129,
				"end":	3.700123,
				"seconds":	0.099993996322155,
				"bytes":	12320768,
				"bits_per_second":	985720619.490446,
				"retransmits":	0,
				"omitted":	false,
				"sender":	true
			}
		}, {
			"streams":	[{
					"socket":	5,
					"start":	3.700123,
					"end":	3.800172,
					"seconds":	0.10004899650812149,
					"bytes":	11403264,
					"bits_per_second":	911814362.801677,
					"retransmits":	0,
					"snd_cwnd":	325800,
					"snd_wnd":	703104,
					"rtt":	2333,
					"rttvar":	89,
					"pmtu":	1500,
					"omitted":	false,
					"sender":	true
				}],
			"sum":	{
				"start":	3.700123,
				"end":	3.800172,
				"seconds":	0.10004899650812149,
				"bytes":	11403264,
				"bits_per_second":	911814362.801677,
				"retransmits":	0,
				"omitted":	false,
				"sender":	true
			}
		}, {
			"streams":	[{
					"socket":	5,
					"start":	3.800172,
					"end":	3.900125,
					"seconds":	0.099953003227710724,
					"bytes":	11534336,
					"bits_per_second":	923180745.15261781,
					"retransmits":	0,
					"snd_cwnd":	325800,
					"snd_wnd":	703104,
					"rtt":	2252,
					"rttvar":	46,
					"pmtu":	1500,
					"omitted":	false,
					"sender":	true
				}],
			"sum":	{
				"start":	3.800172,
				"end":	3.900125,
				"seconds":	0.099953003227710724,
				"bytes":	11534336,
				"bits_per_second":	923180745.15261781,
				"retransmits":	0,
				"omitted":	false,
				"sender":	true
			}
		}, {
			"streams":	[{
					"socket":	5,
					"start":	3.900125,
					"end":	4.00012,
					"seconds":	0.0999950021505356,
					"bytes":	12320768,
					"bits_per_second":	985710704.33715737,
					"retransmits":	0,
					"snd_cwnd":	325800,
					"snd_wnd":	703104,
					"rtt":	2263,
					"rttvar":	64,
					"pmtu":	1500,
					"omitted":	false,
					"sender":	true
				}],
			"sum":	{
				"start":	3.900125,
				"end":	4.00012,
				"seconds":	0.0999950021505356,
				"bytes":	12320768,
				"bits_per_second":	985710704.33715737,
				"retransmits":	0,
				"omitted":	false,
				"sender":	true
			}
		}, {
			"streams":	[{
					"socket":	5,
					"start":	4.00012,
					"end":	4.100137,
					"seconds":	0.1000170037150383,
					"bytes":	11534336,
					"bits_per_second":	922590005.424506,
					"retransmits":	0,
					"snd_cwnd":	325800,
					"snd_wnd":	703104,
					"rtt":	2250,
					"rttvar":	71,
					"pmtu":	1500,
					"omitted":	false,
					"sender":	true
				}],
			"sum":	{
				"start":	4.00012,
				"end":	4.100137,
				"seconds":	0.1000170037150383,
				"bytes":	11534336,
				"bits_per_second":	922590005.424506,
				"retransmits":	0,
				"omitted":	false,
				"sender":	true
			}
		}, {
			"streams":	[{
					"socket":	5,
					"start":	4.100137,
					"end":	4.200121,
					"seconds":	0.099983997642993927,
					"bytes":	11403264,
					"bits_per_second":	912407126.64575469,
					"retransmits":	0,
					"snd_cwnd":	325800,
					"snd_wnd":	703104,
					"rtt":	2206,
					"rttvar":	69,
					"pmtu":	1500,
					"omitted":	false,
					"sender":	true
				}],
			"sum":	{
				"start":	4.100137,
				"end":	4.200121,
				"seconds":	0.099983997642993927,
				"bytes":	11403264,
				"bits_per_second":	912407126.64575469,
				"retransmits":	0,
				"omitted":	false,
				"sender":	true
			}
		}, {
			"streams":	[{
					"socket":	5,
					"start":	4.200121,
					"end":	4.300129,
					"seconds":	0.10000800341367722,
					"bytes":	12189696,
					"bits_per_second":	975097638.902202,
					"retransmits":	0,
					"snd_cwnd":	325800,
					"snd_wnd":	703104,
					"rtt":	2370,
					"rttvar":	118,
					"pmtu":	1500,
					"omitted":	false,
					"sender":	true
				}],
			"sum":	{
				"start":	4.200121,
				"end":	4.300129,
				"seconds":	0.10000800341367722,
				"bytes":	12189696,
				"bits_per_second":	975097638.902202,
				"retransmits":	0,
				"omitted":	false,
				"sender":	true
			}
		}, {
			"streams":	[{
					"socket":	5,
					"start":	4.300129,
					"end":	4.400117,
					"seconds":	0.099987998604774475,
					"bytes":	11403264,
					"bits_per_second":	912370617.2036922,
					"retransmits":	0,
					"snd_cwnd":	325800,
					"snd_wnd":	703104,
					"rtt":	2226,
					"rttvar":	48,
					"pmtu":	1500,
					"omitted":	false,
					"sender":	true
				}],
			"sum":	{
				"start":	4.300129,
				"end":	4.400117,
				"seconds":	0.099987998604774475,
				"bytes":	11403264,
				"bits_per_second":	912370617.2036922,
				"retransmits":	0,
				"omitted":	false,
				"sender":	true
			}
		}, {
			"streams":	[{
					"socket":	5,
					"start":	4.400117,
					"end":	4.500123,
					"seconds":	0.10000599920749664,
					"bytes":	12189696,
					"bits_per_second":	975117180.69699454,
					"retransmits":	0,
					"snd_cwnd":	325800,
					"snd_wnd":	703104,
					"rtt":	2277,
					"rttvar":	59,
					"pmtu":	1500,
					"omitted":	false,
					"sender":	true
				}],
			"sum":	{
				"start":	4.400117,
				"end":	4.500123,
				"seconds":	0.10000599920749664,
				"bytes":	12189696,
				"bits_per_second":	975117180.69699454,
				"retransmits":	0,
				"omitted":	false,
				"sender":	true
			}
		}, {
			"streams":	[{
					"socket":	5,
					"start":	4.500123,
					"end":	4.600122,
					"seconds":	0.099999003112316132,
					"bytes":	11534336,
					"bits_per_second":	922756078.841702,
					"retransmits":	0,
					"snd_cwnd":	325800,
					"snd_wnd":	703104,
					"rtt":	2315,
					"rttvar":	74,
					"pmtu":	1500,
					"omitted":	false,
					"sender":	true
				}],
			"sum":	{
				"start":	4.500123,
				"end":	4.600122,
				"seconds":	0.099999003112316132,
				"bytes":	11534336,
				"bits_per_second":	922756078.841702,
				"retransmits":	0,
				"omitted":	false,
				"sender":	true
			}
		}, {
			"streams":	[{
					"socket":	5,
					"start":	4.600122,
					"end":	4.70012,
					"seconds":	0.099997997283935547,
					"bytes":	12058624,
					"bits_per_second":	964709240.38693249,
					"retransmits":	0,
					"snd_cwnd":	325800,
					"snd_wnd":	701568,
					"rtt":	2350,
					"rttvar":	92,
					"pmtu":	1500,
					"omitted":	false,
					"sender":	true
				}],
			"sum":	{
				"start":	4.600122,
				"end":	4.70012,
				"seconds":	0.099997997283935547,
				"bytes":	12058624,
				"bits_per_second":	964709240.38693249,
				"retransmits":	0,
				"omitted":	false,
				"sender":	true
			}
		}, {
			"streams":	[{
					"socket":	5,
					"start":	4.70012,
					"end":	4.800153,
					"seconds":	0.1000330001115799,
					"bytes":	11534336,
					"bits_per_second":	922442472.95466459,
					"retransmits":	0,
					"snd_cwnd":	325800,
					"snd_wnd":	695296,
					"rtt":	2246,
					"rttvar":	68,
					"pmtu":	1500,
					"omitted":	false,
					"sender":	true
				}],
			"sum":	{
				"start":	4.70012,
				"end":	4.800153,
				"seconds":	0.1000330001115799,
				"bytes":	11534336,
				"bits_per_second":	922442472.95466459,
				"retransmits":	0,
				"omitted":	false,
				"sender":	true
			}
		}, {
			"streams":	[{
					"socket":	5,
					"start":	4.800153,
					"end":	4.900135,
					"seconds":	0.099982000887393951,
					"bytes":	12058624,
					"bits_per_second":	964863586.883498,
					"retransmits":	0,
					"snd_cwnd":	343176,
					"snd_wnd":	703104,
					"rtt":	2347,
					"rttvar":	82,
					"pmtu":	1500,
					"omitted":	false,
					"sender":	true
				}],
			"sum":	{
				"start":	4.800153,
				"end":	4.900135,
				"seconds":	0.099982000887393951,
				"bytes":	12058624,
				"bits_per_second":	964863586.883498,
				"retransmits":	0,
				"omitted":	false,
				"sender":	true
			}
		}, {
			"streams":	[{
					"socket":	5,
					"start":	4.900135,
					"end":	5.000121,
					"seconds":	0.0999860018491745,
					"bytes":	11534336,
					"bits_per_second":	922876065.583593,
					"retransmits":	0,
					"snd_cwnd":	343176,
					"snd_wnd":	703104,
					"rtt":	2363,
					"rttvar":	51,
					"pmtu":	1500,
					"omitted":	false,
					"sender":	true
				}],
			"sum":	{
				"start":	4.900135,
				"end":	5.000121,
				"seconds":	0.0999860018491745,
				"bytes":	11534336,
				"bits_per_second":	922876065.583593,
				"retransmits":	0,
				"omitted":	false,
				"sender":	true
			}
		}, {
			"streams":	[{
					"socket":	5,
					"start":	5.000121,
					"end":	5.100123,
					"seconds":	0.10000199824571609,
					"bytes":	11796480,
					"bits_per_second":	943699542.564318,
					"retransmits":	0,
					"snd_cwnd":	343176,
					"snd_wnd":	703104,
					"rtt":	2345,
					"rttvar":	61,
					"pmtu":	1500,
					"omitted":	false,
					"sender":	true
				}],
			"sum":	{
				"start":	5.000121,
				"end":	5.100123,
				"seconds":	0.10000199824571609,
				"bytes":	11796480,
				"bits_per_second":	943699542.564318,
				"retransmits":	0,
				"omitted":	false,
				"sender":	true
			}
		}, {
			"streams":	[{
					"socket":	5,
					"start":	5.100123,
					"end":	5.200123,
					"seconds":	0.10000000149011612,
					"bytes":	11534336,
					"bits_per_second":	922746866.25000024,
					"retransmits":	0,
					"snd_cwnd":	343176,
					"snd_wnd":	703104,
					"rtt":	2372,
					"rttvar":	71,
					"pmtu":	1500,
					"omitted":	false,
					"sender":	true
				}],
			"sum":	{
				"start":	5.100123,
				"end":	5.200123,
				"seconds":	0.10000000149011612,
				"bytes":	11534336,
				"bits_per_second":	922746866.25000024,
				"retransmits":	0,
				"omitted":	false,
				"sender":	true
			}
		}, {
			"streams":	[{
					"socket":	5,
					"start":	5.200123,
					"end":	5.300119,
					"seconds":	0.099996000528335571,
					"bytes":	12058624,
					"bits_per_second":	964728504.04315782,
					"retransmits":	0,
					"snd_cwnd":	343176,
					"snd_wnd":	703104,
					"rtt":	2344,
					"rttvar":	69,
					"pmtu":	1500,
					"omitted":	false,
					"sender":	true
				}],
			"sum":	{
				"start":	5.200123,
				"end":	5.300119,
				"seconds":	0.099996000528335571,
				"bytes":	12058624,
				"bits_per_second":	964728504.04315782,
				"retransmits":	0,
				"omitted":	false,
				"sender":	true
			}
		}, {
			"streams":	[{
					"socket":	5,
					"start":	5.300119,
					"end":	5.400122,
					"seconds":	0.10000299662351608,
					"bytes":	11534336,
					"bits_per_second":	922719229.578579,
					"retransmits":	0,
					"snd_cwnd":	343176,
					"snd_wnd":	703104,
					"rtt":	2367,
					"rttvar":	79,
					"pmtu":	1500,
					"omitted":	false,
					"sender":	true
				}],
			"sum":	{
				"start":	5.300119,
				"end":	5.400122,
				"seconds":	0.10000299662351608,
				"bytes":	11534336,
				"bits_per_second":	922719229.578579,
				"retransmits":	0,
				"omitted":	false,
				"sender":	true
			}
		}, {
			"streams":	[{
					"socket":	5,
					"start":	5.400122,
					"end":	5.50013,
					"seconds":	0.10000800341367722,
					"bytes":	12058624,
					"bits_per_second":	964612718.053791,
					"retransmits":	0,
					"snd_cwnd":	343176,
					"snd_wnd":	703104,
					"rtt":	2318,
					"rttvar":	52,
					"pmtu":	1500,
					"omitted":	false,
					"sender":	true
				}],
			"sum":	{
				"start":	5.400122,
				"end":	5.50013,
				"seconds":	0.10000800341367722,
				"bytes":	12058624,
				"bits_per_second":	964612718.053791,
				"retransmits":	0,
				"omitted":	false,
				"sender":	true
			}
		}, {
			"streams":	[{
					"socket":	5,
					"start":	5.50013,
					"end":	5.60013,
					"seconds":	0.10000000149011612,
					"bytes":	12058624,
					"bits_per_second":	964689905.62500024,
					"retransmits":	0,
					"snd_cwnd":	343176,
					"snd_wnd":	699008,
					"rtt":	2317,
					"rttvar":	64,
					"pmtu":	1500,
					"omitted":	false,
					"sender":	true
				}],
			"sum":	{
				"start":	5.50013,
				"end":	5.60013,
				"seconds":	0.10000000149011612,
				"bytes":	12058624,
				"bits_per_second":	964689905.62500024,
				"retransmits":	0,
				"omitted":	false,
				"sender":	true
			}
		}, {
			"streams":	[{
					"socket":	5,
					"start":	5.60013,
					"end":	5.700125,
					"seconds":	0.0999950021505356,
					"bytes":	11272192,
					"bits_per_second":	901820431.627612,
					"retransmits":	0,
					"snd_cwnd":	343176,
					"snd_wnd":	694016,
					"rtt":	2359,
					"rttvar":	68,
					"pmtu":	1500,
					"omitted":	false,
					"sender":	true
				}],
			"sum":	{
				"start":	5.60013,
				"end":	5.700125,
				"seconds":	0.0999950021505356,
				"bytes":	11272192,
				"bits_per_second":	901820431.627612,
				"retransmits":	0,
				"omitted":	false,
				"sender":	true
			}
		}, {
			"streams":	[{
					"socket":	5,
					"start":	5.700125,
					"end":	5.800142,
					"seconds":	0.1000170037150383,
					"bytes":	12058624,
					"bits_per_second":	964525914.76198328,
					"retransmits":	0,
					"snd_cwnd":	343176,
					"snd_wnd":	703104,
					"rtt":	2336,
					"rttvar":	71,
					"pmtu":	1500,
					"omitted":	false,
					"sender":	true
				}],
			"sum":	{
				"start":	5.700125,
				"end":	5.800142,
				"seconds":	0.1000170037150383,
				"bytes":	12058624,
				"bits_per_second":	964525914.76198328,
				"retransmits":	0,
				"omitted":	false,
				"sender":	true
			}
		}, {
			"streams":	[{
					"socket":	5,
					"start":	5.800142,
					"end":	5.900119,
					"seconds":	0.0999770015478134,
					"bytes":	11403264,
					"bits_per_second":	912470974.200718,
					"retransmits":	0,
					"snd_cwnd":	343176,
					"snd_wnd":	703104,
					"rtt":	2355,
					"rttvar":	68,
					"pmtu":	1500,
					"omitted":	false,
					"sender":	true
				}],
			"sum":	{
				"start":	5.800142,
				"end":	5.900119,
				"seconds":	0.0999770015478134,
				"bytes":	11403264,
				"bits_per_second":	912470974.200718,
				"retransmits":	0,
				"omitted":	false,
				"sender":	true
			}
		}, {
			"streams":	[{
					"socket":	5,
					"start":	5.900119,
					"end":	6.000132,
					"seconds":	0.10001300275325775,
					"bytes":	12189696,
					"bits_per_second":	975048896.797807,
					"retransmits":	0,
					"snd_cwnd":	343176,
					"snd_wnd":	703104,
					"rtt":	2344,
					"rttvar":	68,
					"pmtu":	1500,
					"omitted":	false,
					"sender":	true
				}],
			"sum":	{
				"start":	5.900119,
				"end":	6.000132,
				"seconds":	0.10001300275325775,
				"bytes":	12189696,
				"bits_per_second":	975048896.797807,
				"retransmits":	0,
				"omitted":	false,
				"sender":	true
			}
		}, {
			"streams":	[{
					"socket":	5,
					"start":	6.000132,
					"end":	6.100121,
					"seconds":	0.099988996982574463,
					"bytes":	11403264,
					"bits_per_second":	912361507.29563165,
					"retransmits":	0,
					"snd_cwnd":	343176,
					"snd_wnd":	689920,
					"rtt":	2373,
					"rttvar":	89,
					"pmtu":	1500,
					"omitted":	false,
					"sender":	true
				}],
			"sum":	{
				"start":	6.000132,
				"end":	6.100121,
				"seconds":	0.099988996982574463,
				"bytes":	11403264,
				"bits_per_second":	912361507.29563165,
				"retransmits":	0,
				"omitted":	false,
				"sender":	true
			}
		}, {
			"streams":	[{
					"socket":	5,
					"start":	6.100121,
					"end":	6.200152,
					"seconds":	0.10003100335597992,
					"bytes":	12058624,
					"bits_per_second":	964390926.44803524,
					"retransmits":	0,
					"snd_cwnd":	343176,
					"snd_wnd":	695296,
					"rtt":	2353,
					"rttvar":	67,
					"pmtu":	1500,
					"omitted":	false,
					"sender":	true
				}],
			"sum":	{
				"start":	6.100121,
				"end":	6.200152,
				"seconds":	0.10003100335597992,
				"bytes":	12058624,
				"bits_per_second":	964390926.44803524,
				"retransmits":	0,
				"omitted":	false,
				"sender":	true
			}
		}, {
			"streams":	[{
					"socket":	5,
					"start":	6.200152,
					"end":	6.300125,
					"seconds":	0.099973000586032867,
					"bytes":	11403264,
					"bits_per_second":	912507491.6751585,
					"retransmits":	0,
					"snd_cwnd":	343176,
					"snd_wnd":	703104,
					"rtt":	2352,
					"rttvar":	54,
					"pmtu":	1500,
					"omitted":	false,
					"sender":	true
				}],
			"sum":	{
				"start":	6.200152,
				"end":	6.300125,
				"seconds":	0.099973000586032867,
				"bytes":	11403264,
				"bits_per_second":	912507491.6751585,
				"retransmits":	0,
				"omitted":	false,
				"sender":	true
			}
		}, {
			"streams":	[{
					"socket":	5,
					"start":	6.300125,
					"end":	6.40013,
					"seconds":	0.10000500082969666,
					"bytes":	12320768,
					"bits_per_second":	985612151.214848,
					"retransmits":	0,
					"snd_cwnd":	343176,
					"snd_wnd":	703104,
					"rtt":	2364,
					"rttvar":	70,
					"pmtu":	1500,
					"omitted":	false,
					"sender":	true
				}],
			"sum":	{
				"start":	6.300125,
				"end":	6.40013,
				"seconds":	0.10000500082969666,
				"bytes":	12320768,
				"bits_per_second":	985612151.214848,
				"retransmits":	0,
				"omitted":	false,
				"sender":	true
			}
		}, {
			"streams":	[{
					"socket":	5,
					"start":	6.40013,
					"end":	6.500158,
					"seconds":	0.10002800077199936,
					"bytes":	11534336,
					"bits_per_second":	922488576.07709253,
					"retransmits":	0,
					"snd_cwnd":	343176,
					"snd_wnd":	703104,
					"rtt":	2359,
					"rttvar":	69,
					"pmtu":	1500,
					"omitted":	false,
					"sender":	true
				}],
			"sum":	{
				"start":	6.40013,
				"end":	6.500158,
				"seconds":	0.10002800077199936,
				"bytes":	11534336,
				"bits_per_second":	922488576.07709253,
				"retransmits":	0,
				"omitted":	false,
				"sender":	true
			}
		}, {
			"streams":	[{
					"socket":	5,
					"start":	6.500158,
					"end":	6.600093,
					"seconds":	0.099935002624988556,
					"bytes":	11403264,
					"bits_per_second":	912854451.43110538,
					"retransmits":	0,
					"snd_cwnd":	343176,
					"snd_wnd":	691200,
					"rtt":	2338,
					"rttvar":	78,
					"pmtu":	1500,
					"omitted":	false,
					"sender":	true
				}],
			"sum":	{
				"start":	6.500158,
				"end":	6.600093,
				"seconds":	0.099935002624988556,
				"bytes":	11403264,
				"bits_per_second":	912854451.43110538,
				"retransmits":	0,
				"omitted":	false,
				"sender":	true
			}
		}, {
			"streams":	[{
					"socket":	5,
					"start":	6.600093,
					"end":	6.700119,
					"seconds":	0.10002599656581879,
					"bytes":	12058624,
					"bits_per_second":	964439198.92886829,
					"retransmits":	0,
					"snd_cwnd":	343176,
					"snd_wnd":	703104,
					"rtt":	2337,
					"rttvar":	70,
					"pmtu":	1500,
					"omitted":	false,
					"sender":	true
				}],
			"sum":	{
				"start":	6.600093,
				"end":	6.700119,
				"seconds":	0.10002599656581879,
				"bytes":	12058624,
				"bits_per_second":	964439198.92886829,
				"retransmits":	0,
				"omitted":	false,
				"sender":	true
			}
		}, {
			"streams":	[{
					"socket":	5,
					"start":	6.700119,
					"end":	6.800121,
					"seconds":	0.10000199824571609,
					"bytes":	11403264,
					"bits_per_second":	912242891.14550734,
					"retransmits":	0,
					"snd_cwnd":	343176,
					"snd_wnd":	703104,
					"rtt":	2374,
					"rttvar":	65,
					"pmtu":	1500,
					"omitted":	false,
					"sender":	true
				}],
			"sum":	{
				"start":	6.700119,
				"end":	6.800121,
				"seconds":	0.10000199824571609,
				"bytes":	11403264,
				"bits_per_second":	912242891.14550734,
				"retransmits":	0,
				"omitted":	false,
				"sender":	true
			}
		}, {
			"streams":	[{
					"socket":	5,
					"start":	6.800121,
					"end":	6.90013,
					"seconds":	0.1000090017914772,
					"bytes":	12320768,
					"bits_per_second":	985572720.79881752,
					"retransmits":	0,
					"snd_cwnd":	343176,
					"snd_wnd":	703104,
					"rtt":	2375,
					"rttvar":	75,
					"pmtu":	1500,
					"omitted":	false,
					"sender":	true
				}],
			"sum":	{
				"start":	6.800121,
				"end":	6.90013,
				"seconds":	0.1000090017914772,
				"bytes":	12320768,
				"bits_per_second":	985572720.79881752,
				"retransmits":	0,
				"omitted":	false,
				"sender":	true
			}
		}, {
			"streams":	[{
					"socket":	5,
					"start":	6.90013,
					"end":	7.000129,
					"seconds":	0.099999003112316132,
					"bytes":	11796480,
					"bits_per_second":	943727807.90628624,
					"retransmits":	0,
					"snd_cwnd":	343176,
					"snd_wnd":	698880,
					"rtt":	2322,
					"rttvar":	66,
					"pmtu":	1500,
					"omitted":	false,
					"sender":	true
				}],
			"sum":	{
				"start":	6.90013,
				"end":	7.000129,
				"seconds":	0.099999003112316132,
				"bytes":	11796480,
				"bits_per_second":	943727807.90628624,
				"retransmits":	0,
				"omitted":	false,
				"sender":	true
			}
		}, {
			"streams":	[{
					"socket":	5,
					"start":	7.000129,
					"end":	7.100119,
					"seconds":	0.099990002810955048,
					"bytes":	11403264,
					"bits_per_second":	912352329.587145,
					"retransmits":	0,
					"snd_cwnd":	343176,
					"snd_wnd":	694016,
					"rtt":	2356,
					"rttvar":	69,
					"pmtu":	1500,
					"omitted":	false,
					"sender":	true
				}],
			"sum":	{
				"start":	7.000129,
				"end":	7.100119,
				"seconds":	0.099990002810955048,
				"bytes":	11403264,
				"bits_per_second":	912352329.587145,
				"retransmits":	0,
				"omitted":	false,
				"sender":	true
			}
		}, {
			"streams":	[{
					"socket":	5,
					"start":	7.100119,
					"end":	7.200151,
					"seconds":	0.10003200173377991,
					"bytes":	12189696,
					"bits_per_second":	974863706.711861,
					"retransmits":	0,
					"snd_cwnd":	343176,
					"snd_wnd":	703104,
					"rtt":	2228,
					"rttvar":	52,
					"pmtu":	1500,
					"omitted":	false,
					"sender":	true
				}],
			"sum":	{
				"start":	7.100119,
				"end":	7.200151,
				"seconds":	0.10003200173377991,
				"bytes":	12189696,
				"bits_per_second":	974863706.711861,
				"retransmits":	0,
				"omitted":	false,
				"sender":	true
			}
		}, {
			"streams":	[{
					"socket":	5,
					"start":	7.200151,
					"end":	7.300124,
					"seconds":	0.099973000586032867,
					"bytes":	11403264,
					"bits_per_second":	912507491.6751585,
					"retransmits":	0,
					"snd_cwnd":	343176,
					"snd_wnd":	703104,
					"rtt":	2323,
					"rttvar":	79,
					"pmtu":	1500,
					"omitted":	false,
					"sender":	true
				}],
			"sum":	{
				"start":	7.200151,
				"end":	7.300124,
				"seconds":	0.099973000586032867,
				"bytes":	11403264,
				"bits_per_second":	912507491.6751585,
				"retransmits":	0,
				"omitted":	false,
				"sender":	true
			}
		}, {
			"streams":	[{
					"socket":	5,
					"start":	7.300124,
					"end":	7.400124,
					"seconds":	0.10000000149011612,
					"bytes":	12058624,
					"bits_per_second":	964689905.62500024,
					"retransmits":	0,
					"snd_cwnd":	343176,
					"snd_wnd":	703104,
					"rtt":	2358,
					"rttvar":	64,
					"pmtu":	1500,
					"omitted":	false,
					"sender":	true
				}],
			"sum":	{
				"start":	7.300124,
				"end":	7.400124,
				"seconds":	0.10000000149011612,
				"bytes":	12058624,
				"bits_per_second":	964689905.62500024,
				"retransmits":	0,
				"omitted":	false,
				"sender":	true
			}
		}, {
			"streams":	[{
					"socket":	5,
					"start":	7.400124,
					"end":	7.500132,
					"seconds":	0.10000800341367722,
					"bytes":	11534336,
					"bits_per_second":	922673034.660148,
					"retransmits":	0,
					"snd_cwnd":	343176,
					"snd_wnd":	703104,
					"rtt":	2315,
					"rttvar":	65,
					"pmtu":	1500,
					"omitted":	false,
					"sender":	true
				}],
			"sum":	{
				"start":	7.400124,
				"end":	7.500132,
				"seconds":	0.10000800341367722,
				"bytes":	11534336,
				"bits_per_second":	922673034.660148,
				"retransmits":	0,
				"omitted":	false,
				"sender":	true
			}
		}, {
			"streams":	[{
					"socket":	5,
					"start":	7.500132,
					"end":	7.600119,
					"seconds":	0.0999870002269745,
					"bytes":	12058624,
					"bits_per_second":	964815343.80481,
					"retransmits":	0,
					"snd_cwnd":	343176,
					"snd_wnd":	703104,
					"rtt":	2342,
					"rttvar":	71,
					"pmtu":	1500,
					"omitted":	false,
					"sender":	true
				}],
			"sum":	{
				"start":	7.500132,
				"end":	7.600119,
				"seconds":	0.0999870002269745,
				"bytes":	12058624,
				"bits_per_second":	964815343.80481,
				"retransmits":	0,
				"omitted":	false,
				"sender":	true
			}
		}, {
			"streams":	[{
					"socket":	5,
					"start":	7.600119,
					"end":	7.700121,
					"seconds":	0.10000199824571609,
					"bytes":	11272192,
					"bits_per_second":	901757340.67257047,
					"retransmits":	0,
					"snd_cwnd":	343176,
					"snd_wnd":	703104,
					"rtt":	2354,
					"rttvar":	69,
					"pmtu":	1500,
					"omitted":	false,
					"sender":	true
				}],
			"sum":	{
				"start":	7.600119,
				"end":	7.700121,
				"seconds":	0.10000199824571609,
				"bytes":	11272192,
				"bits_per_second":	901757340.67257047,
				"retransmits":	0,
				"omitted":	false,
				"sender":	true
			}
		}, {
			"streams":	[{
					"socket":	5,
					"start":	7.700121,
					"end":	7.800127,
					"seconds":	0.10000599920749664,
					"bytes":	12058624,
					"bits_per_second":	964632049.721758,
					"retransmits":	0,
					"snd_cwnd":	343176,
					"snd_wnd":	703104,
					"rtt":	2256,
					"rttvar":	63,
					"pmtu":	1500,
					"omitted":	false,
					"sender":	true
				}],
			"sum":	{
				"start":	7.700121,
				"end":	7.800127,
				"seconds":	0.10000599920749664,
				"bytes":	12058624,
				"bits_per_second":	964632049.721758,
				"retransmits":	0,
				"omitted":	false,
				"sender":	true
			}
		}, {
			"streams":	[{
					"socket":	5,
					"start":	7.800127,
					"end":	7.900132,
					"seconds":	0.10000500082969666,
					"bytes":	11665408,
					"bits_per_second":	933185972.95873928,
					"retransmits":	0,
					"snd_cwnd":	343176,
					"snd_wnd":	703104,
					"rtt":	2320,
					"rttvar":	65,
					"pmtu":	1500,
					"omitted":	false,
					"sender":	true
				}],
			"sum":	{
				"start":	7.800127,
				"end":	7.900132,
				"seconds":	0.10000500082969666,
				"bytes":	11665408,
				"bits_per_second":	933185972.95873928,
				"retransmits":	0,
				"omitted":	false,
				"sender":	true
			}
		}, {
			"streams":	[{
					"socket":	5,
					"start":	7.900132,
					"end":	8.00014,
					"seconds":	0.10000800341367722,
					"bytes":	11665408,
					"bits_per_second":	933157955.50855875,
					"retransmits":	0,
					"snd_cwnd":	343176,
					"snd_wnd":	703104,
					"rtt":	2369,
					"rttvar":	75,
					"pmtu":	1500,
					"omitted":	false,
					"sender":	true
				}],
			"sum":	{
				"start":	7.900132,
				"end":	8.00014,
				"seconds":	0.10000800341367722,
				"bytes":	11665408,
				"bits_per_second":	933157955.50855875,
				"retransmits":	0,
				"omitted":	false,
				"sender":	true
			}
		}, {
			"streams":	[{
					"socket":	5,
					"start":	8.00014,
					"end":	8.100123,
					"seconds":	0.099982999265193939,
					"bytes":	12058624,
					"bits_per_second":	964853952.26168978,
					"retransmits":	0,
					"snd_cwnd":	343176,
					"snd_wnd":	703104,
					"rtt":	2335,
					"rttvar":	70,
					"pmtu":	1500,
					"omitted":	false,
					"sender":	true
				}],
			"sum":	{
				"start":	8.00014,
				"end":	8.100123,
				"seconds":	0.099982999265193939,
				"bytes":	12058624,
				"bits_per_second":	964853952.26168978,
				"retransmits":	0,
				"omitted":	false,
				"sender":	true
			}
		}, {
			"streams":	[{
					"socket":	5,
					"start":	8.100123,
					"end":	8.200124,
					"seconds":	0.10000099986791611,
					"bytes":	11534336,
					"bits_per_second":	922737653.84224939,
					"retransmits":	0,
					"snd_cwnd":	343176,
					"snd_wnd":	703104,
					"rtt":	2349,
					"rttvar":	91,
					"pmtu":	1500,
					"omitted":	false,
					"sender":	true
				}],
			"sum":	{
				"start":	8.100123,
				"end":	8.200124,
				"seconds":	0.10000099986791611,
				"bytes":	11534336,
				"bits_per_second":	922737653.84224939,
				"retransmits":	0,
				"omitted":	false,
				"sender":	true
			}
		}, {
			"streams":	[{
					"socket":	5,
					"start":	8.200124,
					"end":	8.300119,
					"seconds":	0.0999950021505356,
					"bytes":	12058624,
					"bits_per_second":	964738136.159771,
					"retransmits":	0,
					"snd_cwnd":	343176,
					"snd_wnd":	703104,
					"rtt":	2357,
					"rttvar":	67,
					"pmtu":	1500,
					"omitted":	false,
					"sender":	true
				}],
			"sum":	{
				"start":	8.200124,
				"end":	8.300119,
				"seconds":	0.0999950021505356,
				"bytes":	12058624,
				"bits_per_second":	964738136.159771,
				"retransmits":	0,
				"omitted":	false,
				"sender":	true
			}
		}, {
			"streams":	[{
					"socket":	5,
					"start":	8.300119,
					"end":	8.400145,
					"seconds":	0.10002599656581879,
					"bytes":	11665408,
					"bits_per_second":	932990094.61597037,
					"retransmits":	0,
					"snd_cwnd":	343176,
					"snd_wnd":	699008,
					"rtt":	2315,
					"rttvar":	80,
					"pmtu":	1500,
					"omitted":	false,
					"sender":	true
				}],
			"sum":	{
				"start":	8.300119,
				"end":	8.400145,
				"seconds":	0.10002599656581879,
				"bytes":	11665408,
				"bits_per_second":	932990094.61597037,
				"retransmits":	0,
				"omitted":	false,
				"sender":	true
			}
		}, {
			"streams":	[{
					"socket":	5,
					"start":	8.400145,
					"end":	8.500123,
					"seconds":	0.0999779999256134,
					"bytes":	11665408,
					"bits_per_second":	933437997.05370462,
					"retransmits":	0,
					"snd_cwnd":	343176,
					"snd_wnd":	692736,
					"rtt":	2349,
					"rttvar":	67,
					"pmtu":	1500,
					"omitted":	false,
					"sender":	true
				}],
			"sum":	{
				"start":	8.400145,
				"end":	8.500123,
				"seconds":	0.0999779999256134,
				"bytes":	11665408,
				"bits_per_second":	933437997.05370462,
				"retransmits":	0,
				"omitted":	false,
				"sender":	true
			}
		}, {
			"streams":	[{
					"socket":	5,
					"start":	8.500123,
					"end":	8.600135,
					"seconds":	0.10001199692487717,
					"bytes":	12058624,
					"bits_per_second":	964574200.75775051,
					"retransmits":	0,
					"snd_cwnd":	343176,
					"snd_wnd":	703104,
					"rtt":	2349,
					"rttvar":	75,
					"pmtu":	1500,
					"omitted":	false,
					"sender":	true
				}],
			"sum":	{
				"start":	8.500123,
				"end":	8.600135,
				"seconds":	0.10001199692487717,
				"bytes":	12058624,
				"bits_per_second":	964574200.75775051,
				"retransmits":	0,
				"omitted":	false,
				"sender":	true
			}
		}, {
			"streams":	[{
					"socket":	5,
					"start":	8.600135,
					"end":	8.700124,
					"seconds":	0.099988996982574463,
					"bytes":	11403264,
					"bits_per_second":	912361507.29563165,
					"retransmits":	0,
					"snd_cwnd":	343176,
					"snd_wnd":	703104,
					"rtt":	2351,
					"rttvar":	56,
					"pmtu":	1500,
					"omitted":	false,
					"sender":	true
				}],
			"sum":	{
				"start":	8.600135,
				"end":	8.700124,
				"seconds":	0.099988996982574463,
				"bytes":	11403264,
				"bits_per_second":	912361507.29563165,
				"retransmits":	0,
				"omitted":	false,
				"sender":	true
			}
		}, {
			"streams":	[{
					"socket":	5,
					"start":	8.700124,
					"end":	8.800123,
					"seconds":	0.099999003112316132,
					"bytes":	12058624,
					"bits_per_second":	964699536.97087038,
					"retransmits":	0,
					"snd_cwnd":	343176,
					"snd_wnd":	703104,
					"rtt":	2343,
					"rttvar":	60,
					"pmtu":	1500,
					"omitted":	false,
					"sender":	true
				}],
			"sum":	{
				"start":	8.700124,
				"end":	8.800123,
				"seconds":	0.099999003112316132,
				"bytes":	12058624,
				"bits_per_second":	964699536.97087038,
				"retransmits":	0,
				"omitted":	false,
				"sender":	true
			}
		}, {
			"streams":	[{
					"socket":	5,
					"start":	8.800123,
					"end":	8.90006,
					"seconds":	0.099936999380588531,
					"bytes":	11534336,
					"bits_per_second":	923328582.72632074,
					"retransmits":	0,
					"snd_cwnd":	343176,
					"snd_wnd":	691200,
					"rtt":	2367,
					"rttvar":	74,
					"pmtu":	1500,
					"omitted":	false,
					"sender":	true
				}],
			"sum":	{
				"start":	8.800123,
				"end":	8.90006,
				"seconds":	0.099936999380588531,
				"bytes":	11534336,
				"bits_per_second":	923328582.72632074,
				"retransmits":	0,
				"omitted":	false,
				"sender":	true
			}
		}, {
			"streams":	[{
					"socket":	5,
					"start":	8.90006,
					"end":	9.000129,
					"seconds":	0.10006900131702423,
					"bytes":	11665408,
					"bits_per_second":	932589141.21014,
					"retransmits":	0,
					"snd_cwnd":	343176,
					"snd_wnd":	703104,
					"rtt":	2367,
					"rttvar":	63,
					"pmtu":	1500,
					"omitted":	false,
					"sender":	true
				}],
			"sum":	{
				"start":	8.90006,
				"end":	9.000129,
				"seconds":	0.10006900131702423,
				"bytes":	11665408,
				"bits_per_second":	932589141.21014,
				"retransmits":	0,
				"omitted":	false,
				"sender":	true
			}
		}, {
			"streams":	[{
					"socket":	5,
					"start":	9.000129,
					"end":	9.100118,
					"seconds":	0.099988996982574463,
					"bytes":	11665408,
					"bits_per_second":	933335335.04955423,
					"retransmits":	0,
					"snd_cwnd":	343176,
					"snd_wnd":	703104,
					"rtt":	2349,
					"rttvar":	68,
					"pmtu":	1500,
					"omitted":	false,
					"sender":	true
				}],
			"sum":	{
				"start":	9.000129,
				"end":	9.100118,
				"seconds":	0.099988996982574463,
				"bytes":	11665408,
				"bits_per_second":	933335335.04955423,
				"retransmits":	0,
				"omitted":	false,
				"sender":	true
			}
		}, {
			"streams":	[{
					"socket":	5,
					"start":	9.100118,
					"end":	9.200116,
					"seconds":	0.099997997283935547,
					"bytes":	12058624,
					"bits_per_second":	964709240.38693249,
					"retransmits":	0,
					"snd_cwnd":	343176,
					"snd_wnd":	703104,
					"rtt":	2360,
					"rttvar":	63,
					"pmtu":	1500,
					"omitted":	false,
					"sender":	true
				}],
			"sum":	{
				"start":	9.100118,
				"end":	9.200116,
				"seconds":	0.099997997283935547,
				"bytes":	12058624,
				"bits_per_second":	964709240.38693249,
				"retransmits":	0,
				"omitted":	false,
				"sender":	true
			}
		}, {
			"streams":	[{
					"socket":	5,
					"start":	9.200116,
					"end":	9.300112,
					"seconds":	0.099996000528335571,
					"bytes":	11403264,
					"bits_per_second":	912297607.08429062,
					"retransmits":	0,
					"snd_cwnd":	343176,
					"snd_wnd":	703104,
					"rtt":	2328,
					"rttvar":	59,
					"pmtu":	1500,
					"omitted":	false,
					"sender":	true
				}],
			"sum":	{
				"start":	9.200116,
				"end":	9.300112,
				"seconds":	0.099996000528335571,
				"bytes":	11403264,
				"bits_per_second":	912297607.08429062,
				"retransmits":	0,
				"omitted":	false,
				"sender":	true
			}
		}, {
			"streams":	[{
					"socket":	5,
					"start":	9.300112,
					"end":	9.400123,
					"seconds":	0.10001099854707718,
					"bytes":	12058624,
					"bits_per_second":	964583829.79338133,
					"retransmits":	0,
					"snd_cwnd":	343176,
					"snd_wnd":	703104,
					"rtt":	2346,
					"rttvar":	74,
					"pmtu":	1500,
					"omitted":	false,
					"sender":	true
				}],
			"sum":	{
				"start":	9.300112,
				"end":	9.400123,
				"seconds":	0.10001099854707718,
				"bytes":	12058624,
				"bits_per_second":	964583829.79338133,
				"retransmits":	0,
				"omitted":	false,
				"sender":	true
			}
		}, {
			"streams":	[{
					"socket":	5,
					"start":	9.400123,
					"end":	9.500121,
					"seconds":	0.099997997283935547,
					"bytes":	12058624,
					"bits_per_second":	964709240.38693249,
					"retransmits":	0,
					"snd_cwnd":	343176,
					"snd_wnd":	703104,
					"rtt":	2350,
					"rttvar":	61,
					"pmtu":	1500,
					"omitted":	false,
					"sender":	true
				}],
			"sum":	{
				"start":	9.400123,
				"end":	9.500121,
				"seconds":	0.099997997283935547,
				"bytes":	12058624,
				"bits_per_second":	964709240.38693249,
				"retransmits":	0,
				"omitted":	false,
				"sender":	true
			}
		}, {
			"streams":	[{
					"socket":	5,
					"start":	9.500121,
					"end":	9.600141,
					"seconds":	0.10001999884843826,
					"bytes":	11403264,
					"bits_per_second":	912078714.7601974,
					"retransmits":	0,
					"snd_cwnd":	343176,
					"snd_wnd":	703104,
					"rtt":	2408,
					"rttvar":	89,
					"pmtu":	1500,
					"omitted":	false,
					"sender":	true
				}],
			"sum":	{
				"start":	9.500121,
				"end":	9.600141,
				"seconds":	0.10001999884843826,
				"bytes":	11403264,
				"bits_per_second":	912078714.7601974,
				"retransmits":	0,
				"omitted":	false,
				"sender":	true
			}
		}, {
			"streams":	[{
					"socket":	5,
					"start":	9.600141,
					"end":	9.700112,
					"seconds":	0.0999709963798523,
					"bytes":	12189696,
					"bits_per_second":	975458598.306551,
					"retransmits":	0,
					"snd_cwnd":	343176,
					"snd_wnd":	703104,
					"rtt":	2353,
					"rttvar":	66,
					"pmtu":	1500,
					"omitted":	false,
					"sender":	true
				}],
			"sum":	{
				"start":	9.600141,
				"end":	9.700112,
				"seconds":	0.0999709963798523,
				"bytes":	12189696,
				"bits_per_second":	975458598.306551,
				"retransmits":	0,
				"omitted":	false,
				"sender":	true
			}
		}, {
			"streams":	[{
					"socket":	5,
					"start":	9.700112,
					"end":	9.800118,
					"seconds":	0.10000599920749664,
					"bytes":	11403264,
					"bits_per_second":	912206394.84557557,
					"retransmits":	0,
					"snd_cwnd":	343176,
					"snd_wnd":	703104,
					"rtt":	2331,
					"rttvar":	76,
					"pmtu":	1500,
					"omitted":	false,
					"sender":	true
				}],
			"sum":	{
				"start":	9.700112,
				"end":	9.800118,
				"seconds":	0.10000599920749664,
				"bytes":	11403264,
				"bits_per_second":	912206394.84557557,
				"retransmits":	0,
				"omitted":	false,
				"sender":	true
			}
		}, {
			"streams":	[{
					"socket":	5,
					"start":	9.800118,
					"end":	9.900125,
					"seconds":	0.10000699758529663,
					"bytes":	11665408,
					"bits_per_second":	933167340.819366,
					"retransmits":	0,
					"snd_cwnd":	343176,
					"snd_wnd":	692736,
					"rtt":	2372,
					"rttvar":	79,
					"pmtu":	1500,
					"omitted":	false,
					"sender":	true
				}],
			"sum":	{
				"start":	9.800118,
				"end":	9.900125,
				"seconds":	0.10000699758529663,
				"bytes":	11665408,
				"bits_per_second":	933167340.819366,
				"retransmits":	0,
				"omitted":	false,
				"sender":	true
			}
		}, {
			"streams":	[{
					"socket":	5,
					"start":	9.900125,
					"end":	10.000629,
					"seconds":	0.10050400346517563,
					"bytes":	12058624,
					"bits_per_second":	959852231.49271119,
					"retransmits":	0,
					"snd_cwnd":	343176,
					"snd_wnd":	703104,
					"rtt":	2372,
					"rttvar":	61,
					"pmtu":	1500,
					"omitted":	false,
					"sender":	true
				}],
			"sum":	{
				"start":	9.900125,
				"end":	10.000629,
				"seconds":	0.10050400346517563,
				"bytes":	12058624,
				"bits_per_second":	959852231.49271119,
				"retransmits":	0,
				"omitted":	false,
				"sender":	true
			}
		}],
	"end":	{
		"streams":	[{
				"sender":	{
					"socket":	5,
					"start":	0,
					"end":	10.000629,
					"seconds":	10.000629,
					"bytes":	1178206208,
					"bits_per_second":	942505682.79255235,
					"retransmits":	0,
					"max_snd_cwnd":	343176,
					"max_snd_wnd":	703104,
					"max_rtt":	2408,
					"min_rtt":	2188,
					"mean_rtt":	2313,
					"sender":	true
				},
				"receiver":	{
					"socket":	5,
					"start":	0,
					"end":	10.003063,
					"seconds":	10.000629,
					"bytes":	1176764416,
					"bits_per_second":	941123266.74339652,
					"sender":	true
				}
			}],
		"sum_sent":	{
			"start":	0,
			"end":	10.000629,
			"seconds":	10.000629,
			"bytes":	1178206208,
			"bits_per_second":	942505682.79255235,
			"retransmits":	0,
			"sender":	true
		},
		"sum_received":	{
			"start":	0,
			"end":	10.003063,
			"seconds":	10.003063,
			"bytes":	1176764416,
			"bits_per_second":	941123266.74339652,
			"sender":	true
		},
		"cpu_utilization_percent":	{
			"host_total":	2.9887390621070593,
			"host_user":	0.10146204255530879,
			"host_system":	2.8873169849057851,
			"remote_total":	6.5350006238043754,
			"remote_user":	0.72967117511948254,
			"remote_system":	5.8052794643599768
		},
		"sender_tcp_congestion":	"cubic",
		"receiver_tcp_congestion":	"cubic"
	}
}
