{
	"start":	{
		"connected":	[{
				"socket":	5,
				"local_host":	"10.8.8.1",
				"local_port":	53330,
				"remote_host":	"10.8.8.2",
				"remote_port":	5201
			}],
		"version":	"iperf 3.19.1",
		"system_info":	"Linux caladan 6.12.40 #1-NixOS SMP PREEMPT_DYNAMIC Thu Jul 24 06:56:38 UTC 2025 x86_64",
		"timestamp":	{
			"time":	"Fri, 15 Aug 2025 09:52:47 GMT",
			"timesecs":	1755251567
		},
		"connecting_to":	{
			"host":	"10.8.8.2",
			"port":	5201
		},
		"cookie":	"mh6lrkobzo2xg4guvu46rnmomnnzq4mg2zgn",
		"tcp_mss_default":	1448,
		"target_bitrate":	0,
		"fq_rate":	0,
		"sock_bufsize":	0,
		"sndbuf_actual":	16384,
		"rcvbuf_actual":	131072,
		"test_start":	{
			"protocol":	"TCP",
			"num_streams":	1,
			"blksize":	131072,
			"omit":	0,
			"duration":	10,
			"bytes":	0,
			"blocks":	0,
			"reverse":	0,
			"tos":	0,
			"target_bitrate":	0,
			"bidir":	0,
			"fqrate":	0,
			"interval":	0.1
		}
	},
	"intervals":	[{
			"streams":	[{
					"socket":	5,
					"start":	0,
					"end":	0.10012,
					"seconds":	0.10012000054121017,
					"bytes":	12976128,
					"bits_per_second":	1036846019.1654853,
					"retransmits":	0,
					"snd_cwnd":	325800,
					"snd_wnd":	728704,
					"rtt":	2355,
					"rttvar":	95,
					"pmtu":	1500,
					"omitted":	false,
					"sender":	true
				}],
			"sum":	{
				"start":	0,
				"end":	0.10012,
				"seconds":	0.10012000054121017,
				"bytes":	12976128,
				"bits_per_second":	1036846019.1654853,
				"retransmits":	0,
				"omitted":	false,
				"sender":	true
			}
		}, {
			"streams":	[{
					"socket":	5,
					"start":	0.10012,
					"end":	0.200099,
					"seconds":	0.0999789983034134,
					"bytes":	11534336,
					"bits_per_second":	922940713.20826232,
					"retransmits":	0,
					"snd_cwnd":	343176,
					"snd_wnd":	739072,
					"rtt":	2344,
					"rttvar":	53,
					"pmtu":	1500,
					"omitted":	false,
					"sender":	true
				}],
			"sum":	{
				"start":	0.10012,
				"end":	0.200099,
				"seconds":	0.0999789983034134,
				"bytes":	11534336,
				"bits_per_second":	922940713.20826232,
				"retransmits":	0,
				"omitted":	false,
				"sender":	true
			}
		}, {
			"streams":	[{
					"socket":	5,
					"start":	0.200099,
					"end":	0.300126,
					"seconds":	0.10002700239419937,
					"bytes":	11796480,
					"bits_per_second":	943463642.22819781,
					"retransmits":	0,
					"snd_cwnd":	343176,
					"snd_wnd":	739072,
					"rtt":	2363,
					"rttvar":	72,
					"pmtu":	1500,
					"omitted":	false,
					"sender":	true
				}],
			"sum":	{
				"start":	0.200099,
				"end":	0.300126,
				"seconds":	0.10002700239419937,
				"bytes":	11796480,
				"bits_per_second":	943463642.22819781,
				"retransmits":	0,
				"omitted":	false,
				"sender":	true
			}
		}, {
			"streams":	[{
					"socket":	5,
					"start":	0.300126,
					"end":	0.400111,
					"seconds":	0.0999850034713745,
					"bytes":	11665408,
					"bits_per_second":	933372613.49116468,
					"retransmits":	0,
					"snd_cwnd":	343176,
					"snd_wnd":	739072,
					"rtt":	2345,
					"rttvar":	65,
					"pmtu":	1500,
					"omitted":	false,
					"sender":	true
				}],
			"sum":	{
				"start":	0.300126,
				"end":	0.400111,
				"seconds":	0.0999850034713745,
				"bytes":	11665408,
				"bits_per_second":	933372613.49116468,
				"retransmits":	0,
				"omitted":	false,
				"sender":	true
			}
		}, {
			"streams":	[{
					"socket":	5,
					"start":	0.400111,
					"end":	0.500116,
					"seconds":	0.10000500082969666,
					"bytes":	12320768,
					"bits_per_second":	985612151.214848,
					"retransmits":	0,
					"snd_cwnd":	343176,
					"snd_wnd":	737664,
					"rtt":	2368,
					"rttvar":	83,
					"pmtu":	1500,
					"omitted":	false,
					"sender":	true
				}],
			"sum":	{
				"start":	0.400111,
				"end":	0.500116,
				"seconds":	0.10000500082969666,
				"bytes":	12320768,
				"bits_per_second":	985612151.214848,
				"retransmits":	0,
				"omitted":	false,
				"sender":	true
			}
		}, {
			"streams":	[{
					"socket":	5,
					"start":	0.500116,
					"end":	0.600118,
					"seconds":	0.10000199824571609,
					"bytes":	11403264,
					"bits_per_second":	912242891.14550734,
					"retransmits":	0,
					"snd_cwnd":	343176,
					"snd_wnd":	739072,
					"rtt":	2355,
					"rttvar":	59,
					"pmtu":	1500,
					"omitted":	false,
					"sender":	true
				}],
			"sum":	{
				"start":	0.500116,
				"end":	0.600118,
				"seconds":	0.10000199824571609,
				"bytes":	11403264,
				"bits_per_second":	912242891.14550734,
				"retransmits":	0,
				"omitted":	false,
				"sender":	true
			}
		}, {
			"streams":	[{
					"socket":	5,
					"start":	0.600118,
					"end":	0.700123,
					"seconds":	0.10000500082969666,
					"bytes":	12058624,
					"bits_per_second":	964641679.91240466,
					"retransmits":	0,
					"snd_cwnd":	343176,
					"snd_wnd":	739072,
					"rtt":	2348,
					"rttvar":	62,
					"pmtu":	1500,
					"omitted":	false,
					"sender":	true
				}],
			"sum":	{
				"start":	0.600118,
				"end":	0.700123,
				"seconds":	0.10000500082969666,
				"bytes":	12058624,
				"bits_per_second":	964641679.91240466,
				"retransmits":	0,
				"omitted":	false,
				"sender":	true
			}
		}, {
			"streams":	[{
					"socket":	5,
					"start":	0.700123,
					"end":	0.800129,
					"seconds":	0.10000599920749664,
					"bytes":	11403264,
					"bits_per_second":	912206394.84557557,
					"retransmits":	0,
					"snd_cwnd":	343176,
					"snd_wnd":	739072,
					"rtt":	2353,
					"rttvar":	68,
					"pmtu":	1500,
					"omitted":	false,
					"sender":	true
				}],
			"sum":	{
				"start":	0.700123,
				"end":	0.800129,
				"seconds":	0.10000599920749664,
				"bytes":	11403264,
				"bits_per_second":	912206394.84557557,
				"retransmits":	0,
				"omitted":	false,
				"sender":	true
			}
		}, {
			"streams":	[{
					"socket":	5,
					"start":	0.800129,
					"end":	0.900124,
					"seconds":	0.0999950021505356,
					"bytes":	11796480,
					"bits_per_second":	943765567.9823848,
					"retransmits":	0,
					"snd_cwnd":	367792,
					"snd_wnd":	739072,
					"rtt":	2340,
					"rttvar":	71,
					"pmtu":	1500,
					"omitted":	false,
					"sender":	true
				}],
			"sum":	{
				"start":	0.800129,
				"end":	0.900124,
				"seconds":	0.0999950021505356,
				"bytes":	11796480,
				"bits_per_second":	943765567.9823848,
				"retransmits":	0,
				"omitted":	false,
				"sender":	true
			}
		}, {
			"streams":	[{
					"socket":	5,
					"start":	0.900124,
					"end":	1.000119,
					"seconds":	0.0999950021505356,
					"bytes":	11665408,
					"bits_per_second":	933279283.89369154,
					"retransmits":	0,
					"snd_cwnd":	367792,
					"snd_wnd":	727296,
					"rtt":	2363,
					"rttvar":	67,
					"pmtu":	1500,
					"omitted":	false,
					"sender":	true
				}],
			"sum":	{
				"start":	0.900124,
				"end":	1.000119,
				"seconds":	0.0999950021505356,
				"bytes":	11665408,
				"bits_per_second":	933279283.89369154,
				"retransmits":	0,
				"omitted":	false,
				"sender":	true
			}
		}, {
			"streams":	[{
					"socket":	5,
					"start":	1.000119,
					"end":	1.100115,
					"seconds":	0.099996000528335571,
					"bytes":	11927552,
					"bits_per_second":	954242324.65138447,
					"retransmits":	0,
					"snd_cwnd":	367792,
					"snd_wnd":	739072,
					"rtt":	2377,
					"rttvar":	60,
					"pmtu":	1500,
					"omitted":	false,
					"sender":	true
				}],
			"sum":	{
				"start":	1.000119,
				"end":	1.100115,
				"seconds":	0.099996000528335571,
				"bytes":	11927552,
				"bits_per_second":	954242324.65138447,
				"retransmits":	0,
				"omitted":	false,
				"sender":	true
			}
		}, {
			"streams":	[{
					"socket":	5,
					"start":	1.100115,
					"end":	1.200116,
					"seconds":	0.10000099986791611,
					"bytes":	11927552,
					"bits_per_second":	954194619.31414425,
					"retransmits":	0,
					"snd_cwnd":	367792,
					"snd_wnd":	739072,
					"rtt":	2357,
					"rttvar":	85,
					"pmtu":	1500,
					"omitted":	false,
					"sender":	true
				}],
			"sum":	{
				"start":	1.100115,
				"end":	1.200116,
				"seconds":	0.10000099986791611,
				"bytes":	11927552,
				"bits_per_second":	954194619.31414425,
				"retransmits":	0,
				"omitted":	false,
				"sender":	true
			}
		}, {
			"streams":	[{
					"socket":	5,
					"start":	1.200116,
					"end":	1.300127,
					"seconds":	0.10001099854707718,
					"bytes":	11927552,
					"bits_per_second":	954099222.947801,
					"retransmits":	0,
					"snd_cwnd":	367792,
					"snd_wnd":	739072,
					"rtt":	2349,
					"rttvar":	63,
					"pmtu":	1500,
					"omitted":	false,
					"sender":	true
				}],
			"sum":	{
				"start":	1.200116,
				"end":	1.300127,
				"seconds":	0.10001099854707718,
				"bytes":	11927552,
				"bits_per_second":	954099222.947801,
				"retransmits":	0,
				"omitted":	false,
				"sender":	true
			}
		}, {
			"streams":	[{
					"socket":	5,
					"start":	1.300127,
					"end":	1.400118,
					"seconds":	0.099991001188755035,
					"bytes":	11665408,
					"bits_per_second":	933316627.40161777,
					"retransmits":	0,
					"snd_cwnd":	367792,
					"snd_wnd":	734976,
					"rtt":	2315,
					"rttvar":	54,
					"pmtu":	1500,
					"omitted":	false,
					"sender":	true
				}],
			"sum":	{
				"start":	1.300127,
				"end":	1.400118,
				"seconds":	0.099991001188755035,
				"bytes":	11665408,
				"bits_per_second":	933316627.40161777,
				"retransmits":	0,
				"omitted":	false,
				"sender":	true
			}
		}, {
			"streams":	[{
					"socket":	5,
					"start":	1.400118,
					"end":	1.500126,
					"seconds":	0.10000800341367722,
					"bytes":	11796480,
					"bits_per_second":	943642876.35696959,
					"retransmits":	0,
					"snd_cwnd":	367792,
					"snd_wnd":	724736,
					"rtt":	2357,
					"rttvar":	64,
					"pmtu":	1500,
					"omitted":	false,
					"sender":	true
				}],
			"sum":	{
				"start":	1.400118,
				"end":	1.500126,
				"seconds":	0.10000800341367722,
				"bytes":	11796480,
				"bits_per_second":	943642876.35696959,
				"retransmits":	0,
				"omitted":	false,
				"sender":	true
			}
		}, {
			"streams":	[{
					"socket":	5,
					"start":	1.500126,
					"end":	1.600127,
					"seconds":	0.10000099986791611,
					"bytes":	11796480,
					"bits_per_second":	943708964.156846,
					"retransmits":	0,
					"snd_cwnd":	367792,
					"snd_wnd":	739072,
					"rtt":	2344,
					"rttvar":	75,
					"pmtu":	1500,
					"omitted":	false,
					"sender":	true
				}],
			"sum":	{
				"start":	1.500126,
				"end":	1.600127,
				"seconds":	0.10000099986791611,
				"bytes":	11796480,
				"bits_per_second":	943708964.156846,
				"retransmits":	0,
				"omitted":	false,
				"sender":	true
			}
		}, {
			"streams":	[{
					"socket":	5,
					"start":	1.600127,
					"end":	1.700101,
					"seconds":	0.099973998963832855,
					"bytes":	11665408,
					"bits_per_second":	933475353.26421356,
					"retransmits":	0,
					"snd_cwnd":	367792,
					"snd_wnd":	739072,
					"rtt":	2361,
					"rttvar":	61,
					"pmtu":	1500,
					"omitted":	false,
					"sender":	true
				}],
			"sum":	{
				"start":	1.600127,
				"end":	1.700101,
				"seconds":	0.099973998963832855,
				"bytes":	11665408,
				"bits_per_second":	933475353.26421356,
				"retransmits":	0,
				"omitted":	false,
				"sender":	true
			}
		}, {
			"streams":	[{
					"socket":	5,
					"start":	1.700101,
					"end":	1.800118,
					"seconds":	0.1000170037150383,
					"bytes":	11665408,
					"bits_per_second":	933073982.758875,
					"retransmits":	0,
					"snd_cwnd":	367792,
					"snd_wnd":	739072,
					"rtt":	2324,
					"rttvar":	67,
					"pmtu":	1500,
					"omitted":	false,
					"sender":	true
				}],
			"sum":	{
				"start":	1.700101,
				"end":	1.800118,
				"seconds":	0.1000170037150383,
				"bytes":	11665408,
				"bits_per_second":	933073982.758875,
				"retransmits":	0,
				"omitted":	false,
				"sender":	true
			}
		}, {
			"streams":	[{
					"socket":	5,
					"start":	1.800118,
					"end":	1.900083,
					"seconds":	0.099964998662471771,
					"bytes":	11796480,
					"bits_per_second":	944048829.71732068,
					"retransmits":	0,
					"snd_cwnd":	367792,
					"snd_wnd":	726016,
					"rtt":	2363,
					"rttvar":	72,
					"pmtu":	1500,
					"omitted":	false,
					"sender":	true
				}],
			"sum":	{
				"start":	1.800118,
				"end":	1.900083,
				"seconds":	0.099964998662471771,
				"bytes":	11796480,
				"bits_per_second":	944048829.71732068,
				"retransmits":	0,
				"omitted":	false,
				"sender":	true
			}
		}, {
			"streams":	[{
					"socket":	5,
					"start":	1.900083,
					"end":	2.000123,
					"seconds":	0.100040003657341,
					"bytes":	11927552,
					"bits_per_second":	953822596.07702434,
					"retransmits":	0,
					"snd_cwnd":	367792,
					"snd_wnd":	739072,
					"rtt":	2341,
					"rttvar":	70,
					"pmtu":	1500,
					"omitted":	false,
					"sender":	true
				}],
			"sum":	{
				"start":	1.900083,
				"end":	2.000123,
				"seconds":	0.100040003657341,
				"bytes":	11927552,
				"bits_per_second":	953822596.07702434,
				"retransmits":	0,
				"omitted":	false,
				"sender":	true
			}
		}, {
			"streams":	[{
					"socket":	5,
					"start":	2.000123,
					"end":	2.100105,
					"seconds":	0.099982000887393951,
					"bytes":	11665408,
					"bits_per_second":	933400643.832949,
					"retransmits":	0,
					"snd_cwnd":	367792,
					"snd_wnd":	739072,
					"rtt":	2355,
					"rttvar":	65,
					"pmtu":	1500,
					"omitted":	false,
					"sender":	true
				}],
			"sum":	{
				"start":	2.000123,
				"end":	2.100105,
				"seconds":	0.099982000887393951,
				"bytes":	11665408,
				"bits_per_second":	933400643.832949,
				"retransmits":	0,
				"omitted":	false,
				"sender":	true
			}
		}, {
			"streams":	[{
					"socket":	5,
					"start":	2.100105,
					"end":	2.200053,
					"seconds":	0.0999479964375496,
					"bytes":	11665408,
					"bits_per_second":	933718206.730748,
					"retransmits":	0,
					"snd_cwnd":	367792,
					"snd_wnd":	739072,
					"rtt":	2353,
					"rttvar":	63,
					"pmtu":	1500,
					"omitted":	false,
					"sender":	true
				}],
			"sum":	{
				"start":	2.100105,
				"end":	2.200053,
				"seconds":	0.0999479964375496,
				"bytes":	11665408,
				"bits_per_second":	933718206.730748,
				"retransmits":	0,
				"omitted":	false,
				"sender":	true
			}
		}, {
			"streams":	[{
					"socket":	5,
					"start":	2.200053,
					"end":	2.300127,
					"seconds":	0.10007400065660477,
					"bytes":	11796480,
					"bits_per_second":	943020558.594722,
					"retransmits":	0,
					"snd_cwnd":	367792,
					"snd_wnd":	739072,
					"rtt":	2354,
					"rttvar":	69,
					"pmtu":	1500,
					"omitted":	false,
					"sender":	true
				}],
			"sum":	{
				"start":	2.200053,
				"end":	2.300127,
				"seconds":	0.10007400065660477,
				"bytes":	11796480,
				"bits_per_second":	943020558.594722,
				"retransmits":	0,
				"omitted":	false,
				"sender":	true
			}
		}, {
			"streams":	[{
					"socket":	5,
					"start":	2.300127,
					"end":	2.400117,
					"seconds":	0.099990002810955048,
					"bytes":	11534336,
					"bits_per_second":	922839137.973204,
					"retransmits":	0,
					"snd_cwnd":	367792,
					"snd_wnd":	739072,
					"rtt":	2353,
					"rttvar":	73,
					"pmtu":	1500,
					"omitted":	false,
					"sender":	true
				}],
			"sum":	{
				"start":	2.300127,
				"end":	2.400117,
				"seconds":	0.099990002810955048,
				"bytes":	11534336,
				"bits_per_second":	922839137.973204,
				"retransmits":	0,
				"omitted":	false,
				"sender":	true
			}
		}, {
			"streams":	[{
					"socket":	5,
					"start":	2.400117,
					"end":	2.500116,
					"seconds":	0.099999003112316132,
					"bytes":	12451840,
					"bits_per_second":	996157130.56774664,
					"retransmits":	0,
					"snd_cwnd":	367792,
					"snd_wnd":	739072,
					"rtt":	2351,
					"rttvar":	66,
					"pmtu":	1500,
					"omitted":	false,
					"sender":	true
				}],
			"sum":	{
				"start":	2.400117,
				"end":	2.500116,
				"seconds":	0.099999003112316132,
				"bytes":	12451840,
				"bits_per_second":	996157130.56774664,
				"retransmits":	0,
				"omitted":	false,
				"sender":	true
			}
		}, {
			"streams":	[{
					"socket":	5,
					"start":	2.500116,
					"end":	2.600079,
					"seconds":	0.0999630019068718,
					"bytes":	11141120,
					"bits_per_second":	891619482.206376,
					"retransmits":	0,
					"snd_cwnd":	367792,
					"snd_wnd":	739072,
					"rtt":	2377,
					"rttvar":	99,
					"pmtu":	1500,
					"omitted":	false,
					"sender":	true
				}],
			"sum":	{
				"start":	2.500116,
				"end":	2.600079,
				"seconds":	0.0999630019068718,
				"bytes":	11141120,
				"bits_per_second":	891619482.206376,
				"retransmits":	0,
				"omitted":	false,
				"sender":	true
			}
		}, {
			"streams":	[{
					"socket":	5,
					"start":	2.600079,
					"end":	2.700114,
					"seconds":	0.10003499686717987,
					"bytes":	11927552,
					"bits_per_second":	953870335.265699,
					"retransmits":	0,
					"snd_cwnd":	367792,
					"snd_wnd":	739072,
					"rtt":	2349,
					"rttvar":	63,
					"pmtu":	1500,
					"omitted":	false,
					"sender":	true
				}],
			"sum":	{
				"start":	2.600079,
				"end":	2.700114,
				"seconds":	0.10003499686717987,
				"bytes":	11927552,
				"bits_per_second":	953870335.265699,
				"retransmits":	0,
				"omitted":	false,
				"sender":	true
			}
		}, {
			"streams":	[{
					"socket":	5,
					"start":	2.700114,
					"end":	2.80012,
					"seconds":	0.10000599920749664,
					"bytes":	11796480,
					"bits_per_second":	943661787.771285,
					"retransmits":	0,
					"snd_cwnd":	367792,
					"snd_wnd":	735104,
					"rtt":	2319,
					"rttvar":	63,
					"pmtu":	1500,
					"omitted":	false,
					"sender":	true
				}],
			"sum":	{
				"start":	2.700114,
				"end":	2.80012,
				"seconds":	0.10000599920749664,
				"bytes":	11796480,
				"bits_per_second":	943661787.771285,
				"retransmits":	0,
				"omitted":	false,
				"sender":	true
			}
		}, {
			"streams":	[{
					"socket":	5,
					"start":	2.80012,
					"end":	2.900123,
					"seconds":	0.10000299662351608,
					"bytes":	11927552,
					"bits_per_second":	954175566.950576,
					"retransmits":	0,
					"snd_cwnd":	367792,
					"snd_wnd":	724736,
					"rtt":	2364,
					"rttvar":	67,
					"pmtu":	1500,
					"omitted":	false,
					"sender":	true
				}],
			"sum":	{
				"start":	2.80012,
				"end":	2.900123,
				"seconds":	0.10000299662351608,
				"bytes":	11927552,
				"bits_per_second":	954175566.950576,
				"retransmits":	0,
				"omitted":	false,
				"sender":	true
			}
		}, {
			"streams":	[{
					"socket":	5,
					"start":	2.900123,
					"end":	3.00012,
					"seconds":	0.099996998906135559,
					"bytes":	11796480,
					"bits_per_second":	943746722.72499156,
					"retransmits":	0,
					"snd_cwnd":	367792,
					"snd_wnd":	735232,
					"rtt":	2338,
					"rttvar":	76,
					"pmtu":	1500,
					"omitted":	false,
					"sender":	true
				}],
			"sum":	{
				"start":	2.900123,
				"end":	3.00012,
				"seconds":	0.099996998906135559,
				"bytes":	11796480,
				"bits_per_second":	943746722.72499156,
				"retransmits":	0,
				"omitted":	false,
				"sender":	true
			}
		}, {
			"streams":	[{
					"socket":	5,
					"start":	3.00012,
					"end":	3.100061,
					"seconds":	0.0999410003423691,
					"bytes":	11796480,
					"bits_per_second":	944275519.32349348,
					"retransmits":	0,
					"snd_cwnd":	367792,
					"snd_wnd":	739072,
					"rtt":	2366,
					"rttvar":	53,
					"pmtu":	1500,
					"omitted":	false,
					"sender":	true
				}],
			"sum":	{
				"start":	3.00012,
				"end":	3.100061,
				"seconds":	0.0999410003423691,
				"bytes":	11796480,
				"bits_per_second":	944275519.32349348,
				"retransmits":	0,
				"omitted":	false,
				"sender":	true
			}
		}, {
			"streams":	[{
					"socket":	5,
					"start":	3.100061,
					"end":	3.200094,
					"seconds":	0.1000330001115799,
					"bytes":	11796480,
					"bits_per_second":	943407074.612725,
					"retransmits":	0,
					"snd_cwnd":	367792,
					"snd_wnd":	739072,
					"rtt":	2344,
					"rttvar":	65,
					"pmtu":	1500,
					"omitted":	false,
					"sender":	true
				}],
			"sum":	{
				"start":	3.100061,
				"end":	3.200094,
				"seconds":	0.1000330001115799,
				"bytes":	11796480,
				"bits_per_second":	943407074.612725,
				"retransmits":	0,
				"omitted":	false,
				"sender":	true
			}
		}, {
			"streams":	[{
					"socket":	5,
					"start":	3.200094,
					"end":	3.300094,
					"seconds":	0.10000000149011612,
					"bytes":	11927552,
					"bits_per_second":	954204145.78125024,
					"retransmits":	0,
					"snd_cwnd":	367792,
					"snd_wnd":	726016,
					"rtt":	2380,
					"rttvar":	76,
					"pmtu":	1500,
					"omitted":	false,
					"sender":	true
				}],
			"sum":	{
				"start":	3.200094,
				"end":	3.300094,
				"seconds":	0.10000000149011612,
				"bytes":	11927552,
				"bits_per_second":	954204145.78125024,
				"retransmits":	0,
				"omitted":	false,
				"sender":	true
			}
		}, {
			"streams":	[{
					"socket":	5,
					"start":	3.300094,
					"end":	3.400125,
					"seconds":	0.10003100335597992,
					"bytes":	11403264,
					"bits_per_second":	911978376.09759855,
					"retransmits":	0,
					"snd_cwnd":	367792,
					"snd_wnd":	739072,
					"rtt":	2371,
					"rttvar":	86,
					"pmtu":	1500,
					"omitted":	false,
					"sender":	true
				}],
			"sum":	{
				"start":	3.300094,
				"end":	3.400125,
				"seconds":	0.10003100335597992,
				"bytes":	11403264,
				"bits_per_second":	911978376.09759855,
				"retransmits":	0,
				"omitted":	false,
				"sender":	true
			}
		}, {
			"streams":	[{
					"socket":	5,
					"start":	3.400125,
					"end":	3.500148,
					"seconds":	0.10002300143241882,
					"bytes":	11141120,
					"bits_per_second":	891084637.769249,
					"retransmits":	0,
					"snd_cwnd":	367792,
					"snd_wnd":	739072,
					"rtt":	2352,
					"rttvar":	73,
					"pmtu":	1500,
					"omitted":	false,
					"sender":	true
				}],
			"sum":	{
				"start":	3.400125,
				"end":	3.500148,
				"seconds":	0.10002300143241882,
				"bytes":	11141120,
				"bits_per_second":	891084637.769249,
				"retransmits":	0,
				"omitted":	false,
				"sender":	true
			}
		}, {
			"streams":	[{
					"socket":	5,
					"start":	3.500148,
					"end":	3.600102,
					"seconds":	0.0999540016055107,
					"bytes":	11665408,
					"bits_per_second":	933662109.580362,
					"retransmits":	0,
					"snd_cwnd":	367792,
					"snd_wnd":	739072,
					"rtt":	2341,
					"rttvar":	67,
					"pmtu":	1500,
					"omitted":	false,
					"sender":	true
				}],
			"sum":	{
				"start":	3.500148,
				"end":	3.600102,
				"seconds":	0.0999540016055107,
				"bytes":	11665408,
				"bits_per_second":	933662109.580362,
				"retransmits":	0,
				"omitted":	false,
				"sender":	true
			}
		}, {
			"streams":	[{
					"socket":	5,
					"start":	3.600102,
					"end":	3.700084,
					"seconds":	0.099982000887393951,
					"bytes":	11796480,
					"bits_per_second":	943888291.51646531,
					"retransmits":	0,
					"snd_cwnd":	367792,
					"snd_wnd":	739072,
					"rtt":	2341,
					"rttvar":	56,
					"pmtu":	1500,
					"omitted":	false,
					"sender":	true
				}],
			"sum":	{
				"start":	3.600102,
				"end":	3.700084,
				"seconds":	0.099982000887393951,
				"bytes":	11796480,
				"bits_per_second":	943888291.51646531,
				"retransmits":	0,
				"omitted":	false,
				"sender":	true
			}
		}, {
			"streams":	[{
					"socket":	5,
					"start":	3.700084,
					"end":	3.800132,
					"seconds":	0.1000479981303215,
					"bytes":	12320768,
					"bits_per_second":	985188567.90726328,
					"retransmits":	0,
					"snd_cwnd":	367792,
					"snd_wnd":	739072,
					"rtt":	2356,
					"rttvar":	73,
					"pmtu":	1500,
					"omitted":	false,
					"sender":	true
				}],
			"sum":	{
				"start":	3.700084,
				"end":	3.800132,
				"seconds":	0.1000479981303215,
				"bytes":	12320768,
				"bits_per_second":	985188567.90726328,
				"retransmits":	0,
				"omitted":	false,
				"sender":	true
			}
		}, {
			"streams":	[{
					"socket":	5,
					"start":	3.800132,
					"end":	3.900117,
					"seconds":	0.0999850034713745,
					"bytes":	11796480,
					"bits_per_second":	943859946.2270205,
					"retransmits":	0,
					"snd_cwnd":	367792,
					"snd_wnd":	739072,
					"rtt":	2356,
					"rttvar":	65,
					"pmtu":	1500,
					"omitted":	false,
					"sender":	true
				}],
			"sum":	{
				"start":	3.800132,
				"end":	3.900117,
				"seconds":	0.0999850034713745,
				"bytes":	11796480,
				"bits_per_second":	943859946.2270205,
				"retransmits":	0,
				"omitted":	false,
				"sender":	true
			}
		}, {
			"streams":	[{
					"socket":	5,
					"start":	3.900117,
					"end":	4.000114,
					"seconds":	0.099996998906135559,
					"bytes":	11665408,
					"bits_per_second":	933260648.0280472,
					"retransmits":	0,
					"snd_cwnd":	367792,
					"snd_wnd":	739072,
					"rtt":	2359,
					"rttvar":	89,
					"pmtu":	1500,
					"omitted":	false,
					"sender":	true
				}],
			"sum":	{
				"start":	3.900117,
				"end":	4.000114,
				"seconds":	0.099996998906135559,
				"bytes":	11665408,
				"bits_per_second":	933260648.0280472,
				"retransmits":	0,
				"omitted":	false,
				"sender":	true
			}
		}, {
			"streams":	[{
					"socket":	5,
					"start":	4.000114,
					"end":	4.100122,
					"seconds":	0.10000800341367722,
					"bytes":	11665408,
					"bits_per_second":	933157955.50855875,
					"retransmits":	0,
					"snd_cwnd":	367792,
					"snd_wnd":	739072,
					"rtt":	2345,
					"rttvar":	66,
					"pmtu":	1500,
					"omitted":	false,
					"sender":	true
				}],
			"sum":	{
				"start":	4.000114,
				"end":	4.100122,
				"seconds":	0.10000800341367722,
				"bytes":	11665408,
				"bits_per_second":	933157955.50855875,
				"retransmits":	0,
				"omitted":	false,
				"sender":	true
			}
		}, {
			"streams":	[{
					"socket":	5,
					"start":	4.100122,
					"end":	4.200104,
					"seconds":	0.099982000887393951,
					"bytes":	11665408,
					"bits_per_second":	933400643.832949,
					"retransmits":	0,
					"snd_cwnd":	367792,
					"snd_wnd":	735104,
					"rtt":	2321,
					"rttvar":	64,
					"pmtu":	1500,
					"omitted":	false,
					"sender":	true
				}],
			"sum":	{
				"start":	4.100122,
				"end":	4.200104,
				"seconds":	0.099982000887393951,
				"bytes":	11665408,
				"bits_per_second":	933400643.832949,
				"retransmits":	0,
				"omitted":	false,
				"sender":	true
			}
		}, {
			"streams":	[{
					"socket":	5,
					"start":	4.200104,
					"end":	4.300121,
					"seconds":	0.1000170037150383,
					"bytes":	11665408,
					"bits_per_second":	933073982.758875,
					"retransmits":	0,
					"snd_cwnd":	367792,
					"snd_wnd":	739072,
					"rtt":	2340,
					"rttvar":	70,
					"pmtu":	1500,
					"omitted":	false,
					"sender":	true
				}],
			"sum":	{
				"start":	4.200104,
				"end":	4.300121,
				"seconds":	0.1000170037150383,
				"bytes":	11665408,
				"bits_per_second":	933073982.758875,
				"retransmits":	0,
				"omitted":	false,
				"sender":	true
			}
		}, {
			"streams":	[{
					"socket":	5,
					"start":	4.300121,
					"end":	4.400133,
					"seconds":	0.10001199692487717,
					"bytes":	11665408,
					"bits_per_second":	933120694.211302,
					"retransmits":	0,
					"snd_cwnd":	367792,
					"snd_wnd":	733952,
					"rtt":	2339,
					"rttvar":	75,
					"pmtu":	1500,
					"omitted":	false,
					"sender":	true
				}],
			"sum":	{
				"start":	4.300121,
				"end":	4.400133,
				"seconds":	0.10001199692487717,
				"bytes":	11665408,
				"bits_per_second":	933120694.211302,
				"retransmits":	0,
				"omitted":	false,
				"sender":	true
			}
		}, {
			"streams":	[{
					"socket":	5,
					"start":	4.400133,
					"end":	4.50012,
					"seconds":	0.0999870002269745,
					"bytes":	11665408,
					"bits_per_second":	933353973.89813137,
					"retransmits":	0,
					"snd_cwnd":	367792,
					"snd_wnd":	739072,
					"rtt":	2399,
					"rttvar":	92,
					"pmtu":	1500,
					"omitted":	false,
					"sender":	true
				}],
			"sum":	{
				"start":	4.400133,
				"end":	4.50012,
				"seconds":	0.0999870002269745,
				"bytes":	11665408,
				"bits_per_second":	933353973.89813137,
				"retransmits":	0,
				"omitted":	false,
				"sender":	true
			}
		}, {
			"streams":	[{
					"socket":	5,
					"start":	4.50012,
					"end":	4.600097,
					"seconds":	0.0999770015478134,
					"bytes":	12451840,
					"bits_per_second":	996376351.138715,
					"retransmits":	0,
					"snd_cwnd":	367792,
					"snd_wnd":	739072,
					"rtt":	2337,
					"rttvar":	62,
					"pmtu":	1500,
					"omitted":	false,
					"sender":	true
				}],
			"sum":	{
				"start":	4.50012,
				"end":	4.600097,
				"seconds":	0.0999770015478134,
				"bytes":	12451840,
				"bits_per_second":	996376351.138715,
				"retransmits":	0,
				"omitted":	false,
				"sender":	true
			}
		}, {
			"streams":	[{
					"socket":	5,
					"start":	4.600097,
					"end":	4.700122,
					"seconds":	0.1000249981880188,
					"bytes":	11796480,
					"bits_per_second":	943482546.45911157,
					"retransmits":	0,
					"snd_cwnd":	367792,
					"snd_wnd":	725888,
					"rtt":	2367,
					"rttvar":	56,
					"pmtu":	1500,
					"omitted":	false,
					"sender":	true
				}],
			"sum":	{
				"start":	4.600097,
				"end":	4.700122,
				"seconds":	0.1000249981880188,
				"bytes":	11796480,
				"bits_per_second":	943482546.45911157,
				"retransmits":	0,
				"omitted":	false,
				"sender":	true
			}
		}, {
			"streams":	[{
					"socket":	5,
					"start":	4.700122,
					"end":	4.80012,
					"seconds":	0.099997997283935547,
					"bytes":	11010048,
					"bits_per_second":	880821480.353286,
					"retransmits":	0,
					"snd_cwnd":	367792,
					"snd_wnd":	732672,
					"rtt":	2354,
					"rttvar":	68,
					"pmtu":	1500,
					"omitted":	false,
					"sender":	true
				}],
			"sum":	{
				"start":	4.700122,
				"end":	4.80012,
				"seconds":	0.099997997283935547,
				"bytes":	11010048,
				"bits_per_second":	880821480.353286,
				"retransmits":	0,
				"omitted":	false,
				"sender":	true
			}
		}, {
			"streams":	[{
					"socket":	5,
					"start":	4.80012,
					"end":	4.900112,
					"seconds":	0.099991999566555023,
					"bytes":	12451840,
					"bits_per_second":	996226902.470293,
					"retransmits":	0,
					"snd_cwnd":	367792,
					"snd_wnd":	739072,
					"rtt":	2365,
					"rttvar":	62,
					"pmtu":	1500,
					"omitted":	false,
					"sender":	true
				}],
			"sum":	{
				"start":	4.80012,
				"end":	4.900112,
				"seconds":	0.099991999566555023,
				"bytes":	12451840,
				"bits_per_second":	996226902.470293,
				"retransmits":	0,
				"omitted":	false,
				"sender":	true
			}
		}, {
			"streams":	[{
					"socket":	5,
					"start":	4.900112,
					"end":	5.000134,
					"seconds":	0.10002200305461884,
					"bytes":	11665408,
					"bits_per_second":	933027345.48356462,
					"retransmits":	0,
					"snd_cwnd":	367792,
					"snd_wnd":	739072,
					"rtt":	2366,
					"rttvar":	69,
					"pmtu":	1500,
					"omitted":	false,
					"sender":	true
				}],
			"sum":	{
				"start":	4.900112,
				"end":	5.000134,
				"seconds":	0.10002200305461884,
				"bytes":	11665408,
				"bits_per_second":	933027345.48356462,
				"retransmits":	0,
				"omitted":	false,
				"sender":	true
			}
		}, {
			"streams":	[{
					"socket":	5,
					"start":	5.000134,
					"end":	5.100119,
					"seconds":	0.0999850034713745,
					"bytes":	11665408,
					"bits_per_second":	933372613.49116468,
					"retransmits":	0,
					"snd_cwnd":	367792,
					"snd_wnd":	739072,
					"rtt":	2322,
					"rttvar":	78,
					"pmtu":	1500,
					"omitted":	false,
					"sender":	true
				}],
			"sum":	{
				"start":	5.000134,
				"end":	5.100119,
				"seconds":	0.0999850034713745,
				"bytes":	11665408,
				"bits_per_second":	933372613.49116468,
				"retransmits":	0,
				"omitted":	false,
				"sender":	true
			}
		}, {
			"streams":	[{
					"socket":	5,
					"start":	5.100119,
					"end":	5.200104,
					"seconds":	0.0999850034713745,
					"bytes":	11927552,
					"bits_per_second":	954347278.9628762,
					"retransmits":	0,
					"snd_cwnd":	367792,
					"snd_wnd":	739072,
					"rtt":	2357,
					"rttvar":	71,
					"pmtu":	1500,
					"omitted":	false,
					"sender":	true
				}],
			"sum":	{
				"start":	5.100119,
				"end":	5.200104,
				"seconds":	0.0999850034713745,
				"bytes":	11927552,
				"bits_per_second":	954347278.9628762,
				"retransmits":	0,
				"omitted":	false,
				"sender":	true
			}
		}, {
			"streams":	[{
					"socket":	5,
					"start":	5.200104,
					"end":	5.300114,
					"seconds":	0.10001000016927719,
					"bytes":	11272192,
					"bits_per_second":	901685189.9546572,
					"retransmits":	0,
					"snd_cwnd":	367792,
					"snd_wnd":	739072,
					"rtt":	2368,
					"rttvar":	84,
					"pmtu":	1500,
					"omitted":	false,
					"sender":	true
				}],
			"sum":	{
				"start":	5.200104,
				"end":	5.300114,
				"seconds":	0.10001000016927719,
				"bytes":	11272192,
				"bits_per_second":	901685189.9546572,
				"retransmits":	0,
				"omitted":	false,
				"sender":	true
			}
		}, {
			"streams":	[{
					"socket":	5,
					"start":	5.300114,
					"end":	5.400113,
					"seconds":	0.099999003112316132,
					"bytes":	11141120,
					"bits_per_second":	891298485.244826,
					"retransmits":	0,
					"snd_cwnd":	367792,
					"snd_wnd":	739072,
					"rtt":	2357,
					"rttvar":	53,
					"pmtu":	1500,
					"omitted":	false,
					"sender":	true
				}],
			"sum":	{
				"start":	5.300114,
				"end":	5.400113,
				"seconds":	0.099999003112316132,
				"bytes":	11141120,
				"bits_per_second":	891298485.244826,
				"retransmits":	0,
				"omitted":	false,
				"sender":	true
			}
		}, {
			"streams":	[{
					"socket":	5,
					"start":	5.400113,
					"end":	5.500125,
					"seconds":	0.10001199692487717,
					"bytes":	11796480,
					"bits_per_second":	943605196.39345169,
					"retransmits":	0,
					"snd_cwnd":	367792,
					"snd_wnd":	739072,
					"rtt":	2341,
					"rttvar":	70,
					"pmtu":	1500,
					"omitted":	false,
					"sender":	true
				}],
			"sum":	{
				"start":	5.400113,
				"end":	5.500125,
				"seconds":	0.10001199692487717,
				"bytes":	11796480,
				"bits_per_second":	943605196.39345169,
				"retransmits":	0,
				"omitted":	false,
				"sender":	true
			}
		}, {
			"streams":	[{
					"socket":	5,
					"start":	5.500125,
					"end":	5.600118,
					"seconds":	0.099992997944355,
					"bytes":	11665408,
					"bits_per_second":	933297990.04459643,
					"retransmits":	0,
					"snd_cwnd":	367792,
					"snd_wnd":	739072,
					"rtt":	2349,
					"rttvar":	69,
					"pmtu":	1500,
					"omitted":	false,
					"sender":	true
				}],
			"sum":	{
				"start":	5.500125,
				"end":	5.600118,
				"seconds":	0.099992997944355,
				"bytes":	11665408,
				"bits_per_second":	933297990.04459643,
				"retransmits":	0,
				"omitted":	false,
				"sender":	true
			}
		}, {
			"streams":	[{
					"socket":	5,
					"start":	5.600118,
					"end":	5.700127,
					"seconds":	0.1000090017914772,
					"bytes":	12320768,
					"bits_per_second":	985572720.79881752,
					"retransmits":	0,
					"snd_cwnd":	367792,
					"snd_wnd":	736512,
					"rtt":	2366,
					"rttvar":	82,
					"pmtu":	1500,
					"omitted":	false,
					"sender":	true
				}],
			"sum":	{
				"start":	5.600118,
				"end":	5.700127,
				"seconds":	0.1000090017914772,
				"bytes":	12320768,
				"bits_per_second":	985572720.79881752,
				"retransmits":	0,
				"omitted":	false,
				"sender":	true
			}
		}, {
			"streams":	[{
					"socket":	5,
					"start":	5.700127,
					"end":	5.800109,
					"seconds":	0.099982000887393951,
					"bytes":	11796480,
					"bits_per_second":	943888291.51646531,
					"retransmits":	0,
					"snd_cwnd":	367792,
					"snd_wnd":	739072,
					"rtt":	2346,
					"rttvar":	51,
					"pmtu":	1500,
					"omitted":	false,
					"sender":	true
				}],
			"sum":	{
				"start":	5.700127,
				"end":	5.800109,
				"seconds":	0.099982000887393951,
				"bytes":	11796480,
				"bits_per_second":	943888291.51646531,
				"retransmits":	0,
				"omitted":	false,
				"sender":	true
			}
		}, {
			"streams":	[{
					"socket":	5,
					"start":	5.800109,
					"end":	5.900144,
					"seconds":	0.10003499686717987,
					"bytes":	11665408,
					"bits_per_second":	932906152.07304621,
					"retransmits":	0,
					"snd_cwnd":	367792,
					"snd_wnd":	739072,
					"rtt":	2366,
					"rttvar":	75,
					"pmtu":	1500,
					"omitted":	false,
					"sender":	true
				}],
			"sum":	{
				"start":	5.800109,
				"end":	5.900144,
				"seconds":	0.10003499686717987,
				"bytes":	11665408,
				"bits_per_second":	932906152.07304621,
				"retransmits":	0,
				"omitted":	false,
				"sender":	true
			}
		}, {
			"streams":	[{
					"socket":	5,
					"start":	5.900144,
					"end":	6.000118,
					"seconds":	0.099973998963832855,
					"bytes":	11927552,
					"bits_per_second":	954452327.49487,
					"retransmits":	0,
					"snd_cwnd":	367792,
					"snd_wnd":	739072,
					"rtt":	2327,
					"rttvar":	72,
					"pmtu":	1500,
					"omitted":	false,
					"sender":	true
				}],
			"sum":	{
				"start":	5.900144,
				"end":	6.000118,
				"seconds":	0.099973998963832855,
				"bytes":	11927552,
				"bits_per_second":	954452327.49487,
				"retransmits":	0,
				"omitted":	false,
				"sender":	true
			}
		}, {
			"streams":	[{
					"socket":	5,
					"start":	6.000118,
					"end":	6.100133,
					"seconds":	0.10001499950885773,
					"bytes":	11665408,
					"bits_per_second":	933092680.68071043,
					"retransmits":	0,
					"snd_cwnd":	367792,
					"snd_wnd":	739072,
					"rtt":	2366,
					"rttvar":	88,
					"pmtu":	1500,
					"omitted":	false,
					"sender":	true
				}],
			"sum":	{
				"start":	6.000118,
				"end":	6.100133,
				"seconds":	0.10001499950885773,
				"bytes":	11665408,
				"bits_per_second":	933092680.68071043,
				"retransmits":	0,
				"omitted":	false,
				"sender":	true
			}
		}, {
			"streams":	[{
					"socket":	5,
					"start":	6.100133,
					"end":	6.200125,
					"seconds":	0.099991999566555023,
					"bytes":	11665408,
					"bits_per_second":	933307308.630064,
					"retransmits":	0,
					"snd_cwnd":	367792,
					"snd_wnd":	739072,
					"rtt":	2361,
					"rttvar":	52,
					"pmtu":	1500,
					"omitted":	false,
					"sender":	true
				}],
			"sum":	{
				"start":	6.100133,
				"end":	6.200125,
				"seconds":	0.099991999566555023,
				"bytes":	11665408,
				"bits_per_second":	933307308.630064,
				"retransmits":	0,
				"omitted":	false,
				"sender":	true
			}
		}, {
			"streams":	[{
					"socket":	5,
					"start":	6.200125,
					"end":	6.300122,
					"seconds":	0.099996998906135559,
					"bytes":	11665408,
					"bits_per_second":	933260648.0280472,
					"retransmits":	0,
					"snd_cwnd":	367792,
					"snd_wnd":	739072,
					"rtt":	2344,
					"rttvar":	60,
					"pmtu":	1500,
					"omitted":	false,
					"sender":	true
				}],
			"sum":	{
				"start":	6.200125,
				"end":	6.300122,
				"seconds":	0.099996998906135559,
				"bytes":	11665408,
				"bits_per_second":	933260648.0280472,
				"retransmits":	0,
				"omitted":	false,
				"sender":	true
			}
		}, {
			"streams":	[{
					"socket":	5,
					"start":	6.300122,
					"end":	6.40012,
					"seconds":	0.099997997283935547,
					"bytes":	11665408,
					"bits_per_second":	933251330.374315,
					"retransmits":	0,
					"snd_cwnd":	367792,
					"snd_wnd":	739072,
					"rtt":	2344,
					"rttvar":	72,
					"pmtu":	1500,
					"omitted":	false,
					"sender":	true
				}],
			"sum":	{
				"start":	6.300122,
				"end":	6.40012,
				"seconds":	0.099997997283935547,
				"bytes":	11665408,
				"bits_per_second":	933251330.374315,
				"retransmits":	0,
				"omitted":	false,
				"sender":	true
			}
		}, {
			"streams":	[{
					"socket":	5,
					"start":	6.40012,
					"end":	6.500125,
					"seconds":	0.10000500082969666,
					"bytes":	12058624,
					"bits_per_second":	964641679.91240466,
					"retransmits":	0,
					"snd_cwnd":	367792,
					"snd_wnd":	739072,
					"rtt":	2331,
					"rttvar":	66,
					"pmtu":	1500,
					"omitted":	false,
					"sender":	true
				}],
			"sum":	{
				"start":	6.40012,
				"end":	6.500125,
				"seconds":	0.10000500082969666,
				"bytes":	12058624,
				"bits_per_second":	964641679.91240466,
				"retransmits":	0,
				"omitted":	false,
				"sender":	true
			}
		}, {
			"streams":	[{
					"socket":	5,
					"start":	6.500125,
					"end":	6.600122,
					"seconds":	0.099996998906135559,
					"bytes":	11141120,
					"bits_per_second":	891316349.24026978,
					"retransmits":	0,
					"snd_cwnd":	367792,
					"snd_wnd":	739072,
					"rtt":	2342,
					"rttvar":	71,
					"pmtu":	1500,
					"omitted":	false,
					"sender":	true
				}],
			"sum":	{
				"start":	6.500125,
				"end":	6.600122,
				"seconds":	0.099996998906135559,
				"bytes":	11141120,
				"bits_per_second":	891316349.24026978,
				"retransmits":	0,
				"omitted":	false,
				"sender":	true
			}
		}, {
			"streams":	[{
					"socket":	5,
					"start":	6.600122,
					"end":	6.700105,
					"seconds":	0.099982999265193939,
					"bytes":	11796480,
					"bits_per_second":	943878866.34295738,
					"retransmits":	0,
					"snd_cwnd":	367792,
					"snd_wnd":	733952,
					"rtt":	2339,
					"rttvar":	76,
					"pmtu":	1500,
					"omitted":	false,
					"sender":	true
				}],
			"sum":	{
				"start":	6.600122,
				"end":	6.700105,
				"seconds":	0.099982999265193939,
				"bytes":	11796480,
				"bits_per_second":	943878866.34295738,
				"retransmits":	0,
				"omitted":	false,
				"sender":	true
			}
		}, {
			"streams":	[{
					"socket":	5,
					"start":	6.700105,
					"end":	6.800107,
					"seconds":	0.10000199824571609,
					"bytes":	11927552,
					"bits_per_second":	954185093.03725481,
					"retransmits":	0,
					"snd_cwnd":	367792,
					"snd_wnd":	739072,
					"rtt":	2395,
					"rttvar":	100,
					"pmtu":	1500,
					"omitted":	false,
					"sender":	true
				}],
			"sum":	{
				"start":	6.700105,
				"end":	6.800107,
				"seconds":	0.10000199824571609,
				"bytes":	11927552,
				"bits_per_second":	954185093.03725481,
				"retransmits":	0,
				"omitted":	false,
				"sender":	true
			}
		}, {
			"streams":	[{
					"socket":	5,
					"start":	6.800107,
					"end":	6.900093,
					"seconds":	0.0999860018491745,
					"bytes":	11927552,
					"bits_per_second":	954337749.637579,
					"retransmits":	0,
					"snd_cwnd":	367792,
					"snd_wnd":	739072,
					"rtt":	2336,
					"rttvar":	64,
					"pmtu":	1500,
					"omitted":	false,
					"sender":	true
				}],
			"sum":	{
				"start":	6.800107,
				"end":	6.900093,
				"seconds":	0.0999860018491745,
				"bytes":	11927552,
				"bits_per_second":	954337749.637579,
				"retransmits":	0,
				"omitted":	false,
				"sender":	true
			}
		}, {
			"streams":	[{
					"socket":	5,
					"start":	6.900093,
					"end":	7.000113,
					"seconds":	0.10001999884843826,
					"bytes":	11665408,
					"bits_per_second":	933046041.536294,
					"retransmits":	0,
					"snd_cwnd":	367792,
					"snd_wnd":	739072,
					"rtt":	2344,
					"rttvar":	65,
					"pmtu":	1500,
					"omitted":	false,
					"sender":	true
				}],
			"sum":	{
				"start":	6.900093,
				"end":	7.000113,
				"seconds":	0.10001999884843826,
				"bytes":	11665408,
				"bits_per_second":	933046041.536294,
				"retransmits":	0,
				"omitted":	false,
				"sender":	true
			}
		}, {
			"streams":	[{
					"socket":	5,
					"start":	7.000113,
					"end":	7.100173,
					"seconds":	0.10006000101566315,
					"bytes":	12058624,
					"bits_per_second":	964111443.34187031,
					"retransmits":	0,
					"snd_cwnd":	367792,
					"snd_wnd":	739072,
					"rtt":	2369,
					"rttvar":	58,
					"pmtu":	1500,
					"omitted":	false,
					"sender":	true
				}],
			"sum":	{
				"start":	7.000113,
				"end":	7.100173,
				"seconds":	0.10006000101566315,
				"bytes":	12058624,
				"bits_per_second":	964111443.34187031,
				"retransmits":	0,
				"omitted":	false,
				"sender":	true
			}
		}, {
			"streams":	[{
					"socket":	5,
					"start":	7.100173,
					"end":	7.200155,
					"seconds":	0.099982000887393951,
					"bytes":	11927552,
					"bits_per_second":	954375939.19998169,
					"retransmits":	0,
					"snd_cwnd":	367792,
					"snd_wnd":	739072,
					"rtt":	2370,
					"rttvar":	67,
					"pmtu":	1500,
					"omitted":	false,
					"sender":	true
				}],
			"sum":	{
				"start":	7.100173,
				"end":	7.200155,
				"seconds":	0.099982000887393951,
				"bytes":	11927552,
				"bits_per_second":	954375939.19998169,
				"retransmits":	0,
				"omitted":	false,
				"sender":	true
			}
		}, {
			"streams":	[{
					"socket":	5,
					"start":	7.200155,
					"end":	7.300149,
					"seconds":	0.099993996322155,
					"bytes":	11272192,
					"bits_per_second":	901829502.93806756,
					"retransmits":	0,
					"snd_cwnd":	367792,
					"snd_wnd":	739072,
					"rtt":	2361,
					"rttvar":	66,
					"pmtu":	1500,
					"omitted":	false,
					"sender":	true
				}],
			"sum":	{
				"start":	7.200155,
				"end":	7.300149,
				"seconds":	0.099993996322155,
				"bytes":	11272192,
				"bits_per_second":	901829502.93806756,
				"retransmits":	0,
				"omitted":	false,
				"sender":	true
			}
		}, {
			"streams":	[{
					"socket":	5,
					"start":	7.300149,
					"end":	7.400162,
					"seconds":	0.10001300275325775,
					"bytes":	12058624,
					"bits_per_second":	964564500.05804563,
					"retransmits":	0,
					"snd_cwnd":	367792,
					"snd_wnd":	739072,
					"rtt":	2350,
					"rttvar":	54,
					"pmtu":	1500,
					"omitted":	false,
					"sender":	true
				}],
			"sum":	{
				"start":	7.300149,
				"end":	7.400162,
				"seconds":	0.10001300275325775,
				"bytes":	12058624,
				"bits_per_second":	964564500.05804563,
				"retransmits":	0,
				"omitted":	false,
				"sender":	true
			}
		}, {
			"streams":	[{
					"socket":	5,
					"start":	7.400162,
					"end":	7.500136,
					"seconds":	0.099973998963832855,
					"bytes":	11796480,
					"bits_per_second":	943963840.379542,
					"retransmits":	0,
					"snd_cwnd":	367792,
					"snd_wnd":	739072,
					"rtt":	2366,
					"rttvar":	63,
					"pmtu":	1500,
					"omitted":	false,
					"sender":	true
				}],
			"sum":	{
				"start":	7.400162,
				"end":	7.500136,
				"seconds":	0.099973998963832855,
				"bytes":	11796480,
				"bits_per_second":	943963840.379542,
				"retransmits":	0,
				"omitted":	false,
				"sender":	true
			}
		}, {
			"streams":	[{
					"socket":	5,
					"start":	7.500136,
					"end":	7.600156,
					"seconds":	0.10001999884843826,
					"bytes":	11665408,
					"bits_per_second":	933046041.536294,
					"retransmits":	0,
					"snd_cwnd":	367792,
					"snd_wnd":	739072,
					"rtt":	2328,
					"rttvar":	73,
					"pmtu":	1500,
					"omitted":	false,
					"sender":	true
				}],
			"sum":	{
				"start":	7.500136,
				"end":	7.600156,
				"seconds":	0.10001999884843826,
				"bytes":	11665408,
				"bits_per_second":	933046041.536294,
				"retransmits":	0,
				"omitted":	false,
				"sender":	true
			}
		}, {
			"streams":	[{
					"socket":	5,
					"start":	7.600156,
					"end":	7.700155,
					"seconds":	0.099999003112316132,
					"bytes":	11927552,
					"bits_per_second":	954213672.43857837,
					"retransmits":	0,
					"snd_cwnd":	367792,
					"snd_wnd":	724736,
					"rtt":	2348,
					"rttvar":	75,
					"pmtu":	1500,
					"omitted":	false,
					"sender":	true
				}],
			"sum":	{
				"start":	7.600156,
				"end":	7.700155,
				"seconds":	0.099999003112316132,
				"bytes":	11927552,
				"bits_per_second":	954213672.43857837,
				"retransmits":	0,
				"omitted":	false,
				"sender":	true
			}
		}, {
			"streams":	[{
					"socket":	5,
					"start":	7.700155,
					"end":	7.800147,
					"seconds":	0.099991999566555023,
					"bytes":	11796480,
					"bits_per_second":	943793907.60343552,
					"retransmits":	0,
					"snd_cwnd":	367792,
					"snd_wnd":	739072,
					"rtt":	2346,
					"rttvar":	63,
					"pmtu":	1500,
					"omitted":	false,
					"sender":	true
				}],
			"sum":	{
				"start":	7.700155,
				"end":	7.800147,
				"seconds":	0.099991999566555023,
				"bytes":	11796480,
				"bits_per_second":	943793907.60343552,
				"retransmits":	0,
				"omitted":	false,
				"sender":	true
			}
		}, {
			"streams":	[{
					"socket":	5,
					"start":	7.800147,
					"end":	7.900126,
					"seconds":	0.0999789983034134,
					"bytes":	11665408,
					"bits_per_second":	933428675.858356,
					"retransmits":	0,
					"snd_cwnd":	367792,
					"snd_wnd":	739072,
					"rtt":	2349,
					"rttvar":	53,
					"pmtu":	1500,
					"omitted":	false,
					"sender":	true
				}],
			"sum":	{
				"start":	7.800147,
				"end":	7.900126,
				"seconds":	0.0999789983034134,
				"bytes":	11665408,
				"bits_per_second":	933428675.858356,
				"retransmits":	0,
				"omitted":	false,
				"sender":	true
			}
		}, {
			"streams":	[{
					"socket":	5,
					"start":	7.900126,
					"end":	8.000143,
					"seconds":	0.1000170037150383,
					"bytes":	11796480,
					"bits_per_second":	943557960.09324455,
					"retransmits":	0,
					"snd_cwnd":	367792,
					"snd_wnd":	739072,
					"rtt":	2357,
					"rttvar":	72,
					"pmtu":	1500,
					"omitted":	false,
					"sender":	true
				}],
			"sum":	{
				"start":	7.900126,
				"end":	8.000143,
				"seconds":	0.1000170037150383,
				"bytes":	11796480,
				"bits_per_second":	943557960.09324455,
				"retransmits":	0,
				"omitted":	false,
				"sender":	true
			}
		}, {
			"streams":	[{
					"socket":	5,
					"start":	8.000143,
					"end":	8.100114,
					"seconds":	0.0999709963798523,
					"bytes":	11796480,
					"bits_per_second":	943992191.90956545,
					"retransmits":	0,
					"snd_cwnd":	367792,
					"snd_wnd":	735232,
					"rtt":	2337,
					"rttvar":	76,
					"pmtu":	1500,
					"omitted":	false,
					"sender":	true
				}],
			"sum":	{
				"start":	8.000143,
				"end":	8.100114,
				"seconds":	0.0999709963798523,
				"bytes":	11796480,
				"bits_per_second":	943992191.90956545,
				"retransmits":	0,
				"omitted":	false,
				"sender":	true
			}
		}, {
			"streams":	[{
					"socket":	5,
					"start":	8.100114,
					"end":	8.200111,
					"seconds":	0.099996998906135559,
					"bytes":	11665408,
					"bits_per_second":	933260648.0280472,
					"retransmits":	0,
					"snd_cwnd":	367792,
					"snd_wnd":	739072,
					"rtt":	2354,
					"rttvar":	83,
					"pmtu":	1500,
					"omitted":	false,
					"sender":	true
				}],
			"sum":	{
				"start":	8.100114,
				"end":	8.200111,
				"seconds":	0.099996998906135559,
				"bytes":	11665408,
				"bits_per_second":	933260648.0280472,
				"retransmits":	0,
				"omitted":	false,
				"sender":	true
			}
		}, {
			"streams":	[{
					"socket":	5,
					"start":	8.200111,
					"end":	8.300117,
					"seconds":	0.10000599920749664,
					"bytes":	11665408,
					"bits_per_second":	933176656.79604852,
					"retransmits":	0,
					"snd_cwnd":	367792,
					"snd_wnd":	739072,
					"rtt":	2347,
					"rttvar":	65,
					"pmtu":	1500,
					"omitted":	false,
					"sender":	true
				}],
			"sum":	{
				"start":	8.200111,
				"end":	8.300117,
				"seconds":	0.10000599920749664,
				"bytes":	11665408,
				"bits_per_second":	933176656.79604852,
				"retransmits":	0,
				"omitted":	false,
				"sender":	true
			}
		}, {
			"streams":	[{
					"socket":	5,
					"start":	8.300117,
					"end":	8.400116,
					"seconds":	0.099999003112316132,
					"bytes":	11665408,
					"bits_per_second":	933241943.37399423,
					"retransmits":	0,
					"snd_cwnd":	367792,
					"snd_wnd":	739072,
					"rtt":	2360,
					"rttvar":	57,
					"pmtu":	1500,
					"omitted":	false,
					"sender":	true
				}],
			"sum":	{
				"start":	8.300117,
				"end":	8.400116,
				"seconds":	0.099999003112316132,
				"bytes":	11665408,
				"bits_per_second":	933241943.37399423,
				"retransmits":	0,
				"omitted":	false,
				"sender":	true
			}
		}, {
			"streams":	[{
					"socket":	5,
					"start":	8.400116,
					"end":	8.50009,
					"seconds":	0.099973998963832855,
					"bytes":	11665408,
					"bits_per_second":	933475353.26421356,
					"retransmits":	0,
					"snd_cwnd":	367792,
					"snd_wnd":	739072,
					"rtt":	2362,
					"rttvar":	57,
					"pmtu":	1500,
					"omitted":	false,
					"sender":	true
				}],
			"sum":	{
				"start":	8.400116,
				"end":	8.50009,
				"seconds":	0.099973998963832855,
				"bytes":	11665408,
				"bits_per_second":	933475353.26421356,
				"retransmits":	0,
				"omitted":	false,
				"sender":	true
			}
		}, {
			"streams":	[{
					"socket":	5,
					"start":	8.50009,
					"end":	8.600119,
					"seconds":	0.10002899914979935,
					"bytes":	11665408,
					"bits_per_second":	932962088.92626119,
					"retransmits":	0,
					"snd_cwnd":	367792,
					"snd_wnd":	739072,
					"rtt":	2358,
					"rttvar":	68,
					"pmtu":	1500,
					"omitted":	false,
					"sender":	true
				}],
			"sum":	{
				"start":	8.50009,
				"end":	8.600119,
				"seconds":	0.10002899914979935,
				"bytes":	11665408,
				"bits_per_second":	932962088.92626119,
				"retransmits":	0,
				"omitted":	false,
				"sender":	true
			}
		}, {
			"streams":	[{
					"socket":	5,
					"start":	8.600119,
					"end":	8.70011,
					"seconds":	0.099991001188755035,
					"bytes":	12451840,
					"bits_per_second":	996236849.473637,
					"retransmits":	0,
					"snd_cwnd":	367792,
					"snd_wnd":	739072,
					"rtt":	2373,
					"rttvar":	68,
					"pmtu":	1500,
					"omitted":	false,
					"sender":	true
				}],
			"sum":	{
				"start":	8.600119,
				"end":	8.70011,
				"seconds":	0.099991001188755035,
				"bytes":	12451840,
				"bits_per_second":	996236849.473637,
				"retransmits":	0,
				"omitted":	false,
				"sender":	true
			}
		}, {
			"streams":	[{
					"socket":	5,
					"start":	8.70011,
					"end":	8.800124,
					"seconds":	0.10001400113105774,
					"bytes":	11141120,
					"bits_per_second":	891164826.844653,
					"retransmits":	0,
					"snd_cwnd":	367792,
					"snd_wnd":	739072,
					"rtt":	2338,
					"rttvar":	67,
					"pmtu":	1500,
					"omitted":	false,
					"sender":	true
				}],
			"sum":	{
				"start":	8.70011,
				"end":	8.800124,
				"seconds":	0.10001400113105774,
				"bytes":	11141120,
				"bits_per_second":	891164826.844653,
				"retransmits":	0,
				"omitted":	false,
				"sender":	true
			}
		}, {
			"streams":	[{
					"socket":	5,
					"start":	8.800124,
					"end":	8.900125,
					"seconds":	0.10000099986791611,
					"bytes":	12320768,
					"bits_per_second":	985651584.786039,
					"retransmits":	0,
					"snd_cwnd":	367792,
					"snd_wnd":	739072,
					"rtt":	2368,
					"rttvar":	61,
					"pmtu":	1500,
					"omitted":	false,
					"sender":	true
				}],
			"sum":	{
				"start":	8.800124,
				"end":	8.900125,
				"seconds":	0.10000099986791611,
				"bytes":	12320768,
				"bits_per_second":	985651584.786039,
				"retransmits":	0,
				"omitted":	false,
				"sender":	true
			}
		}, {
			"streams":	[{
					"socket":	5,
					"start":	8.900125,
					"end":	9.000161,
					"seconds":	0.10003600269556046,
					"bytes":	11665408,
					"bits_per_second":	932896772.015278,
					"retransmits":	0,
					"snd_cwnd":	367792,
					"snd_wnd":	739072,
					"rtt":	2349,
					"rttvar":	66,
					"pmtu":	1500,
					"omitted":	false,
					"sender":	true
				}],
			"sum":	{
				"start":	8.900125,
				"end":	9.000161,
				"seconds":	0.10003600269556046,
				"bytes":	11665408,
				"bits_per_second":	932896772.015278,
				"retransmits":	0,
				"omitted":	false,
				"sender":	true
			}
		}, {
			"streams":	[{
					"socket":	5,
					"start":	9.000161,
					"end":	9.100127,
					"seconds":	0.099965997040271759,
					"bytes":	11665408,
					"bits_per_second":	933550074.65592825,
					"retransmits":	0,
					"snd_cwnd":	367792,
					"snd_wnd":	739072,
					"rtt":	2357,
					"rttvar":	53,
					"pmtu":	1500,
					"omitted":	false,
					"sender":	true
				}],
			"sum":	{
				"start":	9.000161,
				"end":	9.100127,
				"seconds":	0.099965997040271759,
				"bytes":	11665408,
				"bits_per_second":	933550074.65592825,
				"retransmits":	0,
				"omitted":	false,
				"sender":	true
			}
		}, {
			"streams":	[{
					"socket":	5,
					"start":	9.100127,
					"end":	9.200128,
					"seconds":	0.10000099986791611,
					"bytes":	11796480,
					"bits_per_second":	943708964.156846,
					"retransmits":	0,
					"snd_cwnd":	367792,
					"snd_wnd":	739072,
					"rtt":	2363,
					"rttvar":	69,
					"pmtu":	1500,
					"omitted":	false,
					"sender":	true
				}],
			"sum":	{
				"start":	9.100127,
				"end":	9.200128,
				"seconds":	0.10000099986791611,
				"bytes":	11796480,
				"bits_per_second":	943708964.156846,
				"retransmits":	0,
				"omitted":	false,
				"sender":	true
			}
		}, {
			"streams":	[{
					"socket":	5,
					"start":	9.200128,
					"end":	9.300124,
					"seconds":	0.099996000528335571,
					"bytes":	11665408,
					"bits_per_second":	933269965.86783755,
					"retransmits":	0,
					"snd_cwnd":	367792,
					"snd_wnd":	739072,
					"rtt":	2333,
					"rttvar":	73,
					"pmtu":	1500,
					"omitted":	false,
					"sender":	true
				}],
			"sum":	{
				"start":	9.200128,
				"end":	9.300124,
				"seconds":	0.099996000528335571,
				"bytes":	11665408,
				"bits_per_second":	933269965.86783755,
				"retransmits":	0,
				"omitted":	false,
				"sender":	true
			}
		}, {
			"streams":	[{
					"socket":	5,
					"start":	9.300124,
					"end":	9.400123,
					"seconds":	0.099999003112316132,
					"bytes":	11665408,
					"bits_per_second":	933241943.37399423,
					"retransmits":	0,
					"snd_cwnd":	367792,
					"snd_wnd":	739072,
					"rtt":	2357,
					"rttvar":	55,
					"pmtu":	1500,
					"omitted":	false,
					"sender":	true
				}],
			"sum":	{
				"start":	9.300124,
				"end":	9.400123,
				"seconds":	0.099999003112316132,
				"bytes":	11665408,
				"bits_per_second":	933241943.37399423,
				"retransmits":	0,
				"omitted":	false,
				"sender":	true
			}
		}, {
			"streams":	[{
					"socket":	5,
					"start":	9.400123,
					"end":	9.500125,
					"seconds":	0.10000199824571609,
					"bytes":	11665408,
					"bits_per_second":	933213992.091381,
					"retransmits":	0,
					"snd_cwnd":	367792,
					"snd_wnd":	739072,
					"rtt":	2345,
					"rttvar":	57,
					"pmtu":	1500,
					"omitted":	false,
					"sender":	true
				}],
			"sum":	{
				"start":	9.400123,
				"end":	9.500125,
				"seconds":	0.10000199824571609,
				"bytes":	11665408,
				"bits_per_second":	933213992.091381,
				"retransmits":	0,
				"omitted":	false,
				"sender":	true
			}
		}, {
			"streams":	[{
					"socket":	5,
					"start":	9.500125,
					"end":	9.600127,
					"seconds":	0.10000199824571609,
					"bytes":	11665408,
					"bits_per_second":	933213992.091381,
					"retransmits":	0,
					"snd_cwnd":	367792,
					"snd_wnd":	739072,
					"rtt":	2406,
					"rttvar":	93,
					"pmtu":	1500,
					"omitted":	false,
					"sender":	true
				}],
			"sum":	{
				"start":	9.500125,
				"end":	9.600127,
				"seconds":	0.10000199824571609,
				"bytes":	11665408,
				"bits_per_second":	933213992.091381,
				"retransmits":	0,
				"omitted":	false,
				"sender":	true
			}
		}, {
			"streams":	[{
					"socket":	5,
					"start":	9.600127,
					"end":	9.700129,
					"seconds":	0.10000199824571609,
					"bytes":	12451840,
					"bits_per_second":	996127294.92900229,
					"retransmits":	0,
					"snd_cwnd":	367792,
					"snd_wnd":	739072,
					"rtt":	2350,
					"rttvar":	68,
					"pmtu":	1500,
					"omitted":	false,
					"sender":	true
				}],
			"sum":	{
				"start":	9.600127,
				"end":	9.700129,
				"seconds":	0.10000199824571609,
				"bytes":	12451840,
				"bits_per_second":	996127294.92900229,
				"retransmits":	0,
				"omitted":	false,
				"sender":	true
			}
		}, {
			"streams":	[{
					"socket":	5,
					"start":	9.700129,
					"end":	9.800101,
					"seconds":	0.0999720022082329,
					"bytes":	11141120,
					"bits_per_second":	891539211.29189968,
					"retransmits":	0,
					"snd_cwnd":	367792,
					"snd_wnd":	739072,
					"rtt":	2392,
					"rttvar":	70,
					"pmtu":	1500,
					"omitted":	false,
					"sender":	true
				}],
			"sum":	{
				"start":	9.700129,
				"end":	9.800101,
				"seconds":	0.0999720022082329,
				"bytes":	11141120,
				"bits_per_second":	891539211.29189968,
				"retransmits":	0,
				"omitted":	false,
				"sender":	true
			}
		}, {
			"streams":	[{
					"socket":	5,
					"start":	9.800101,
					"end":	9.900112,
					"seconds":	0.10001099854707718,
					"bytes":	11010048,
					"bits_per_second":	880706975.02873945,
					"retransmits":	0,
					"snd_cwnd":	367792,
					"snd_wnd":	739072,
					"rtt":	2334,
					"rttvar":	69,
					"pmtu":	1500,
					"omitted":	false,
					"sender":	true
				}],
			"sum":	{
				"start":	9.800101,
				"end":	9.900112,
				"seconds":	0.10001099854707718,
				"bytes":	11010048,
				"bits_per_second":	880706975.02873945,
				"retransmits":	0,
				"omitted":	false,
				"sender":	true
			}
		}, {
			"streams":	[{
					"socket":	5,
					"start":	9.900112,
					"end":	10.000492,
					"seconds":	0.10038000345230103,
					"bytes":	11796480,
					"bits_per_second":	940145813.452218,
					"retransmits":	0,
					"snd_cwnd":	367792,
					"snd_wnd":	739072,
					"rtt":	2326,
					"rttvar":	65,
					"pmtu":	1500,
					"omitted":	false,
					"sender":	true
				}],
			"sum":	{
				"start":	9.900112,
				"end":	10.000492,
				"seconds":	0.10038000345230103,
				"bytes":	11796480,
				"bits_per_second":	940145813.452218,
				"retransmits":	0,
				"omitted":	false,
				"sender":	true
			}
		}],
	"end":	{
		"streams":	[{
				"sender":	{
					"socket":	5,
					"start":	0,
					"end":	10.000492,
					"seconds":	10.000492,
					"bytes":	1177812992,
					"bits_per_second":	942204037.16137171,
					"retransmits":	0,
					"max_snd_cwnd":	367792,
					"max_snd_wnd":	739072,
					"max_rtt":	2406,
					"min_rtt":	2315,
					"mean_rtt":	2352,
					"sender":	true
				},
				"receiver":	{
					"socket":	5,
					"start":	0,
					"end":	10.002972,
					"seconds":	10.000492,
					"bytes":	1176764416,
					"bits_per_second":	941131828.42059338,
					"sender":	true
				}
			}],
		"sum_sent":	{
			"start":	0,
			"end":	10.000492,
			"seconds":	10.000492,
			"bytes":	1177812992,
			"bits_per_second":	942204037.16137171,
			"retransmits":	0,
			"sender":	true
		},
		"sum_received":	{
			"start":	0,
			"end":	10.002972,
			"seconds":	10.002972,
			"bytes":	1176764416,
			"bits_per_second":	941131828.42059338,
			"sender":	true
		},
		"cpu_utilization_percent":	{
			"host_total":	2.72929902260995,
			"host_user":	0.079985533468340975,
			"host_system":	2.6493234798402687,
			"remote_total":	6.08317516541402,
			"remote_user":	0.62869623582012024,
			"remote_system":	5.4543889573233528
		},
		"sender_tcp_congestion":	"cubic",
		"receiver_tcp_congestion":	"cubic"
	}
}
