{
	"start":	{
		"connected":	[{
				"socket":	5,
				"local_host":	"10.8.8.1",
				"local_port":	51924,
				"remote_host":	"10.8.8.2",
				"remote_port":	5201
			}],
		"version":	"iperf 3.19.1",
		"system_info":	"Linux caladan 6.12.40 #1-NixOS SMP PREEMPT_DYNAMIC Thu Jul 24 06:56:38 UTC 2025 x86_64",
		"timestamp":	{
			"time":	"Fri, 15 Aug 2025 09:49:17 GMT",
			"timesecs":	1755251357
		},
		"connecting_to":	{
			"host":	"10.8.8.2",
			"port":	5201
		},
		"cookie":	"lpxskf7xny2tyswjgzkxg6htb7ngbaba4yug",
		"tcp_mss_default":	1448,
		"target_bitrate":	0,
		"fq_rate":	0,
		"sock_bufsize":	0,
		"sndbuf_actual":	16384,
		"rcvbuf_actual":	131072,
		"test_start":	{
			"protocol":	"TCP",
			"num_streams":	1,
			"blksize":	131072,
			"omit":	0,
			"duration":	10,
			"bytes":	0,
			"blocks":	0,
			"reverse":	0,
			"tos":	0,
			"target_bitrate":	0,
			"bidir":	0,
			"fqrate":	0,
			"interval":	1
		}
	},
	"intervals":	[{
			"streams":	[{
					"socket":	5,
					"start":	0,
					"end":	1.000666,
					"seconds":	1.00066602230072,
					"bytes":	118882304,
					"bits_per_second":	950425427.4701333,
					"retransmits":	0,
					"snd_cwnd":	327248,
					"snd_wnd":	962944,
					"rtt":	2283,
					"rttvar":	80,
					"pmtu":	1500,
					"omitted":	false,
					"sender":	true
				}],
			"sum":	{
				"start":	0,
				"end":	1.000666,
				"seconds":	1.00066602230072,
				"bytes":	118882304,
				"bits_per_second":	950425427.4701333,
				"retransmits":	0,
				"omitted":	false,
				"sender":	true
			}
		}, {
			"streams":	[{
					"socket":	5,
					"start":	1.000666,
					"end":	2.000694,
					"seconds":	1.0000280141830444,
					"bytes":	117571584,
					"bits_per_second":	940546323.36313558,
					"retransmits":	0,
					"snd_cwnd":	343176,
					"snd_wnd":	962944,
					"rtt":	2368,
					"rttvar":	65,
					"pmtu":	1500,
					"omitted":	false,
					"sender":	true
				}],
			"sum":	{
				"start":	1.000666,
				"end":	2.000694,
				"seconds":	1.0000280141830444,
				"bytes":	117571584,
				"bits_per_second":	940546323.36313558,
				"retransmits":	0,
				"omitted":	false,
				"sender":	true
			}
		}, {
			"streams":	[{
					"socket":	5,
					"start":	2.000694,
					"end":	3.000673,
					"seconds":	0.999979019165039,
					"bytes":	117702656,
					"bits_per_second":	941641004.414506,
					"retransmits":	0,
					"snd_cwnd":	343176,
					"snd_wnd":	962944,
					"rtt":	2370,
					"rttvar":	86,
					"pmtu":	1500,
					"omitted":	false,
					"sender":	true
				}],
			"sum":	{
				"start":	2.000694,
				"end":	3.000673,
				"seconds":	0.999979019165039,
				"bytes":	117702656,
				"bits_per_second":	941641004.414506,
				"retransmits":	0,
				"omitted":	false,
				"sender":	true
			}
		}, {
			"streams":	[{
					"socket":	5,
					"start":	3.000673,
					"end":	4.000663,
					"seconds":	0.99998998641967773,
					"bytes":	117047296,
					"bits_per_second":	936387744.59389329,
					"retransmits":	0,
					"snd_cwnd":	343176,
					"snd_wnd":	962944,
					"rtt":	2329,
					"rttvar":	74,
					"pmtu":	1500,
					"omitted":	false,
					"sender":	true
				}],
			"sum":	{
				"start":	3.000673,
				"end":	4.000663,
				"seconds":	0.99998998641967773,
				"bytes":	117047296,
				"bits_per_second":	936387744.59389329,
				"retransmits":	0,
				"omitted":	false,
				"sender":	true
			}
		}, {
			"streams":	[{
					"socket":	5,
					"start":	4.000663,
					"end":	5.000669,
					"seconds":	1.0000059604644775,
					"bytes":	117964800,
					"bits_per_second":	943712775.03352737,
					"retransmits":	0,
					"snd_cwnd":	343176,
					"snd_wnd":	962944,
					"rtt":	2356,
					"rttvar":	66,
					"pmtu":	1500,
					"omitted":	false,
					"sender":	true
				}],
			"sum":	{
				"start":	4.000663,
				"end":	5.000669,
				"seconds":	1.0000059604644775,
				"bytes":	117964800,
				"bits_per_second":	943712775.03352737,
				"retransmits":	0,
				"omitted":	false,
				"sender":	true
			}
		}, {
			"streams":	[{
					"socket":	5,
					"start":	5.000669,
					"end":	6.000671,
					"seconds":	1.0000020265579224,
					"bytes":	117964800,
					"bits_per_second":	943716487.50387573,
					"retransmits":	0,
					"snd_cwnd":	343176,
					"snd_wnd":	962944,
					"rtt":	2376,
					"rttvar":	82,
					"pmtu":	1500,
					"omitted":	false,
					"sender":	true
				}],
			"sum":	{
				"start":	5.000669,
				"end":	6.000671,
				"seconds":	1.0000020265579224,
				"bytes":	117964800,
				"bits_per_second":	943716487.50387573,
				"retransmits":	0,
				"omitted":	false,
				"sender":	true
			}
		}, {
			"streams":	[{
					"socket":	5,
					"start":	6.000671,
					"end":	7.000661,
					"seconds":	0.99998998641967773,
					"bytes":	117309440,
					"bits_per_second":	938484917.59410357,
					"retransmits":	0,
					"snd_cwnd":	343176,
					"snd_wnd":	962944,
					"rtt":	2362,
					"rttvar":	65,
					"pmtu":	1500,
					"omitted":	false,
					"sender":	true
				}],
			"sum":	{
				"start":	6.000671,
				"end":	7.000661,
				"seconds":	0.99998998641967773,
				"bytes":	117309440,
				"bits_per_second":	938484917.59410357,
				"retransmits":	0,
				"omitted":	false,
				"sender":	true
			}
		}, {
			"streams":	[{
					"socket":	5,
					"start":	7.000661,
					"end":	8.00069,
					"seconds":	1.0000289678573608,
					"bytes":	117571584,
					"bits_per_second":	940545426.4142462,
					"retransmits":	0,
					"snd_cwnd":	343176,
					"snd_wnd":	962944,
					"rtt":	2329,
					"rttvar":	65,
					"pmtu":	1500,
					"omitted":	false,
					"sender":	true
				}],
			"sum":	{
				"start":	7.000661,
				"end":	8.00069,
				"seconds":	1.0000289678573608,
				"bytes":	117571584,
				"bits_per_second":	940545426.4142462,
				"retransmits":	0,
				"omitted":	false,
				"sender":	true
			}
		}, {
			"streams":	[{
					"socket":	5,
					"start":	8.00069,
					"end":	9.00067,
					"seconds":	0.99997997283935547,
					"bytes":	117833728,
					"bits_per_second":	942688703.3781004,
					"retransmits":	0,
					"snd_cwnd":	343176,
					"snd_wnd":	962944,
					"rtt":	2337,
					"rttvar":	64,
					"pmtu":	1500,
					"omitted":	false,
					"sender":	true
				}],
			"sum":	{
				"start":	8.00069,
				"end":	9.00067,
				"seconds":	0.99997997283935547,
				"bytes":	117833728,
				"bits_per_second":	942688703.3781004,
				"retransmits":	0,
				"omitted":	false,
				"sender":	true
			}
		}, {
			"streams":	[{
					"socket":	5,
					"start":	9.00067,
					"end":	10.001189,
					"seconds":	1.0005190372467041,
					"bytes":	118620160,
					"bits_per_second":	948468989.26722646,
					"retransmits":	0,
					"snd_cwnd":	490872,
					"snd_wnd":	962944,
					"rtt":	2639,
					"rttvar":	47,
					"pmtu":	1500,
					"omitted":	false,
					"sender":	true
				}],
			"sum":	{
				"start":	9.00067,
				"end":	10.001189,
				"seconds":	1.0005190372467041,
				"bytes":	118620160,
				"bits_per_second":	948468989.26722646,
				"retransmits":	0,
				"omitted":	false,
				"sender":	true
			}
		}],
	"end":	{
		"streams":	[{
				"sender":	{
					"socket":	5,
					"start":	0,
					"end":	10.001189,
					"seconds":	10.001189,
					"bytes":	1179123712,
					"bits_per_second":	943186824.68654478,
					"retransmits":	0,
					"max_snd_cwnd":	490872,
					"max_snd_wnd":	962944,
					"max_rtt":	2639,
					"min_rtt":	2283,
					"mean_rtt":	2374,
					"sender":	true
				},
				"receiver":	{
					"socket":	5,
					"start":	0,
					"end":	10.008152,
					"seconds":	10.001189,
					"bytes":	1176895488,
					"bits_per_second":	940749491.4145987,
					"sender":	true
				}
			}],
		"sum_sent":	{
			"start":	0,
			"end":	10.001189,
			"seconds":	10.001189,
			"bytes":	1179123712,
			"bits_per_second":	943186824.68654478,
			"retransmits":	0,
			"sender":	true
		},
		"sum_received":	{
			"start":	0,
			"end":	10.008152,
			"seconds":	10.008152,
			"bytes":	1176895488,
			"bits_per_second":	940749491.4145987,
			"sender":	true
		},
		"cpu_utilization_percent":	{
			"host_total":	3.2068223463798722,
			"host_user":	0.0897130560257236,
			"host_system":	3.1171292620941369,
			"remote_total":	6.9638538735643447,
			"remote_user":	0.577334449613853,
			"remote_system":	6.3864594733318167
		},
		"sender_tcp_congestion":	"cubic",
		"receiver_tcp_congestion":	"cubic"
	}
}
