{
	"start":	{
		"connected":	[{
				"socket":	5,
				"local_host":	"10.8.8.1",
				"local_port":	54338,
				"remote_host":	"10.8.8.2",
				"remote_port":	5201
			}],
		"version":	"iperf 3.19.1",
		"system_info":	"Linux caladan 6.12.40 #1-NixOS SMP PREEMPT_DYNAMIC Thu Jul 24 06:56:38 UTC 2025 x86_64",
		"timestamp":	{
			"time":	"Fri, 15 Aug 2025 09:48:37 GMT",
			"timesecs":	1755251317
		},
		"connecting_to":	{
			"host":	"10.8.8.2",
			"port":	5201
		},
		"cookie":	"jgfycer3y7luk4evbvahpj6qaktekoymet4a",
		"tcp_mss_default":	1448,
		"target_bitrate":	0,
		"fq_rate":	0,
		"sock_bufsize":	0,
		"sndbuf_actual":	16384,
		"rcvbuf_actual":	131072,
		"test_start":	{
			"protocol":	"TCP",
			"num_streams":	1,
			"blksize":	131072,
			"omit":	0,
			"duration":	10,
			"bytes":	0,
			"blocks":	0,
			"reverse":	0,
			"tos":	0,
			"target_bitrate":	0,
			"bidir":	0,
			"fqrate":	0,
			"interval":	1
		}
	},
	"intervals":	[{
			"streams":	[{
					"socket":	5,
					"start":	0,
					"end":	1.000543,
					"seconds":	1.0005429983139038,
					"bytes":	119144448,
					"bits_per_second":	952638303.00770664,
					"retransmits":	0,
					"snd_cwnd":	318560,
					"snd_wnd":	1060352,
					"rtt":	2224,
					"rttvar":	74,
					"pmtu":	1500,
					"omitted":	false,
					"sender":	true
				}],
			"sum":	{
				"start":	0,
				"end":	1.000543,
				"seconds":	1.0005429983139038,
				"bytes":	119144448,
				"bits_per_second":	952638303.00770664,
				"retransmits":	0,
				"omitted":	false,
				"sender":	true
			}
		}, {
			"streams":	[{
					"socket":	5,
					"start":	1.000543,
					"end":	2.001062,
					"seconds":	1.0005190372467041,
					"bytes":	117702656,
					"bits_per_second":	941132765.04085,
					"retransmits":	0,
					"snd_cwnd":	333040,
					"snd_wnd":	1060352,
					"rtt":	2282,
					"rttvar":	99,
					"pmtu":	1500,
					"omitted":	false,
					"sender":	true
				}],
			"sum":	{
				"start":	1.000543,
				"end":	2.001062,
				"seconds":	1.0005190372467041,
				"bytes":	117702656,
				"bits_per_second":	941132765.04085,
				"retransmits":	0,
				"omitted":	false,
				"sender":	true
			}
		}, {
			"streams":	[{
					"socket":	5,
					"start":	2.001062,
					"end":	3.001029,
					"seconds":	0.99996697902679443,
					"bytes":	117964800,
					"bits_per_second":	943749563.52905,
					"retransmits":	0,
					"snd_cwnd":	333040,
					"snd_wnd":	1060352,
					"rtt":	2350,
					"rttvar":	69,
					"pmtu":	1500,
					"omitted":	false,
					"sender":	true
				}],
			"sum":	{
				"start":	2.001062,
				"end":	3.001029,
				"seconds":	0.99996697902679443,
				"bytes":	117964800,
				"bits_per_second":	943749563.52905,
				"retransmits":	0,
				"omitted":	false,
				"sender":	true
			}
		}, {
			"streams":	[{
					"socket":	5,
					"start":	3.001029,
					"end":	4.001068,
					"seconds":	1.0000389814376831,
					"bytes":	117178368,
					"bits_per_second":	937390403.174414,
					"retransmits":	0,
					"snd_cwnd":	350416,
					"snd_wnd":	1060352,
					"rtt":	2327,
					"rttvar":	68,
					"pmtu":	1500,
					"omitted":	false,
					"sender":	true
				}],
			"sum":	{
				"start":	3.001029,
				"end":	4.001068,
				"seconds":	1.0000389814376831,
				"bytes":	117178368,
				"bits_per_second":	937390403.174414,
				"retransmits":	0,
				"omitted":	false,
				"sender":	true
			}
		}, {
			"streams":	[{
					"socket":	5,
					"start":	4.001068,
					"end":	5.001067,
					"seconds":	0.99999898672103882,
					"bytes":	117702656,
					"bits_per_second":	941622202.12596679,
					"retransmits":	0,
					"snd_cwnd":	350416,
					"snd_wnd":	1060352,
					"rtt":	2322,
					"rttvar":	66,
					"pmtu":	1500,
					"omitted":	false,
					"sender":	true
				}],
			"sum":	{
				"start":	4.001068,
				"end":	5.001067,
				"seconds":	0.99999898672103882,
				"bytes":	117702656,
				"bits_per_second":	941622202.12596679,
				"retransmits":	0,
				"omitted":	false,
				"sender":	true
			}
		}, {
			"streams":	[{
					"socket":	5,
					"start":	5.001067,
					"end":	6.000521,
					"seconds":	0.99945402145385742,
					"bytes":	117833728,
					"bits_per_second":	943184782.65637851,
					"retransmits":	0,
					"snd_cwnd":	350416,
					"snd_wnd":	1060352,
					"rtt":	2342,
					"rttvar":	70,
					"pmtu":	1500,
					"omitted":	false,
					"sender":	true
				}],
			"sum":	{
				"start":	5.001067,
				"end":	6.000521,
				"seconds":	0.99945402145385742,
				"bytes":	117833728,
				"bits_per_second":	943184782.65637851,
				"retransmits":	0,
				"omitted":	false,
				"sender":	true
			}
		}, {
			"streams":	[{
					"socket":	5,
					"start":	6.000521,
					"end":	7.000545,
					"seconds":	1.0000239610672,
					"bytes":	117964800,
					"bits_per_second":	943695788.0418067,
					"retransmits":	0,
					"snd_cwnd":	350416,
					"snd_wnd":	1060352,
					"rtt":	2355,
					"rttvar":	72,
					"pmtu":	1500,
					"omitted":	false,
					"sender":	true
				}],
			"sum":	{
				"start":	6.000521,
				"end":	7.000545,
				"seconds":	1.0000239610672,
				"bytes":	117964800,
				"bits_per_second":	943695788.0418067,
				"retransmits":	0,
				"omitted":	false,
				"sender":	true
			}
		}, {
			"streams":	[{
					"socket":	5,
					"start":	7.000545,
					"end":	8.001053,
					"seconds":	1.0005079507827759,
					"bytes":	117702656,
					"bits_per_second":	941143193.578118,
					"retransmits":	0,
					"snd_cwnd":	350416,
					"snd_wnd":	1060352,
					"rtt":	2343,
					"rttvar":	63,
					"pmtu":	1500,
					"omitted":	false,
					"sender":	true
				}],
			"sum":	{
				"start":	7.000545,
				"end":	8.001053,
				"seconds":	1.0005079507827759,
				"bytes":	117702656,
				"bits_per_second":	941143193.578118,
				"retransmits":	0,
				"omitted":	false,
				"sender":	true
			}
		}, {
			"streams":	[{
					"socket":	5,
					"start":	8.001053,
					"end":	9.000519,
					"seconds":	0.99946600198745728,
					"bytes":	117702656,
					"bits_per_second":	942124340.52540874,
					"retransmits":	0,
					"snd_cwnd":	350416,
					"snd_wnd":	1060352,
					"rtt":	2405,
					"rttvar":	81,
					"pmtu":	1500,
					"omitted":	false,
					"sender":	true
				}],
			"sum":	{
				"start":	8.001053,
				"end":	9.000519,
				"seconds":	0.99946600198745728,
				"bytes":	117702656,
				"bits_per_second":	942124340.52540874,
				"retransmits":	0,
				"omitted":	false,
				"sender":	true
			}
		}, {
			"streams":	[{
					"socket":	5,
					"start":	9.000519,
					"end":	10.001559,
					"seconds":	1.001039981842041,
					"bytes":	117309440,
					"bits_per_second":	937500536.46517253,
					"retransmits":	0,
					"snd_cwnd":	350416,
					"snd_wnd":	1060352,
					"rtt":	2363,
					"rttvar":	83,
					"pmtu":	1500,
					"omitted":	false,
					"sender":	true
				}],
			"sum":	{
				"start":	9.000519,
				"end":	10.001559,
				"seconds":	1.001039981842041,
				"bytes":	117309440,
				"bits_per_second":	937500536.46517253,
				"retransmits":	0,
				"omitted":	false,
				"sender":	true
			}
		}],
	"end":	{
		"streams":	[{
				"sender":	{
					"socket":	5,
					"start":	0,
					"end":	10.001559,
					"seconds":	10.001559,
					"bytes":	1178206208,
					"bits_per_second":	942418043.42702973,
					"retransmits":	0,
					"max_snd_cwnd":	350416,
					"max_snd_wnd":	1060352,
					"max_rtt":	2405,
					"min_rtt":	2224,
					"mean_rtt":	2331,
					"sender":	true
				},
				"receiver":	{
					"socket":	5,
					"start":	0,
					"end":	10.004396,
					"seconds":	10.001559,
					"bytes":	1177026560,
					"bits_per_second":	941207493.18599546,
					"sender":	true
				}
			}],
		"sum_sent":	{
			"start":	0,
			"end":	10.001559,
			"seconds":	10.001559,
			"bytes":	1178206208,
			"bits_per_second":	942418043.42702973,
			"retransmits":	0,
			"sender":	true
		},
		"sum_received":	{
			"start":	0,
			"end":	10.004396,
			"seconds":	10.004396,
			"bytes":	1177026560,
			"bits_per_second":	941207493.18599546,
			"sender":	true
		},
		"cpu_utilization_percent":	{
			"host_total":	3.0318996134636742,
			"host_user":	0.10519463455405938,
			"host_system":	2.9268348735001544,
			"remote_total":	6.4851664227580761,
			"remote_user":	0.56597921461000633,
			"remote_system":	5.9191772125771074
		},
		"sender_tcp_congestion":	"cubic",
		"receiver_tcp_congestion":	"cubic"
	}
}
