{
	"start":	{
		"connected":	[{
				"socket":	5,
				"local_host":	"10.8.8.1",
				"local_port":	43180,
				"remote_host":	"10.8.8.2",
				"remote_port":	5201
			}],
		"version":	"iperf 3.19.1",
		"system_info":	"Linux caladan 6.12.40 #1-NixOS SMP PREEMPT_DYNAMIC Thu Jul 24 06:56:38 UTC 2025 x86_64",
		"timestamp":	{
			"time":	"Fri, 15 Aug 2025 09:49:30 GMT",
			"timesecs":	1755251370
		},
		"connecting_to":	{
			"host":	"10.8.8.2",
			"port":	5201
		},
		"cookie":	"pkxkpz2s57g3dhyxjg27yptoezdpvf3ium5x",
		"tcp_mss_default":	1448,
		"target_bitrate":	0,
		"fq_rate":	0,
		"sock_bufsize":	0,
		"sndbuf_actual":	16384,
		"rcvbuf_actual":	131072,
		"test_start":	{
			"protocol":	"TCP",
			"num_streams":	1,
			"blksize":	131072,
			"omit":	0,
			"duration":	10,
			"bytes":	0,
			"blocks":	0,
			"reverse":	0,
			"tos":	0,
			"target_bitrate":	0,
			"bidir":	0,
			"fqrate":	0,
			"interval":	1
		}
	},
	"intervals":	[{
			"streams":	[{
					"socket":	5,
					"start":	0,
					"end":	1.000793,
					"seconds":	1.0007929801940918,
					"bytes":	119275520,
					"bits_per_second":	953448094.54493129,
					"retransmits":	0,
					"snd_cwnd":	331592,
					"snd_wnd":	1201408,
					"rtt":	2269,
					"rttvar":	69,
					"pmtu":	1500,
					"omitted":	false,
					"sender":	true
				}],
			"sum":	{
				"start":	0,
				"end":	1.000793,
				"seconds":	1.0007929801940918,
				"bytes":	119275520,
				"bits_per_second":	953448094.54493129,
				"retransmits":	0,
				"omitted":	false,
				"sender":	true
			}
		}, {
			"streams":	[{
					"socket":	5,
					"start":	1.000793,
					"end":	2.000878,
					"seconds":	1.00008499622345,
					"bytes":	117571584,
					"bits_per_second":	940492733.66945624,
					"retransmits":	0,
					"snd_cwnd":	331592,
					"snd_wnd":	1201280,
					"rtt":	2350,
					"rttvar":	101,
					"pmtu":	1500,
					"omitted":	false,
					"sender":	true
				}],
			"sum":	{
				"start":	1.000793,
				"end":	2.000878,
				"seconds":	1.00008499622345,
				"bytes":	117571584,
				"bits_per_second":	940492733.66945624,
				"retransmits":	0,
				"omitted":	false,
				"sender":	true
			}
		}, {
			"streams":	[{
					"socket":	5,
					"start":	2.000878,
					"end":	3.001065,
					"seconds":	1.0001870393753052,
					"bytes":	117571584,
					"bits_per_second":	940396780.773585,
					"retransmits":	0,
					"snd_cwnd":	331592,
					"snd_wnd":	1215744,
					"rtt":	2258,
					"rttvar":	66,
					"pmtu":	1500,
					"omitted":	false,
					"sender":	true
				}],
			"sum":	{
				"start":	2.000878,
				"end":	3.001065,
				"seconds":	1.0001870393753052,
				"bytes":	117571584,
				"bits_per_second":	940396780.773585,
				"retransmits":	0,
				"omitted":	false,
				"sender":	true
			}
		}, {
			"streams":	[{
					"socket":	5,
					"start":	3.001065,
					"end":	4.000785,
					"seconds":	0.99971997737884521,
					"bytes":	117571584,
					"bits_per_second":	940836127.39847124,
					"retransmits":	0,
					"snd_cwnd":	331592,
					"snd_wnd":	1215744,
					"rtt":	2331,
					"rttvar":	76,
					"pmtu":	1500,
					"omitted":	false,
					"sender":	true
				}],
			"sum":	{
				"start":	3.001065,
				"end":	4.000785,
				"seconds":	0.99971997737884521,
				"bytes":	117571584,
				"bits_per_second":	940836127.39847124,
				"retransmits":	0,
				"omitted":	false,
				"sender":	true
			}
		}, {
			"streams":	[{
					"socket":	5,
					"start":	4.000785,
					"end":	5.000746,
					"seconds":	0.999961018562317,
					"bytes":	117964800,
					"bits_per_second":	943755188.93408549,
					"retransmits":	0,
					"snd_cwnd":	364896,
					"snd_wnd":	1215744,
					"rtt":	2323,
					"rttvar":	69,
					"pmtu":	1500,
					"omitted":	false,
					"sender":	true
				}],
			"sum":	{
				"start":	4.000785,
				"end":	5.000746,
				"seconds":	0.999961018562317,
				"bytes":	117964800,
				"bits_per_second":	943755188.93408549,
				"retransmits":	0,
				"omitted":	false,
				"sender":	true
			}
		}, {
			"streams":	[{
					"socket":	5,
					"start":	5.000746,
					"end":	6.000747,
					"seconds":	1.0000009536743164,
					"bytes":	117833728,
					"bits_per_second":	942668925.00085735,
					"retransmits":	0,
					"snd_cwnd":	364896,
					"snd_wnd":	1215744,
					"rtt":	2364,
					"rttvar":	63,
					"pmtu":	1500,
					"omitted":	false,
					"sender":	true
				}],
			"sum":	{
				"start":	5.000746,
				"end":	6.000747,
				"seconds":	1.0000009536743164,
				"bytes":	117833728,
				"bits_per_second":	942668925.00085735,
				"retransmits":	0,
				"omitted":	false,
				"sender":	true
			}
		}, {
			"streams":	[{
					"socket":	5,
					"start":	6.000747,
					"end":	7.001069,
					"seconds":	1.0003219842910767,
					"bytes":	117309440,
					"bits_per_second":	938173442.88908446,
					"retransmits":	0,
					"snd_cwnd":	364896,
					"snd_wnd":	1215744,
					"rtt":	2345,
					"rttvar":	71,
					"pmtu":	1500,
					"omitted":	false,
					"sender":	true
				}],
			"sum":	{
				"start":	6.000747,
				"end":	7.001069,
				"seconds":	1.0003219842910767,
				"bytes":	117309440,
				"bits_per_second":	938173442.88908446,
				"retransmits":	0,
				"omitted":	false,
				"sender":	true
			}
		}, {
			"streams":	[{
					"socket":	5,
					"start":	7.001069,
					"end":	8.001055,
					"seconds":	0.99998599290847778,
					"bytes":	117571584,
					"bits_per_second":	940585846.87204158,
					"retransmits":	0,
					"snd_cwnd":	364896,
					"snd_wnd":	1215744,
					"rtt":	2330,
					"rttvar":	73,
					"pmtu":	1500,
					"omitted":	false,
					"sender":	true
				}],
			"sum":	{
				"start":	7.001069,
				"end":	8.001055,
				"seconds":	0.99998599290847778,
				"bytes":	117571584,
				"bits_per_second":	940585846.87204158,
				"retransmits":	0,
				"omitted":	false,
				"sender":	true
			}
		}, {
			"streams":	[{
					"socket":	5,
					"start":	8.001055,
					"end":	9.001037,
					"seconds":	0.99998199939727783,
					"bytes":	117702656,
					"bits_per_second":	941638198.055111,
					"retransmits":	0,
					"snd_cwnd":	364896,
					"snd_wnd":	1215744,
					"rtt":	2342,
					"rttvar":	72,
					"pmtu":	1500,
					"omitted":	false,
					"sender":	true
				}],
			"sum":	{
				"start":	8.001055,
				"end":	9.001037,
				"seconds":	0.99998199939727783,
				"bytes":	117702656,
				"bits_per_second":	941638198.055111,
				"retransmits":	0,
				"omitted":	false,
				"sender":	true
			}
		}, {
			"streams":	[{
					"socket":	5,
					"start":	9.001037,
					"end":	10.001167,
					"seconds":	1.0001300573349,
					"bytes":	117571584,
					"bits_per_second":	940450359.53263354,
					"retransmits":	0,
					"snd_cwnd":	364896,
					"snd_wnd":	1215744,
					"rtt":	2376,
					"rttvar":	71,
					"pmtu":	1500,
					"omitted":	false,
					"sender":	true
				}],
			"sum":	{
				"start":	9.001037,
				"end":	10.001167,
				"seconds":	1.0001300573349,
				"bytes":	117571584,
				"bits_per_second":	940450359.53263354,
				"retransmits":	0,
				"omitted":	false,
				"sender":	true
			}
		}],
	"end":	{
		"streams":	[{
				"sender":	{
					"socket":	5,
					"start":	0,
					"end":	10.001167,
					"seconds":	10.001167,
					"bytes":	1177944064,
					"bits_per_second":	942245291.17452,
					"retransmits":	0,
					"max_snd_cwnd":	364896,
					"max_snd_wnd":	1215744,
					"max_rtt":	2376,
					"min_rtt":	2258,
					"mean_rtt":	2328,
					"sender":	true
				},
				"receiver":	{
					"socket":	5,
					"start":	0,
					"end":	10.009849,
					"seconds":	10.001167,
					"bytes":	1176895488,
					"bits_per_second":	940590003.305744,
					"sender":	true
				}
			}],
		"sum_sent":	{
			"start":	0,
			"end":	10.001167,
			"seconds":	10.001167,
			"bytes":	1177944064,
			"bits_per_second":	942245291.17452,
			"retransmits":	0,
			"sender":	true
		},
		"sum_received":	{
			"start":	0,
			"end":	10.009849,
			"seconds":	10.009849,
			"bytes":	1176895488,
			"bits_per_second":	940590003.305744,
			"sender":	true
		},
		"cpu_utilization_percent":	{
			"host_total":	3.2130961787069077,
			"host_user":	0.040539138591232982,
			"host_system":	3.1725570401156742,
			"remote_total":	6.65134991143315,
			"remote_user":	0.62201091253875018,
			"remote_system":	6.02919913809785
		},
		"sender_tcp_congestion":	"cubic",
		"receiver_tcp_congestion":	"cubic"
	}
}
