{
	"start":	{
		"connected":	[{
				"socket":	5,
				"local_host":	"10.8.8.1",
				"local_port":	58542,
				"remote_host":	"10.8.8.2",
				"remote_port":	5201
			}],
		"version":	"iperf 3.19.1",
		"system_info":	"Linux caladan 6.12.40 #1-NixOS SMP PREEMPT_DYNAMIC Thu Jul 24 06:56:38 UTC 2025 x86_64",
		"timestamp":	{
			"time":	"Fri, 15 Aug 2025 09:48:49 GMT",
			"timesecs":	1755251329
		},
		"connecting_to":	{
			"host":	"10.8.8.2",
			"port":	5201
		},
		"cookie":	"d5bmjrivtwfmkhoftamzq3yiqjojxjaicm5x",
		"tcp_mss_default":	1448,
		"target_bitrate":	0,
		"fq_rate":	0,
		"sock_bufsize":	0,
		"sndbuf_actual":	16384,
		"rcvbuf_actual":	131072,
		"test_start":	{
			"protocol":	"TCP",
			"num_streams":	1,
			"blksize":	131072,
			"omit":	0,
			"duration":	10,
			"bytes":	0,
			"blocks":	0,
			"reverse":	0,
			"tos":	0,
			"target_bitrate":	0,
			"bidir":	0,
			"fqrate":	0,
			"interval":	1
		}
	},
	"intervals":	[{
			"streams":	[{
					"socket":	5,
					"start":	0,
					"end":	1.001065,
					"seconds":	1.0010650157928467,
					"bytes":	118751232,
					"bits_per_second":	948999156.91049218,
					"retransmits":	0,
					"snd_cwnd":	327248,
					"snd_wnd":	1162752,
					"rtt":	2299,
					"rttvar":	92,
					"pmtu":	1500,
					"omitted":	false,
					"sender":	true
				}],
			"sum":	{
				"start":	0,
				"end":	1.001065,
				"seconds":	1.0010650157928467,
				"bytes":	118751232,
				"bits_per_second":	948999156.91049218,
				"retransmits":	0,
				"omitted":	false,
				"sender":	true
			}
		}, {
			"streams":	[{
					"socket":	5,
					"start":	1.001065,
					"end":	2.001065,
					"seconds":	1,
					"bytes":	118226944,
					"bits_per_second":	945815552,
					"retransmits":	0,
					"snd_cwnd":	327248,
					"snd_wnd":	1162752,
					"rtt":	2335,
					"rttvar":	75,
					"pmtu":	1500,
					"omitted":	false,
					"sender":	true
				}],
			"sum":	{
				"start":	1.001065,
				"end":	2.001065,
				"seconds":	1,
				"bytes":	118226944,
				"bits_per_second":	945815552,
				"retransmits":	0,
				"omitted":	false,
				"sender":	true
			}
		}, {
			"streams":	[{
					"socket":	5,
					"start":	2.001065,
					"end":	3.001065,
					"seconds":	1,
					"bytes":	117571584,
					"bits_per_second":	940572672,
					"retransmits":	0,
					"snd_cwnd":	327248,
					"snd_wnd":	1162752,
					"rtt":	2323,
					"rttvar":	77,
					"pmtu":	1500,
					"omitted":	false,
					"sender":	true
				}],
			"sum":	{
				"start":	2.001065,
				"end":	3.001065,
				"seconds":	1,
				"bytes":	117571584,
				"bits_per_second":	940572672,
				"retransmits":	0,
				"omitted":	false,
				"sender":	true
			}
		}, {
			"streams":	[{
					"socket":	5,
					"start":	3.001065,
					"end":	4.000372,
					"seconds":	0.99930697679519653,
					"bytes":	117309440,
					"bits_per_second":	939126356.357198,
					"retransmits":	0,
					"snd_cwnd":	327248,
					"snd_wnd":	1162752,
					"rtt":	2257,
					"rttvar":	61,
					"pmtu":	1500,
					"omitted":	false,
					"sender":	true
				}],
			"sum":	{
				"start":	3.001065,
				"end":	4.000372,
				"seconds":	0.99930697679519653,
				"bytes":	117309440,
				"bits_per_second":	939126356.357198,
				"retransmits":	0,
				"omitted":	false,
				"sender":	true
			}
		}, {
			"streams":	[{
					"socket":	5,
					"start":	4.000372,
					"end":	5.001043,
					"seconds":	1.0006710290908813,
					"bytes":	117702656,
					"bits_per_second":	940989816.458933,
					"retransmits":	0,
					"snd_cwnd":	344624,
					"snd_wnd":	1162752,
					"rtt":	2355,
					"rttvar":	73,
					"pmtu":	1500,
					"omitted":	false,
					"sender":	true
				}],
			"sum":	{
				"start":	4.000372,
				"end":	5.001043,
				"seconds":	1.0006710290908813,
				"bytes":	117702656,
				"bits_per_second":	940989816.458933,
				"retransmits":	0,
				"omitted":	false,
				"sender":	true
			}
		}, {
			"streams":	[{
					"socket":	5,
					"start":	5.001043,
					"end":	6.000353,
					"seconds":	0.99931001663208,
					"bytes":	118226944,
					"bits_per_second":	946468599.591977,
					"retransmits":	0,
					"snd_cwnd":	344624,
					"snd_wnd":	1162752,
					"rtt":	2358,
					"rttvar":	69,
					"pmtu":	1500,
					"omitted":	false,
					"sender":	true
				}],
			"sum":	{
				"start":	5.001043,
				"end":	6.000353,
				"seconds":	0.99931001663208,
				"bytes":	118226944,
				"bits_per_second":	946468599.591977,
				"retransmits":	0,
				"omitted":	false,
				"sender":	true
			}
		}, {
			"streams":	[{
					"socket":	5,
					"start":	6.000353,
					"end":	7.00034,
					"seconds":	0.999987006187439,
					"bytes":	117047296,
					"bits_per_second":	936390535.28309941,
					"retransmits":	0,
					"snd_cwnd":	344624,
					"snd_wnd":	1162752,
					"rtt":	2362,
					"rttvar":	64,
					"pmtu":	1500,
					"omitted":	false,
					"sender":	true
				}],
			"sum":	{
				"start":	6.000353,
				"end":	7.00034,
				"seconds":	0.999987006187439,
				"bytes":	117047296,
				"bits_per_second":	936390535.28309941,
				"retransmits":	0,
				"omitted":	false,
				"sender":	true
			}
		}, {
			"streams":	[{
					"socket":	5,
					"start":	7.00034,
					"end":	8.000365,
					"seconds":	1.0000250339508057,
					"bytes":	118226944,
					"bits_per_second":	945791875.09272659,
					"retransmits":	0,
					"snd_cwnd":	344624,
					"snd_wnd":	1162752,
					"rtt":	2352,
					"rttvar":	66,
					"pmtu":	1500,
					"omitted":	false,
					"sender":	true
				}],
			"sum":	{
				"start":	7.00034,
				"end":	8.000365,
				"seconds":	1.0000250339508057,
				"bytes":	118226944,
				"bits_per_second":	945791875.09272659,
				"retransmits":	0,
				"omitted":	false,
				"sender":	true
			}
		}, {
			"streams":	[{
					"socket":	5,
					"start":	8.000365,
					"end":	9.001077,
					"seconds":	1.0007120370864868,
					"bytes":	117440512,
					"bits_per_second":	938855595.99679458,
					"retransmits":	0,
					"snd_cwnd":	344624,
					"snd_wnd":	1162752,
					"rtt":	2354,
					"rttvar":	66,
					"pmtu":	1500,
					"omitted":	false,
					"sender":	true
				}],
			"sum":	{
				"start":	8.000365,
				"end":	9.001077,
				"seconds":	1.0007120370864868,
				"bytes":	117440512,
				"bits_per_second":	938855595.99679458,
				"retransmits":	0,
				"omitted":	false,
				"sender":	true
			}
		}, {
			"streams":	[{
					"socket":	5,
					"start":	9.001077,
					"end":	10.001853,
					"seconds":	1.0007760524749756,
					"bytes":	117571584,
					"bits_per_second":	939843304.277626,
					"retransmits":	0,
					"snd_cwnd":	344624,
					"snd_wnd":	1162752,
					"rtt":	2357,
					"rttvar":	74,
					"pmtu":	1500,
					"omitted":	false,
					"sender":	true
				}],
			"sum":	{
				"start":	9.001077,
				"end":	10.001853,
				"seconds":	1.0007760524749756,
				"bytes":	117571584,
				"bits_per_second":	939843304.277626,
				"retransmits":	0,
				"omitted":	false,
				"sender":	true
			}
		}],
	"end":	{
		"streams":	[{
				"sender":	{
					"socket":	5,
					"start":	0,
					"end":	10.001853,
					"seconds":	10.001853,
					"bytes":	1178206208,
					"bits_per_second":	942390341.46972561,
					"retransmits":	0,
					"max_snd_cwnd":	344624,
					"max_snd_wnd":	1162752,
					"max_rtt":	2362,
					"min_rtt":	2257,
					"mean_rtt":	2335,
					"sender":	true
				},
				"receiver":	{
					"socket":	5,
					"start":	0,
					"end":	10.004383,
					"seconds":	10.001853,
					"bytes":	1177026560,
					"bits_per_second":	941208716.219681,
					"sender":	true
				}
			}],
		"sum_sent":	{
			"start":	0,
			"end":	10.001853,
			"seconds":	10.001853,
			"bytes":	1178206208,
			"bits_per_second":	942390341.46972561,
			"retransmits":	0,
			"sender":	true
		},
		"sum_received":	{
			"start":	0,
			"end":	10.004383,
			"seconds":	10.004383,
			"bytes":	1177026560,
			"bits_per_second":	941208716.219681,
			"sender":	true
		},
		"cpu_utilization_percent":	{
			"host_total":	2.99222988285732,
			"host_user":	0.083438572297295066,
			"host_system":	2.9088412618125972,
			"remote_total":	6.6745071509934943,
			"remote_user":	0.651977653220296,
			"remote_system":	6.02247952018315
		},
		"sender_tcp_congestion":	"cubic",
		"receiver_tcp_congestion":	"cubic"
	}
}
